Java HotSpot(TM) 64-Bit Server VM (25.131-b11) for windows-amd64 JRE (1.8.0_131-b11), built on Mar 15 2017 01:23:53 by "java_re" with MS VC++ 10.0 (VS2010)
Memory: 4k page, physical 16683776k(8928456k free), swap 22975232k(12970604k free)
CommandLine flags: -XX:InitialHeapSize=16777216 -XX:MaxHeapSize=16777216 -XX:+PrintGC -XX:+PrintGCDateStamps -XX:+PrintGCDetails -XX:+PrintGCTimeStamps -XX:+PrintHeapAtGC -XX:+PrintTenuringDistribution -XX:+UseCompressedClassPointers -XX:+UseCompressedOops -XX:-UseLargePagesIndividualAllocation -XX:+UseParallelGC 
{Heap before GC invocations=1 (full 0):
 PSYoungGen      total 4608K, used 4096K [0x00000000ffb00000, 0x0000000100000000, 0x0000000100000000)
  eden space 4096K, 100% used [0x00000000ffb00000,0x00000000fff00000,0x00000000fff00000)
  from space 512K, 0% used [0x00000000fff80000,0x00000000fff80000,0x0000000100000000)
  to   space 512K, 0% used [0x00000000fff00000,0x00000000fff00000,0x00000000fff80000)
 ParOldGen       total 11264K, used 0K [0x00000000ff000000, 0x00000000ffb00000, 0x00000000ffb00000)
  object space 11264K, 0% used [0x00000000ff000000,0x00000000ff000000,0x00000000ffb00000)
 Metaspace       used 3378K, capacity 4556K, committed 4864K, reserved 1056768K
  class space    used 361K, capacity 392K, committed 512K, reserved 1048576K
2020-04-16T14:21:45.393+0800: 0.435: [GC (Allocation Failure) 
Desired survivor size 524288 bytes, new threshold 7 (max 15)
[PSYoungGen: 4096K->497K(4608K)] 4096K->1210K(15872K), 0.0057085 secs] [Times: user=0.00 sys=0.00, real=0.01 secs] 
Heap after GC invocations=1 (full 0):
 PSYoungGen      total 4608K, used 497K [0x00000000ffb00000, 0x0000000100000000, 0x0000000100000000)
  eden space 4096K, 0% used [0x00000000ffb00000,0x00000000ffb00000,0x00000000fff00000)
  from space 512K, 97% used [0x00000000fff00000,0x00000000fff7c6c0,0x00000000fff80000)
  to   space 512K, 0% used [0x00000000fff80000,0x00000000fff80000,0x0000000100000000)
 ParOldGen       total 11264K, used 712K [0x00000000ff000000, 0x00000000ffb00000, 0x00000000ffb00000)
  object space 11264K, 6% used [0x00000000ff000000,0x00000000ff0b21d0,0x00000000ffb00000)
 Metaspace       used 3378K, capacity 4556K, committed 4864K, reserved 1056768K
  class space    used 361K, capacity 392K, committed 512K, reserved 1048576K
}
{Heap before GC invocations=2 (full 0):
 PSYoungGen      total 4608K, used 1141K [0x00000000ffb00000, 0x0000000100000000, 0x0000000100000000)
  eden space 4096K, 15% used [0x00000000ffb00000,0x00000000ffba0f08,0x00000000fff00000)
  from space 512K, 97% used [0x00000000fff00000,0x00000000fff7c6c0,0x00000000fff80000)
  to   space 512K, 0% used [0x00000000fff80000,0x00000000fff80000,0x0000000100000000)
 ParOldGen       total 11264K, used 712K [0x00000000ff000000, 0x00000000ffb00000, 0x00000000ffb00000)
  object space 11264K, 6% used [0x00000000ff000000,0x00000000ff0b21d0,0x00000000ffb00000)
 Metaspace       used 3388K, capacity 4556K, committed 4864K, reserved 1056768K
  class space    used 361K, capacity 392K, committed 512K, reserved 1048576K
2020-04-16T14:21:45.403+0800: 0.445: [GC (System.gc()) 
Desired survivor size 524288 bytes, new threshold 7 (max 15)
[PSYoungGen: 1141K->512K(4608K)] 1853K->1496K(15872K), 0.0010607 secs] [Times: user=0.00 sys=0.00, real=0.00 secs] 
Heap after GC invocations=2 (full 0):
 PSYoungGen      total 4608K, used 512K [0x00000000ffb00000, 0x0000000100000000, 0x0000000100000000)
  eden space 4096K, 0% used [0x00000000ffb00000,0x00000000ffb00000,0x00000000fff00000)
  from space 512K, 100% used [0x00000000fff80000,0x0000000100000000,0x0000000100000000)
  to   space 512K, 0% used [0x00000000fff00000,0x00000000fff00000,0x00000000fff80000)
 ParOldGen       total 11264K, used 984K [0x00000000ff000000, 0x00000000ffb00000, 0x00000000ffb00000)
  object space 11264K, 8% used [0x00000000ff000000,0x00000000ff0f61d0,0x00000000ffb00000)
 Metaspace       used 3388K, capacity 4556K, committed 4864K, reserved 1056768K
  class space    used 361K, capacity 392K, committed 512K, reserved 1048576K
}
{Heap before GC invocations=3 (full 1):
 PSYoungGen      total 4608K, used 512K [0x00000000ffb00000, 0x0000000100000000, 0x0000000100000000)
  eden space 4096K, 0% used [0x00000000ffb00000,0x00000000ffb00000,0x00000000fff00000)
  from space 512K, 100% used [0x00000000fff80000,0x0000000100000000,0x0000000100000000)
  to   space 512K, 0% used [0x00000000fff00000,0x00000000fff00000,0x00000000fff80000)
 ParOldGen       total 11264K, used 984K [0x00000000ff000000, 0x00000000ffb00000, 0x00000000ffb00000)
  object space 11264K, 8% used [0x00000000ff000000,0x00000000ff0f61d0,0x00000000ffb00000)
 Metaspace       used 3388K, capacity 4556K, committed 4864K, reserved 1056768K
  class space    used 361K, capacity 392K, committed 512K, reserved 1048576K
2020-04-16T14:21:45.404+0800: 0.446: [Full GC (System.gc()) [PSYoungGen: 512K->0K(4608K)] [ParOldGen: 984K->1257K(11264K)] 1496K->1257K(15872K), [Metaspace: 3388K->3388K(1056768K)], 0.0086471 secs] [Times: user=0.03 sys=0.02, real=0.01 secs] 
Heap after GC invocations=3 (full 1):
 PSYoungGen      total 4608K, used 0K [0x00000000ffb00000, 0x0000000100000000, 0x0000000100000000)
  eden space 4096K, 0% used [0x00000000ffb00000,0x00000000ffb00000,0x00000000fff00000)
  from space 512K, 0% used [0x00000000fff80000,0x00000000fff80000,0x0000000100000000)
  to   space 512K, 0% used [0x00000000fff00000,0x00000000fff00000,0x00000000fff80000)
 ParOldGen       total 11264K, used 1257K [0x00000000ff000000, 0x00000000ffb00000, 0x00000000ffb00000)
  object space 11264K, 11% used [0x00000000ff000000,0x00000000ff13a608,0x00000000ffb00000)
 Metaspace       used 3388K, capacity 4556K, committed 4864K, reserved 1056768K
  class space    used 361K, capacity 392K, committed 512K, reserved 1048576K
}
{Heap before GC invocations=4 (full 1):
 PSYoungGen      total 4608K, used 684K [0x00000000ffb00000, 0x0000000100000000, 0x0000000100000000)
  eden space 4096K, 16% used [0x00000000ffb00000,0x00000000ffbab1c0,0x00000000fff00000)
  from space 512K, 0% used [0x00000000fff80000,0x00000000fff80000,0x0000000100000000)
  to   space 512K, 0% used [0x00000000fff00000,0x00000000fff00000,0x00000000fff80000)
 ParOldGen       total 11264K, used 1257K [0x00000000ff000000, 0x00000000ffb00000, 0x00000000ffb00000)
  object space 11264K, 11% used [0x00000000ff000000,0x00000000ff13a608,0x00000000ffb00000)
 Metaspace       used 3390K, capacity 4556K, committed 4864K, reserved 1056768K
  class space    used 361K, capacity 392K, committed 512K, reserved 1048576K
2020-04-16T14:21:45.492+0800: 0.534: [GC (System.gc()) 
Desired survivor size 524288 bytes, new threshold 7 (max 15)
[PSYoungGen: 684K->352K(4608K)] 1941K->1617K(15872K), 0.0007413 secs] [Times: user=0.00 sys=0.00, real=0.00 secs] 
Heap after GC invocations=4 (full 1):
 PSYoungGen      total 4608K, used 352K [0x00000000ffb00000, 0x0000000100000000, 0x0000000100000000)
  eden space 4096K, 0% used [0x00000000ffb00000,0x00000000ffb00000,0x00000000fff00000)
  from space 512K, 68% used [0x00000000fff00000,0x00000000fff58000,0x00000000fff80000)
  to   space 512K, 0% used [0x00000000fff80000,0x00000000fff80000,0x0000000100000000)
 ParOldGen       total 11264K, used 1265K [0x00000000ff000000, 0x00000000ffb00000, 0x00000000ffb00000)
  object space 11264K, 11% used [0x00000000ff000000,0x00000000ff13c608,0x00000000ffb00000)
 Metaspace       used 3390K, capacity 4556K, committed 4864K, reserved 1056768K
  class space    used 361K, capacity 392K, committed 512K, reserved 1048576K
}
{Heap before GC invocations=5 (full 2):
 PSYoungGen      total 4608K, used 352K [0x00000000ffb00000, 0x0000000100000000, 0x0000000100000000)
  eden space 4096K, 0% used [0x00000000ffb00000,0x00000000ffb00000,0x00000000fff00000)
  from space 512K, 68% used [0x00000000fff00000,0x00000000fff58000,0x00000000fff80000)
  to   space 512K, 0% used [0x00000000fff80000,0x00000000fff80000,0x0000000100000000)
 ParOldGen       total 11264K, used 1265K [0x00000000ff000000, 0x00000000ffb00000, 0x00000000ffb00000)
  object space 11264K, 11% used [0x00000000ff000000,0x00000000ff13c608,0x00000000ffb00000)
 Metaspace       used 3390K, capacity 4556K, committed 4864K, reserved 1056768K
  class space    used 361K, capacity 392K, committed 512K, reserved 1048576K
2020-04-16T14:21:45.493+0800: 0.535: [Full GC (System.gc()) [PSYoungGen: 352K->0K(4608K)] [ParOldGen: 1265K->1481K(11264K)] 1617K->1481K(15872K), [Metaspace: 3390K->3390K(1056768K)], 0.0124158 secs] [Times: user=0.05 sys=0.00, real=0.01 secs] 
Heap after GC invocations=5 (full 2):
 PSYoungGen      total 4608K, used 0K [0x00000000ffb00000, 0x0000000100000000, 0x0000000100000000)
  eden space 4096K, 0% used [0x00000000ffb00000,0x00000000ffb00000,0x00000000fff00000)
  from space 512K, 0% used [0x00000000fff00000,0x00000000fff00000,0x00000000fff80000)
  to   space 512K, 0% used [0x00000000fff80000,0x00000000fff80000,0x0000000100000000)
 ParOldGen       total 11264K, used 1481K [0x00000000ff000000, 0x00000000ffb00000, 0x00000000ffb00000)
  object space 11264K, 13% used [0x00000000ff000000,0x00000000ff1725a0,0x00000000ffb00000)
 Metaspace       used 3390K, capacity 4556K, committed 4864K, reserved 1056768K
  class space    used 361K, capacity 392K, committed 512K, reserved 1048576K
}
{Heap before GC invocations=6 (full 2):
 PSYoungGen      total 4608K, used 577K [0x00000000ffb00000, 0x0000000100000000, 0x0000000100000000)
  eden space 4096K, 14% used [0x00000000ffb00000,0x00000000ffb90758,0x00000000fff00000)
  from space 512K, 0% used [0x00000000fff00000,0x00000000fff00000,0x00000000fff80000)
  to   space 512K, 0% used [0x00000000fff80000,0x00000000fff80000,0x0000000100000000)
 ParOldGen       total 11264K, used 1481K [0x00000000ff000000, 0x00000000ffb00000, 0x00000000ffb00000)
  object space 11264K, 13% used [0x00000000ff000000,0x00000000ff1725a0,0x00000000ffb00000)
 Metaspace       used 3390K, capacity 4556K, committed 4864K, reserved 1056768K
  class space    used 361K, capacity 392K, committed 512K, reserved 1048576K
2020-04-16T14:21:45.524+0800: 0.566: [GC (System.gc()) 
Desired survivor size 524288 bytes, new threshold 7 (max 15)
[PSYoungGen: 577K->352K(4608K)] 2059K->1833K(15872K), 0.0006985 secs] [Times: user=0.00 sys=0.00, real=0.00 secs] 
Heap after GC invocations=6 (full 2):
 PSYoungGen      total 4608K, used 352K [0x00000000ffb00000, 0x0000000100000000, 0x0000000100000000)
  eden space 4096K, 0% used [0x00000000ffb00000,0x00000000ffb00000,0x00000000fff00000)
  from space 512K, 68% used [0x00000000fff80000,0x00000000fffd8000,0x0000000100000000)
  to   space 512K, 0% used [0x00000000fff00000,0x00000000fff00000,0x00000000fff80000)
 ParOldGen       total 11264K, used 1481K [0x00000000ff000000, 0x00000000ffb00000, 0x00000000ffb00000)
  object space 11264K, 13% used [0x00000000ff000000,0x00000000ff1725a0,0x00000000ffb00000)
 Metaspace       used 3390K, capacity 4556K, committed 4864K, reserved 1056768K
  class space    used 361K, capacity 392K, committed 512K, reserved 1048576K
}
{Heap before GC invocations=7 (full 3):
 PSYoungGen      total 4608K, used 352K [0x00000000ffb00000, 0x0000000100000000, 0x0000000100000000)
  eden space 4096K, 0% used [0x00000000ffb00000,0x00000000ffb00000,0x00000000fff00000)
  from space 512K, 68% used [0x00000000fff80000,0x00000000fffd8000,0x0000000100000000)
  to   space 512K, 0% used [0x00000000fff00000,0x00000000fff00000,0x00000000fff80000)
 ParOldGen       total 11264K, used 1481K [0x00000000ff000000, 0x00000000ffb00000, 0x00000000ffb00000)
  object space 11264K, 13% used [0x00000000ff000000,0x00000000ff1725a0,0x00000000ffb00000)
 Metaspace       used 3390K, capacity 4556K, committed 4864K, reserved 1056768K
  class space    used 361K, capacity 392K, committed 512K, reserved 1048576K
2020-04-16T14:21:45.524+0800: 0.567: [Full GC (System.gc()) [PSYoungGen: 352K->0K(4608K)] [ParOldGen: 1481K->1767K(11264K)] 1833K->1767K(15872K), [Metaspace: 3390K->3390K(1056768K)], 0.0125884 secs] [Times: user=0.05 sys=0.00, real=0.01 secs] 
Heap after GC invocations=7 (full 3):
 PSYoungGen      total 4608K, used 0K [0x00000000ffb00000, 0x0000000100000000, 0x0000000100000000)
  eden space 4096K, 0% used [0x00000000ffb00000,0x00000000ffb00000,0x00000000fff00000)
  from space 512K, 0% used [0x00000000fff80000,0x00000000fff80000,0x0000000100000000)
  to   space 512K, 0% used [0x00000000fff00000,0x00000000fff00000,0x00000000fff80000)
 ParOldGen       total 11264K, used 1767K [0x00000000ff000000, 0x00000000ffb00000, 0x00000000ffb00000)
  object space 11264K, 15% used [0x00000000ff000000,0x00000000ff1b9e70,0x00000000ffb00000)
 Metaspace       used 3390K, capacity 4556K, committed 4864K, reserved 1056768K
  class space    used 361K, capacity 392K, committed 512K, reserved 1048576K
}
{Heap before GC invocations=8 (full 3):
 PSYoungGen      total 4608K, used 561K [0x00000000ffb00000, 0x0000000100000000, 0x0000000100000000)
  eden space 4096K, 13% used [0x00000000ffb00000,0x00000000ffb8c740,0x00000000fff00000)
  from space 512K, 0% used [0x00000000fff80000,0x00000000fff80000,0x0000000100000000)
  to   space 512K, 0% used [0x00000000fff00000,0x00000000fff00000,0x00000000fff80000)
 ParOldGen       total 11264K, used 1767K [0x00000000ff000000, 0x00000000ffb00000, 0x00000000ffb00000)
  object space 11264K, 15% used [0x00000000ff000000,0x00000000ff1b9e70,0x00000000ffb00000)
 Metaspace       used 3390K, capacity 4556K, committed 4864K, reserved 1056768K
  class space    used 361K, capacity 392K, committed 512K, reserved 1048576K
2020-04-16T14:21:45.645+0800: 0.687: [GC (System.gc()) 
Desired survivor size 524288 bytes, new threshold 7 (max 15)
[PSYoungGen: 561K->320K(4608K)] 2329K->2087K(15872K), 0.0006032 secs] [Times: user=0.00 sys=0.00, real=0.00 secs] 
Heap after GC invocations=8 (full 3):
 PSYoungGen      total 4608K, used 320K [0x00000000ffb00000, 0x0000000100000000, 0x0000000100000000)
  eden space 4096K, 0% used [0x00000000ffb00000,0x00000000ffb00000,0x00000000fff00000)
  from space 512K, 62% used [0x00000000fff00000,0x00000000fff50000,0x00000000fff80000)
  to   space 512K, 0% used [0x00000000fff80000,0x00000000fff80000,0x0000000100000000)
 ParOldGen       total 11264K, used 1767K [0x00000000ff000000, 0x00000000ffb00000, 0x00000000ffb00000)
  object space 11264K, 15% used [0x00000000ff000000,0x00000000ff1b9e70,0x00000000ffb00000)
 Metaspace       used 3390K, capacity 4556K, committed 4864K, reserved 1056768K
  class space    used 361K, capacity 392K, committed 512K, reserved 1048576K
}
{Heap before GC invocations=9 (full 4):
 PSYoungGen      total 4608K, used 320K [0x00000000ffb00000, 0x0000000100000000, 0x0000000100000000)
  eden space 4096K, 0% used [0x00000000ffb00000,0x00000000ffb00000,0x00000000fff00000)
  from space 512K, 62% used [0x00000000fff00000,0x00000000fff50000,0x00000000fff80000)
  to   space 512K, 0% used [0x00000000fff80000,0x00000000fff80000,0x0000000100000000)
 ParOldGen       total 11264K, used 1767K [0x00000000ff000000, 0x00000000ffb00000, 0x00000000ffb00000)
  object space 11264K, 15% used [0x00000000ff000000,0x00000000ff1b9e70,0x00000000ffb00000)
 Metaspace       used 3390K, capacity 4556K, committed 4864K, reserved 1056768K
  class space    used 361K, capacity 392K, committed 512K, reserved 1048576K
2020-04-16T14:21:45.646+0800: 0.688: [Full GC (System.gc()) [PSYoungGen: 320K->0K(4608K)] [ParOldGen: 1767K->2048K(11264K)] 2087K->2048K(15872K), [Metaspace: 3390K->3390K(1056768K)], 0.0056692 secs] [Times: user=0.00 sys=0.00, real=0.01 secs] 
Heap after GC invocations=9 (full 4):
 PSYoungGen      total 4608K, used 0K [0x00000000ffb00000, 0x0000000100000000, 0x0000000100000000)
  eden space 4096K, 0% used [0x00000000ffb00000,0x00000000ffb00000,0x00000000fff00000)
  from space 512K, 0% used [0x00000000fff00000,0x00000000fff00000,0x00000000fff80000)
  to   space 512K, 0% used [0x00000000fff80000,0x00000000fff80000,0x0000000100000000)
 ParOldGen       total 11264K, used 2048K [0x00000000ff000000, 0x00000000ffb00000, 0x00000000ffb00000)
  object space 11264K, 18% used [0x00000000ff000000,0x00000000ff200320,0x00000000ffb00000)
 Metaspace       used 3390K, capacity 4556K, committed 4864K, reserved 1056768K
  class space    used 361K, capacity 392K, committed 512K, reserved 1048576K
}
{Heap before GC invocations=10 (full 4):
 PSYoungGen      total 4608K, used 562K [0x00000000ffb00000, 0x0000000100000000, 0x0000000100000000)
  eden space 4096K, 13% used [0x00000000ffb00000,0x00000000ffb8c838,0x00000000fff00000)
  from space 512K, 0% used [0x00000000fff00000,0x00000000fff00000,0x00000000fff80000)
  to   space 512K, 0% used [0x00000000fff80000,0x00000000fff80000,0x0000000100000000)
 ParOldGen       total 11264K, used 2048K [0x00000000ff000000, 0x00000000ffb00000, 0x00000000ffb00000)
  object space 11264K, 18% used [0x00000000ff000000,0x00000000ff200320,0x00000000ffb00000)
 Metaspace       used 3390K, capacity 4556K, committed 4864K, reserved 1056768K
  class space    used 361K, capacity 392K, committed 512K, reserved 1048576K
2020-04-16T14:21:45.803+0800: 0.845: [GC (System.gc()) 
Desired survivor size 524288 bytes, new threshold 7 (max 15)
[PSYoungGen: 562K->384K(4608K)] 2610K->2432K(15872K), 0.0006188 secs] [Times: user=0.00 sys=0.00, real=0.00 secs] 
Heap after GC invocations=10 (full 4):
 PSYoungGen      total 4608K, used 384K [0x00000000ffb00000, 0x0000000100000000, 0x0000000100000000)
  eden space 4096K, 0% used [0x00000000ffb00000,0x00000000ffb00000,0x00000000fff00000)
  from space 512K, 75% used [0x00000000fff80000,0x00000000fffe0000,0x0000000100000000)
  to   space 512K, 0% used [0x00000000fff00000,0x00000000fff00000,0x00000000fff80000)
 ParOldGen       total 11264K, used 2048K [0x00000000ff000000, 0x00000000ffb00000, 0x00000000ffb00000)
  object space 11264K, 18% used [0x00000000ff000000,0x00000000ff200320,0x00000000ffb00000)
 Metaspace       used 3390K, capacity 4556K, committed 4864K, reserved 1056768K
  class space    used 361K, capacity 392K, committed 512K, reserved 1048576K
}
{Heap before GC invocations=11 (full 5):
 PSYoungGen      total 4608K, used 384K [0x00000000ffb00000, 0x0000000100000000, 0x0000000100000000)
  eden space 4096K, 0% used [0x00000000ffb00000,0x00000000ffb00000,0x00000000fff00000)
  from space 512K, 75% used [0x00000000fff80000,0x00000000fffe0000,0x0000000100000000)
  to   space 512K, 0% used [0x00000000fff00000,0x00000000fff00000,0x00000000fff80000)
 ParOldGen       total 11264K, used 2048K [0x00000000ff000000, 0x00000000ffb00000, 0x00000000ffb00000)
  object space 11264K, 18% used [0x00000000ff000000,0x00000000ff200320,0x00000000ffb00000)
 Metaspace       used 3390K, capacity 4556K, committed 4864K, reserved 1056768K
  class space    used 361K, capacity 392K, committed 512K, reserved 1048576K
2020-04-16T14:21:45.804+0800: 0.846: [Full GC (System.gc()) [PSYoungGen: 384K->0K(4608K)] [ParOldGen: 2048K->2338K(11264K)] 2432K->2338K(15872K), [Metaspace: 3390K->3390K(1056768K)], 0.0085196 secs] [Times: user=0.05 sys=0.00, real=0.01 secs] 
Heap after GC invocations=11 (full 5):
 PSYoungGen      total 4608K, used 0K [0x00000000ffb00000, 0x0000000100000000, 0x0000000100000000)
  eden space 4096K, 0% used [0x00000000ffb00000,0x00000000ffb00000,0x00000000fff00000)
  from space 512K, 0% used [0x00000000fff80000,0x00000000fff80000,0x0000000100000000)
  to   space 512K, 0% used [0x00000000fff00000,0x00000000fff00000,0x00000000fff80000)
 ParOldGen       total 11264K, used 2338K [0x00000000ff000000, 0x00000000ffb00000, 0x00000000ffb00000)
  object space 11264K, 20% used [0x00000000ff000000,0x00000000ff248858,0x00000000ffb00000)
 Metaspace       used 3390K, capacity 4556K, committed 4864K, reserved 1056768K
  class space    used 361K, capacity 392K, committed 512K, reserved 1048576K
}
{Heap before GC invocations=12 (full 5):
 PSYoungGen      total 4608K, used 561K [0x00000000ffb00000, 0x0000000100000000, 0x0000000100000000)
  eden space 4096K, 13% used [0x00000000ffb00000,0x00000000ffb8c788,0x00000000fff00000)
  from space 512K, 0% used [0x00000000fff80000,0x00000000fff80000,0x0000000100000000)
  to   space 512K, 0% used [0x00000000fff00000,0x00000000fff00000,0x00000000fff80000)
 ParOldGen       total 11264K, used 2338K [0x00000000ff000000, 0x00000000ffb00000, 0x00000000ffb00000)
  object space 11264K, 20% used [0x00000000ff000000,0x00000000ff248858,0x00000000ffb00000)
 Metaspace       used 3390K, capacity 4556K, committed 4864K, reserved 1056768K
  class space    used 361K, capacity 392K, committed 512K, reserved 1048576K
2020-04-16T14:21:45.839+0800: 0.881: [GC (System.gc()) 
Desired survivor size 524288 bytes, new threshold 7 (max 15)
[PSYoungGen: 561K->320K(4608K)] 2899K->2658K(15872K), 0.0005954 secs] [Times: user=0.00 sys=0.00, real=0.00 secs] 
Heap after GC invocations=12 (full 5):
 PSYoungGen      total 4608K, used 320K [0x00000000ffb00000, 0x0000000100000000, 0x0000000100000000)
  eden space 4096K, 0% used [0x00000000ffb00000,0x00000000ffb00000,0x00000000fff00000)
  from space 512K, 62% used [0x00000000fff00000,0x00000000fff50000,0x00000000fff80000)
  to   space 512K, 0% used [0x00000000fff80000,0x00000000fff80000,0x0000000100000000)
 ParOldGen       total 11264K, used 2338K [0x00000000ff000000, 0x00000000ffb00000, 0x00000000ffb00000)
  object space 11264K, 20% used [0x00000000ff000000,0x00000000ff248858,0x00000000ffb00000)
 Metaspace       used 3390K, capacity 4556K, committed 4864K, reserved 1056768K
  class space    used 361K, capacity 392K, committed 512K, reserved 1048576K
}
{Heap before GC invocations=13 (full 6):
 PSYoungGen      total 4608K, used 320K [0x00000000ffb00000, 0x0000000100000000, 0x0000000100000000)
  eden space 4096K, 0% used [0x00000000ffb00000,0x00000000ffb00000,0x00000000fff00000)
  from space 512K, 62% used [0x00000000fff00000,0x00000000fff50000,0x00000000fff80000)
  to   space 512K, 0% used [0x00000000fff80000,0x00000000fff80000,0x0000000100000000)
 ParOldGen       total 11264K, used 2338K [0x00000000ff000000, 0x00000000ffb00000, 0x00000000ffb00000)
  object space 11264K, 20% used [0x00000000ff000000,0x00000000ff248858,0x00000000ffb00000)
 Metaspace       used 3390K, capacity 4556K, committed 4864K, reserved 1056768K
  class space    used 361K, capacity 392K, committed 512K, reserved 1048576K
2020-04-16T14:21:45.840+0800: 0.882: [Full GC (System.gc()) [PSYoungGen: 320K->0K(4608K)] [ParOldGen: 2338K->2619K(11264K)] 2658K->2619K(15872K), [Metaspace: 3390K->3390K(1056768K)], 0.0065366 secs] [Times: user=0.02 sys=0.00, real=0.01 secs] 
Heap after GC invocations=13 (full 6):
 PSYoungGen      total 4608K, used 0K [0x00000000ffb00000, 0x0000000100000000, 0x0000000100000000)
  eden space 4096K, 0% used [0x00000000ffb00000,0x00000000ffb00000,0x00000000fff00000)
  from space 512K, 0% used [0x00000000fff00000,0x00000000fff00000,0x00000000fff80000)
  to   space 512K, 0% used [0x00000000fff80000,0x00000000fff80000,0x0000000100000000)
 ParOldGen       total 11264K, used 2619K [0x00000000ff000000, 0x00000000ffb00000, 0x00000000ffb00000)
  object space 11264K, 23% used [0x00000000ff000000,0x00000000ff28eee0,0x00000000ffb00000)
 Metaspace       used 3390K, capacity 4556K, committed 4864K, reserved 1056768K
  class space    used 361K, capacity 392K, committed 512K, reserved 1048576K
}
{Heap before GC invocations=14 (full 6):
 PSYoungGen      total 4608K, used 598K [0x00000000ffb00000, 0x0000000100000000, 0x0000000100000000)
  eden space 4096K, 14% used [0x00000000ffb00000,0x00000000ffb95a08,0x00000000fff00000)
  from space 512K, 0% used [0x00000000fff00000,0x00000000fff00000,0x00000000fff80000)
  to   space 512K, 0% used [0x00000000fff80000,0x00000000fff80000,0x0000000100000000)
 ParOldGen       total 11264K, used 2619K [0x00000000ff000000, 0x00000000ffb00000, 0x00000000ffb00000)
  object space 11264K, 23% used [0x00000000ff000000,0x00000000ff28eee0,0x00000000ffb00000)
 Metaspace       used 3390K, capacity 4556K, committed 4864K, reserved 1056768K
  class space    used 361K, capacity 392K, committed 512K, reserved 1048576K
2020-04-16T14:21:46.014+0800: 1.056: [GC (System.gc()) 
Desired survivor size 524288 bytes, new threshold 7 (max 15)
[PSYoungGen: 598K->388K(4608K)] 3218K->3008K(15872K), 0.0005522 secs] [Times: user=0.00 sys=0.00, real=0.00 secs] 
Heap after GC invocations=14 (full 6):
 PSYoungGen      total 4608K, used 388K [0x00000000ffb00000, 0x0000000100000000, 0x0000000100000000)
  eden space 4096K, 0% used [0x00000000ffb00000,0x00000000ffb00000,0x00000000fff00000)
  from space 512K, 75% used [0x00000000fff80000,0x00000000fffe1278,0x0000000100000000)
  to   space 512K, 0% used [0x00000000fff00000,0x00000000fff00000,0x00000000fff80000)
 ParOldGen       total 11264K, used 2619K [0x00000000ff000000, 0x00000000ffb00000, 0x00000000ffb00000)
  object space 11264K, 23% used [0x00000000ff000000,0x00000000ff28eee0,0x00000000ffb00000)
 Metaspace       used 3390K, capacity 4556K, committed 4864K, reserved 1056768K
  class space    used 361K, capacity 392K, committed 512K, reserved 1048576K
}
{Heap before GC invocations=15 (full 7):
 PSYoungGen      total 4608K, used 388K [0x00000000ffb00000, 0x0000000100000000, 0x0000000100000000)
  eden space 4096K, 0% used [0x00000000ffb00000,0x00000000ffb00000,0x00000000fff00000)
  from space 512K, 75% used [0x00000000fff80000,0x00000000fffe1278,0x0000000100000000)
  to   space 512K, 0% used [0x00000000fff00000,0x00000000fff00000,0x00000000fff80000)
 ParOldGen       total 11264K, used 2619K [0x00000000ff000000, 0x00000000ffb00000, 0x00000000ffb00000)
  object space 11264K, 23% used [0x00000000ff000000,0x00000000ff28eee0,0x00000000ffb00000)
 Metaspace       used 3390K, capacity 4556K, committed 4864K, reserved 1056768K
  class space    used 361K, capacity 392K, committed 512K, reserved 1048576K
2020-04-16T14:21:46.015+0800: 1.057: [Full GC (System.gc()) [PSYoungGen: 388K->0K(4608K)] [ParOldGen: 2619K->2913K(11264K)] 3008K->2913K(15872K), [Metaspace: 3390K->3390K(1056768K)], 0.0102294 secs] [Times: user=0.00 sys=0.00, real=0.01 secs] 
Heap after GC invocations=15 (full 7):
 PSYoungGen      total 4608K, used 0K [0x00000000ffb00000, 0x0000000100000000, 0x0000000100000000)
  eden space 4096K, 0% used [0x00000000ffb00000,0x00000000ffb00000,0x00000000fff00000)
  from space 512K, 0% used [0x00000000fff80000,0x00000000fff80000,0x0000000100000000)
  to   space 512K, 0% used [0x00000000fff00000,0x00000000fff00000,0x00000000fff80000)
 ParOldGen       total 11264K, used 2913K [0x00000000ff000000, 0x00000000ffb00000, 0x00000000ffb00000)
  object space 11264K, 25% used [0x00000000ff000000,0x00000000ff2d8578,0x00000000ffb00000)
 Metaspace       used 3390K, capacity 4556K, committed 4864K, reserved 1056768K
  class space    used 361K, capacity 392K, committed 512K, reserved 1048576K
}
{Heap before GC invocations=16 (full 7):
 PSYoungGen      total 4608K, used 561K [0x00000000ffb00000, 0x0000000100000000, 0x0000000100000000)
  eden space 4096K, 13% used [0x00000000ffb00000,0x00000000ffb8c778,0x00000000fff00000)
  from space 512K, 0% used [0x00000000fff80000,0x00000000fff80000,0x0000000100000000)
  to   space 512K, 0% used [0x00000000fff00000,0x00000000fff00000,0x00000000fff80000)
 ParOldGen       total 11264K, used 2913K [0x00000000ff000000, 0x00000000ffb00000, 0x00000000ffb00000)
  object space 11264K, 25% used [0x00000000ff000000,0x00000000ff2d8578,0x00000000ffb00000)
 Metaspace       used 3390K, capacity 4556K, committed 4864K, reserved 1056768K
  class space    used 361K, capacity 392K, committed 512K, reserved 1048576K
2020-04-16T14:21:46.111+0800: 1.153: [GC (System.gc()) 
Desired survivor size 524288 bytes, new threshold 7 (max 15)
[PSYoungGen: 561K->320K(4608K)] 3475K->3233K(15872K), 0.0006662 secs] [Times: user=0.00 sys=0.00, real=0.00 secs] 
Heap after GC invocations=16 (full 7):
 PSYoungGen      total 4608K, used 320K [0x00000000ffb00000, 0x0000000100000000, 0x0000000100000000)
  eden space 4096K, 0% used [0x00000000ffb00000,0x00000000ffb00000,0x00000000fff00000)
  from space 512K, 62% used [0x00000000fff00000,0x00000000fff50000,0x00000000fff80000)
  to   space 512K, 0% used [0x00000000fff80000,0x00000000fff80000,0x0000000100000000)
 ParOldGen       total 11264K, used 2913K [0x00000000ff000000, 0x00000000ffb00000, 0x00000000ffb00000)
  object space 11264K, 25% used [0x00000000ff000000,0x00000000ff2d8578,0x00000000ffb00000)
 Metaspace       used 3390K, capacity 4556K, committed 4864K, reserved 1056768K
  class space    used 361K, capacity 392K, committed 512K, reserved 1048576K
}
{Heap before GC invocations=17 (full 8):
 PSYoungGen      total 4608K, used 320K [0x00000000ffb00000, 0x0000000100000000, 0x0000000100000000)
  eden space 4096K, 0% used [0x00000000ffb00000,0x00000000ffb00000,0x00000000fff00000)
  from space 512K, 62% used [0x00000000fff00000,0x00000000fff50000,0x00000000fff80000)
  to   space 512K, 0% used [0x00000000fff80000,0x00000000fff80000,0x0000000100000000)
 ParOldGen       total 11264K, used 2913K [0x00000000ff000000, 0x00000000ffb00000, 0x00000000ffb00000)
  object space 11264K, 25% used [0x00000000ff000000,0x00000000ff2d8578,0x00000000ffb00000)
 Metaspace       used 3390K, capacity 4556K, committed 4864K, reserved 1056768K
  class space    used 361K, capacity 392K, committed 512K, reserved 1048576K
2020-04-16T14:21:46.112+0800: 1.154: [Full GC (System.gc()) [PSYoungGen: 320K->0K(4608K)] [ParOldGen: 2913K->3194K(11264K)] 3233K->3194K(15872K), [Metaspace: 3390K->3390K(1056768K)], 0.0070740 secs] [Times: user=0.00 sys=0.00, real=0.01 secs] 
Heap after GC invocations=17 (full 8):
 PSYoungGen      total 4608K, used 0K [0x00000000ffb00000, 0x0000000100000000, 0x0000000100000000)
  eden space 4096K, 0% used [0x00000000ffb00000,0x00000000ffb00000,0x00000000fff00000)
  from space 512K, 0% used [0x00000000fff00000,0x00000000fff00000,0x00000000fff80000)
  to   space 512K, 0% used [0x00000000fff80000,0x00000000fff80000,0x0000000100000000)
 ParOldGen       total 11264K, used 3194K [0x00000000ff000000, 0x00000000ffb00000, 0x00000000ffb00000)
  object space 11264K, 28% used [0x00000000ff000000,0x00000000ff31ea28,0x00000000ffb00000)
 Metaspace       used 3390K, capacity 4556K, committed 4864K, reserved 1056768K
  class space    used 361K, capacity 392K, committed 512K, reserved 1048576K
}
{Heap before GC invocations=18 (full 8):
 PSYoungGen      total 4608K, used 561K [0x00000000ffb00000, 0x0000000100000000, 0x0000000100000000)
  eden space 4096K, 13% used [0x00000000ffb00000,0x00000000ffb8c778,0x00000000fff00000)
  from space 512K, 0% used [0x00000000fff00000,0x00000000fff00000,0x00000000fff80000)
  to   space 512K, 0% used [0x00000000fff80000,0x00000000fff80000,0x0000000100000000)
 ParOldGen       total 11264K, used 3194K [0x00000000ff000000, 0x00000000ffb00000, 0x00000000ffb00000)
  object space 11264K, 28% used [0x00000000ff000000,0x00000000ff31ea28,0x00000000ffb00000)
 Metaspace       used 3390K, capacity 4556K, committed 4864K, reserved 1056768K
  class space    used 361K, capacity 392K, committed 512K, reserved 1048576K
2020-04-16T14:21:46.185+0800: 1.226: [GC (System.gc()) 
Desired survivor size 524288 bytes, new threshold 7 (max 15)
[PSYoungGen: 561K->320K(4608K)] 3756K->3514K(15872K), 0.0006173 secs] [Times: user=0.00 sys=0.00, real=0.00 secs] 
Heap after GC invocations=18 (full 8):
 PSYoungGen      total 4608K, used 320K [0x00000000ffb00000, 0x0000000100000000, 0x0000000100000000)
  eden space 4096K, 0% used [0x00000000ffb00000,0x00000000ffb00000,0x00000000fff00000)
  from space 512K, 62% used [0x00000000fff80000,0x00000000fffd0000,0x0000000100000000)
  to   space 512K, 0% used [0x00000000fff00000,0x00000000fff00000,0x00000000fff80000)
 ParOldGen       total 11264K, used 3194K [0x00000000ff000000, 0x00000000ffb00000, 0x00000000ffb00000)
  object space 11264K, 28% used [0x00000000ff000000,0x00000000ff31ea28,0x00000000ffb00000)
 Metaspace       used 3390K, capacity 4556K, committed 4864K, reserved 1056768K
  class space    used 361K, capacity 392K, committed 512K, reserved 1048576K
}
{Heap before GC invocations=19 (full 9):
 PSYoungGen      total 4608K, used 320K [0x00000000ffb00000, 0x0000000100000000, 0x0000000100000000)
  eden space 4096K, 0% used [0x00000000ffb00000,0x00000000ffb00000,0x00000000fff00000)
  from space 512K, 62% used [0x00000000fff80000,0x00000000fffd0000,0x0000000100000000)
  to   space 512K, 0% used [0x00000000fff00000,0x00000000fff00000,0x00000000fff80000)
 ParOldGen       total 11264K, used 3194K [0x00000000ff000000, 0x00000000ffb00000, 0x00000000ffb00000)
  object space 11264K, 28% used [0x00000000ff000000,0x00000000ff31ea28,0x00000000ffb00000)
 Metaspace       used 3390K, capacity 4556K, committed 4864K, reserved 1056768K
  class space    used 361K, capacity 392K, committed 512K, reserved 1048576K
2020-04-16T14:21:46.186+0800: 1.227: [Full GC (System.gc()) [PSYoungGen: 320K->0K(4608K)] [ParOldGen: 3194K->3475K(11264K)] 3514K->3475K(15872K), [Metaspace: 3390K->3390K(1056768K)], 0.0066593 secs] [Times: user=0.05 sys=0.00, real=0.01 secs] 
Heap after GC invocations=19 (full 9):
 PSYoungGen      total 4608K, used 0K [0x00000000ffb00000, 0x0000000100000000, 0x0000000100000000)
  eden space 4096K, 0% used [0x00000000ffb00000,0x00000000ffb00000,0x00000000fff00000)
  from space 512K, 0% used [0x00000000fff80000,0x00000000fff80000,0x0000000100000000)
  to   space 512K, 0% used [0x00000000fff00000,0x00000000fff00000,0x00000000fff80000)
 ParOldGen       total 11264K, used 3475K [0x00000000ff000000, 0x00000000ffb00000, 0x00000000ffb00000)
  object space 11264K, 30% used [0x00000000ff000000,0x00000000ff364ed8,0x00000000ffb00000)
 Metaspace       used 3390K, capacity 4556K, committed 4864K, reserved 1056768K
  class space    used 361K, capacity 392K, committed 512K, reserved 1048576K
}
{Heap before GC invocations=20 (full 9):
 PSYoungGen      total 4608K, used 616K [0x00000000ffb00000, 0x0000000100000000, 0x0000000100000000)
  eden space 4096K, 15% used [0x00000000ffb00000,0x00000000ffb9a390,0x00000000fff00000)
  from space 512K, 0% used [0x00000000fff80000,0x00000000fff80000,0x0000000100000000)
  to   space 512K, 0% used [0x00000000fff00000,0x00000000fff00000,0x00000000fff80000)
 ParOldGen       total 11264K, used 3475K [0x00000000ff000000, 0x00000000ffb00000, 0x00000000ffb00000)
  object space 11264K, 30% used [0x00000000ff000000,0x00000000ff364ed8,0x00000000ffb00000)
 Metaspace       used 3390K, capacity 4556K, committed 4864K, reserved 1056768K
  class space    used 361K, capacity 392K, committed 512K, reserved 1048576K
2020-04-16T14:21:46.315+0800: 1.357: [GC (System.gc()) 
Desired survivor size 524288 bytes, new threshold 7 (max 15)
[PSYoungGen: 616K->406K(4608K)] 4092K->3882K(15872K), 0.0004954 secs] [Times: user=0.00 sys=0.00, real=0.00 secs] 
Heap after GC invocations=20 (full 9):
 PSYoungGen      total 4608K, used 406K [0x00000000ffb00000, 0x0000000100000000, 0x0000000100000000)
  eden space 4096K, 0% used [0x00000000ffb00000,0x00000000ffb00000,0x00000000fff00000)
  from space 512K, 79% used [0x00000000fff00000,0x00000000fff65ba8,0x00000000fff80000)
  to   space 512K, 0% used [0x00000000fff80000,0x00000000fff80000,0x0000000100000000)
 ParOldGen       total 11264K, used 3475K [0x00000000ff000000, 0x00000000ffb00000, 0x00000000ffb00000)
  object space 11264K, 30% used [0x00000000ff000000,0x00000000ff364ed8,0x00000000ffb00000)
 Metaspace       used 3390K, capacity 4556K, committed 4864K, reserved 1056768K
  class space    used 361K, capacity 392K, committed 512K, reserved 1048576K
}
{Heap before GC invocations=21 (full 10):
 PSYoungGen      total 4608K, used 406K [0x00000000ffb00000, 0x0000000100000000, 0x0000000100000000)
  eden space 4096K, 0% used [0x00000000ffb00000,0x00000000ffb00000,0x00000000fff00000)
  from space 512K, 79% used [0x00000000fff00000,0x00000000fff65ba8,0x00000000fff80000)
  to   space 512K, 0% used [0x00000000fff80000,0x00000000fff80000,0x0000000100000000)
 ParOldGen       total 11264K, used 3475K [0x00000000ff000000, 0x00000000ffb00000, 0x00000000ffb00000)
  object space 11264K, 30% used [0x00000000ff000000,0x00000000ff364ed8,0x00000000ffb00000)
 Metaspace       used 3390K, capacity 4556K, committed 4864K, reserved 1056768K
  class space    used 361K, capacity 392K, committed 512K, reserved 1048576K
2020-04-16T14:21:46.316+0800: 1.358: [Full GC (System.gc()) [PSYoungGen: 406K->0K(4608K)] [ParOldGen: 3475K->3775K(11264K)] 3882K->3775K(15872K), [Metaspace: 3390K->3390K(1056768K)], 0.0104685 secs] [Times: user=0.00 sys=0.00, real=0.01 secs] 
Heap after GC invocations=21 (full 10):
 PSYoungGen      total 4608K, used 0K [0x00000000ffb00000, 0x0000000100000000, 0x0000000100000000)
  eden space 4096K, 0% used [0x00000000ffb00000,0x00000000ffb00000,0x00000000fff00000)
  from space 512K, 0% used [0x00000000fff00000,0x00000000fff00000,0x00000000fff80000)
  to   space 512K, 0% used [0x00000000fff80000,0x00000000fff80000,0x0000000100000000)
 ParOldGen       total 11264K, used 3775K [0x00000000ff000000, 0x00000000ffb00000, 0x00000000ffb00000)
  object space 11264K, 33% used [0x00000000ff000000,0x00000000ff3afcb8,0x00000000ffb00000)
 Metaspace       used 3390K, capacity 4556K, committed 4864K, reserved 1056768K
  class space    used 361K, capacity 392K, committed 512K, reserved 1048576K
}
{Heap before GC invocations=22 (full 10):
 PSYoungGen      total 4608K, used 561K [0x00000000ffb00000, 0x0000000100000000, 0x0000000100000000)
  eden space 4096K, 13% used [0x00000000ffb00000,0x00000000ffb8c778,0x00000000fff00000)
  from space 512K, 0% used [0x00000000fff00000,0x00000000fff00000,0x00000000fff80000)
  to   space 512K, 0% used [0x00000000fff80000,0x00000000fff80000,0x0000000100000000)
 ParOldGen       total 11264K, used 3775K [0x00000000ff000000, 0x00000000ffb00000, 0x00000000ffb00000)
  object space 11264K, 33% used [0x00000000ff000000,0x00000000ff3afcb8,0x00000000ffb00000)
 Metaspace       used 3390K, capacity 4556K, committed 4864K, reserved 1056768K
  class space    used 361K, capacity 392K, committed 512K, reserved 1048576K
2020-04-16T14:21:46.361+0800: 1.403: [GC (System.gc()) 
Desired survivor size 524288 bytes, new threshold 7 (max 15)
[PSYoungGen: 561K->352K(4608K)] 4337K->4127K(15872K), 0.0004869 secs] [Times: user=0.00 sys=0.00, real=0.00 secs] 
Heap after GC invocations=22 (full 10):
 PSYoungGen      total 4608K, used 352K [0x00000000ffb00000, 0x0000000100000000, 0x0000000100000000)
  eden space 4096K, 0% used [0x00000000ffb00000,0x00000000ffb00000,0x00000000fff00000)
  from space 512K, 68% used [0x00000000fff80000,0x00000000fffd8000,0x0000000100000000)
  to   space 512K, 0% used [0x00000000fff00000,0x00000000fff00000,0x00000000fff80000)
 ParOldGen       total 11264K, used 3775K [0x00000000ff000000, 0x00000000ffb00000, 0x00000000ffb00000)
  object space 11264K, 33% used [0x00000000ff000000,0x00000000ff3afcb8,0x00000000ffb00000)
 Metaspace       used 3390K, capacity 4556K, committed 4864K, reserved 1056768K
  class space    used 361K, capacity 392K, committed 512K, reserved 1048576K
}
{Heap before GC invocations=23 (full 11):
 PSYoungGen      total 4608K, used 352K [0x00000000ffb00000, 0x0000000100000000, 0x0000000100000000)
  eden space 4096K, 0% used [0x00000000ffb00000,0x00000000ffb00000,0x00000000fff00000)
  from space 512K, 68% used [0x00000000fff80000,0x00000000fffd8000,0x0000000100000000)
  to   space 512K, 0% used [0x00000000fff00000,0x00000000fff00000,0x00000000fff80000)
 ParOldGen       total 11264K, used 3775K [0x00000000ff000000, 0x00000000ffb00000, 0x00000000ffb00000)
  object space 11264K, 33% used [0x00000000ff000000,0x00000000ff3afcb8,0x00000000ffb00000)
 Metaspace       used 3390K, capacity 4556K, committed 4864K, reserved 1056768K
  class space    used 361K, capacity 392K, committed 512K, reserved 1048576K
2020-04-16T14:21:46.362+0800: 1.404: [Full GC (System.gc()) [PSYoungGen: 352K->0K(4608K)] [ParOldGen: 3775K->4056K(11264K)] 4127K->4056K(15872K), [Metaspace: 3390K->3390K(1056768K)], 0.0093126 secs] [Times: user=0.00 sys=0.00, real=0.01 secs] 
Heap after GC invocations=23 (full 11):
 PSYoungGen      total 4608K, used 0K [0x00000000ffb00000, 0x0000000100000000, 0x0000000100000000)
  eden space 4096K, 0% used [0x00000000ffb00000,0x00000000ffb00000,0x00000000fff00000)
  from space 512K, 0% used [0x00000000fff80000,0x00000000fff80000,0x0000000100000000)
  to   space 512K, 0% used [0x00000000fff00000,0x00000000fff00000,0x00000000fff80000)
 ParOldGen       total 11264K, used 4056K [0x00000000ff000000, 0x00000000ffb00000, 0x00000000ffb00000)
  object space 11264K, 36% used [0x00000000ff000000,0x00000000ff3f6168,0x00000000ffb00000)
 Metaspace       used 3390K, capacity 4556K, committed 4864K, reserved 1056768K
  class space    used 361K, capacity 392K, committed 512K, reserved 1048576K
}
{Heap before GC invocations=24 (full 11):
 PSYoungGen      total 4608K, used 561K [0x00000000ffb00000, 0x0000000100000000, 0x0000000100000000)
  eden space 4096K, 13% used [0x00000000ffb00000,0x00000000ffb8c7e8,0x00000000fff00000)
  from space 512K, 0% used [0x00000000fff80000,0x00000000fff80000,0x0000000100000000)
  to   space 512K, 0% used [0x00000000fff00000,0x00000000fff00000,0x00000000fff80000)
 ParOldGen       total 11264K, used 4056K [0x00000000ff000000, 0x00000000ffb00000, 0x00000000ffb00000)
  object space 11264K, 36% used [0x00000000ff000000,0x00000000ff3f6168,0x00000000ffb00000)
 Metaspace       used 3390K, capacity 4556K, committed 4864K, reserved 1056768K
  class space    used 361K, capacity 392K, committed 512K, reserved 1048576K
2020-04-16T14:21:46.503+0800: 1.545: [GC (System.gc()) 
Desired survivor size 524288 bytes, new threshold 7 (max 15)
[PSYoungGen: 561K->320K(4608K)] 4618K->4376K(15872K), 0.0006305 secs] [Times: user=0.00 sys=0.00, real=0.00 secs] 
Heap after GC invocations=24 (full 11):
 PSYoungGen      total 4608K, used 320K [0x00000000ffb00000, 0x0000000100000000, 0x0000000100000000)
  eden space 4096K, 0% used [0x00000000ffb00000,0x00000000ffb00000,0x00000000fff00000)
  from space 512K, 62% used [0x00000000fff00000,0x00000000fff50000,0x00000000fff80000)
  to   space 512K, 0% used [0x00000000fff80000,0x00000000fff80000,0x0000000100000000)
 ParOldGen       total 11264K, used 4056K [0x00000000ff000000, 0x00000000ffb00000, 0x00000000ffb00000)
  object space 11264K, 36% used [0x00000000ff000000,0x00000000ff3f6168,0x00000000ffb00000)
 Metaspace       used 3390K, capacity 4556K, committed 4864K, reserved 1056768K
  class space    used 361K, capacity 392K, committed 512K, reserved 1048576K
}
{Heap before GC invocations=25 (full 12):
 PSYoungGen      total 4608K, used 320K [0x00000000ffb00000, 0x0000000100000000, 0x0000000100000000)
  eden space 4096K, 0% used [0x00000000ffb00000,0x00000000ffb00000,0x00000000fff00000)
  from space 512K, 62% used [0x00000000fff00000,0x00000000fff50000,0x00000000fff80000)
  to   space 512K, 0% used [0x00000000fff80000,0x00000000fff80000,0x0000000100000000)
 ParOldGen       total 11264K, used 4056K [0x00000000ff000000, 0x00000000ffb00000, 0x00000000ffb00000)
  object space 11264K, 36% used [0x00000000ff000000,0x00000000ff3f6168,0x00000000ffb00000)
 Metaspace       used 3390K, capacity 4556K, committed 4864K, reserved 1056768K
  class space    used 361K, capacity 392K, committed 512K, reserved 1048576K
2020-04-16T14:21:46.504+0800: 1.546: [Full GC (System.gc()) [PSYoungGen: 320K->0K(4608K)] [ParOldGen: 4056K->4337K(11264K)] 4376K->4337K(15872K), [Metaspace: 3390K->3390K(1056768K)], 0.0087561 secs] [Times: user=0.00 sys=0.00, real=0.01 secs] 
Heap after GC invocations=25 (full 12):
 PSYoungGen      total 4608K, used 0K [0x00000000ffb00000, 0x0000000100000000, 0x0000000100000000)
  eden space 4096K, 0% used [0x00000000ffb00000,0x00000000ffb00000,0x00000000fff00000)
  from space 512K, 0% used [0x00000000fff00000,0x00000000fff00000,0x00000000fff80000)
  to   space 512K, 0% used [0x00000000fff80000,0x00000000fff80000,0x0000000100000000)
 ParOldGen       total 11264K, used 4337K [0x00000000ff000000, 0x00000000ffb00000, 0x00000000ffb00000)
  object space 11264K, 38% used [0x00000000ff000000,0x00000000ff43c618,0x00000000ffb00000)
 Metaspace       used 3390K, capacity 4556K, committed 4864K, reserved 1056768K
  class space    used 361K, capacity 392K, committed 512K, reserved 1048576K
}
{Heap before GC invocations=26 (full 12):
 PSYoungGen      total 4608K, used 561K [0x00000000ffb00000, 0x0000000100000000, 0x0000000100000000)
  eden space 4096K, 13% used [0x00000000ffb00000,0x00000000ffb8c778,0x00000000fff00000)
  from space 512K, 0% used [0x00000000fff00000,0x00000000fff00000,0x00000000fff80000)
  to   space 512K, 0% used [0x00000000fff80000,0x00000000fff80000,0x0000000100000000)
 ParOldGen       total 11264K, used 4337K [0x00000000ff000000, 0x00000000ffb00000, 0x00000000ffb00000)
  object space 11264K, 38% used [0x00000000ff000000,0x00000000ff43c618,0x00000000ffb00000)
 Metaspace       used 3390K, capacity 4556K, committed 4864K, reserved 1056768K
  class space    used 361K, capacity 392K, committed 512K, reserved 1048576K
2020-04-16T14:21:46.524+0800: 1.566: [GC (System.gc()) 
Desired survivor size 524288 bytes, new threshold 7 (max 15)
[PSYoungGen: 561K->320K(4608K)] 4899K->4657K(15872K), 0.0009797 secs] [Times: user=0.00 sys=0.00, real=0.00 secs] 
Heap after GC invocations=26 (full 12):
 PSYoungGen      total 4608K, used 320K [0x00000000ffb00000, 0x0000000100000000, 0x0000000100000000)
  eden space 4096K, 0% used [0x00000000ffb00000,0x00000000ffb00000,0x00000000fff00000)
  from space 512K, 62% used [0x00000000fff80000,0x00000000fffd0000,0x0000000100000000)
  to   space 512K, 0% used [0x00000000fff00000,0x00000000fff00000,0x00000000fff80000)
 ParOldGen       total 11264K, used 4337K [0x00000000ff000000, 0x00000000ffb00000, 0x00000000ffb00000)
  object space 11264K, 38% used [0x00000000ff000000,0x00000000ff43c618,0x00000000ffb00000)
 Metaspace       used 3390K, capacity 4556K, committed 4864K, reserved 1056768K
  class space    used 361K, capacity 392K, committed 512K, reserved 1048576K
}
{Heap before GC invocations=27 (full 13):
 PSYoungGen      total 4608K, used 320K [0x00000000ffb00000, 0x0000000100000000, 0x0000000100000000)
  eden space 4096K, 0% used [0x00000000ffb00000,0x00000000ffb00000,0x00000000fff00000)
  from space 512K, 62% used [0x00000000fff80000,0x00000000fffd0000,0x0000000100000000)
  to   space 512K, 0% used [0x00000000fff00000,0x00000000fff00000,0x00000000fff80000)
 ParOldGen       total 11264K, used 4337K [0x00000000ff000000, 0x00000000ffb00000, 0x00000000ffb00000)
  object space 11264K, 38% used [0x00000000ff000000,0x00000000ff43c618,0x00000000ffb00000)
 Metaspace       used 3390K, capacity 4556K, committed 4864K, reserved 1056768K
  class space    used 361K, capacity 392K, committed 512K, reserved 1048576K
2020-04-16T14:21:46.525+0800: 1.567: [Full GC (System.gc()) [PSYoungGen: 320K->0K(4608K)] [ParOldGen: 4337K->4618K(11264K)] 4657K->4618K(15872K), [Metaspace: 3390K->3390K(1056768K)], 0.0151429 secs] [Times: user=0.02 sys=0.00, real=0.01 secs] 
Heap after GC invocations=27 (full 13):
 PSYoungGen      total 4608K, used 0K [0x00000000ffb00000, 0x0000000100000000, 0x0000000100000000)
  eden space 4096K, 0% used [0x00000000ffb00000,0x00000000ffb00000,0x00000000fff00000)
  from space 512K, 0% used [0x00000000fff80000,0x00000000fff80000,0x0000000100000000)
  to   space 512K, 0% used [0x00000000fff00000,0x00000000fff00000,0x00000000fff80000)
 ParOldGen       total 11264K, used 4618K [0x00000000ff000000, 0x00000000ffb00000, 0x00000000ffb00000)
  object space 11264K, 41% used [0x00000000ff000000,0x00000000ff482ac8,0x00000000ffb00000)
 Metaspace       used 3390K, capacity 4556K, committed 4864K, reserved 1056768K
  class space    used 361K, capacity 392K, committed 512K, reserved 1048576K
}
{Heap before GC invocations=28 (full 13):
 PSYoungGen      total 4608K, used 561K [0x00000000ffb00000, 0x0000000100000000, 0x0000000100000000)
  eden space 4096K, 13% used [0x00000000ffb00000,0x00000000ffb8c778,0x00000000fff00000)
  from space 512K, 0% used [0x00000000fff80000,0x00000000fff80000,0x0000000100000000)
  to   space 512K, 0% used [0x00000000fff00000,0x00000000fff00000,0x00000000fff80000)
 ParOldGen       total 11264K, used 4618K [0x00000000ff000000, 0x00000000ffb00000, 0x00000000ffb00000)
  object space 11264K, 41% used [0x00000000ff000000,0x00000000ff482ac8,0x00000000ffb00000)
 Metaspace       used 3390K, capacity 4556K, committed 4864K, reserved 1056768K
  class space    used 361K, capacity 392K, committed 512K, reserved 1048576K
2020-04-16T14:21:46.621+0800: 1.663: [GC (System.gc()) 
Desired survivor size 524288 bytes, new threshold 7 (max 15)
[PSYoungGen: 561K->288K(4608K)] 5180K->4906K(15872K), 0.0007917 secs] [Times: user=0.00 sys=0.00, real=0.00 secs] 
Heap after GC invocations=28 (full 13):
 PSYoungGen      total 4608K, used 288K [0x00000000ffb00000, 0x0000000100000000, 0x0000000100000000)
  eden space 4096K, 0% used [0x00000000ffb00000,0x00000000ffb00000,0x00000000fff00000)
  from space 512K, 56% used [0x00000000fff00000,0x00000000fff48000,0x00000000fff80000)
  to   space 512K, 0% used [0x00000000fff80000,0x00000000fff80000,0x0000000100000000)
 ParOldGen       total 11264K, used 4618K [0x00000000ff000000, 0x00000000ffb00000, 0x00000000ffb00000)
  object space 11264K, 41% used [0x00000000ff000000,0x00000000ff482ac8,0x00000000ffb00000)
 Metaspace       used 3390K, capacity 4556K, committed 4864K, reserved 1056768K
  class space    used 361K, capacity 392K, committed 512K, reserved 1048576K
}
{Heap before GC invocations=29 (full 14):
 PSYoungGen      total 4608K, used 288K [0x00000000ffb00000, 0x0000000100000000, 0x0000000100000000)
  eden space 4096K, 0% used [0x00000000ffb00000,0x00000000ffb00000,0x00000000fff00000)
  from space 512K, 56% used [0x00000000fff00000,0x00000000fff48000,0x00000000fff80000)
  to   space 512K, 0% used [0x00000000fff80000,0x00000000fff80000,0x0000000100000000)
 ParOldGen       total 11264K, used 4618K [0x00000000ff000000, 0x00000000ffb00000, 0x00000000ffb00000)
  object space 11264K, 41% used [0x00000000ff000000,0x00000000ff482ac8,0x00000000ffb00000)
 Metaspace       used 3390K, capacity 4556K, committed 4864K, reserved 1056768K
  class space    used 361K, capacity 392K, committed 512K, reserved 1048576K
2020-04-16T14:21:46.622+0800: 1.664: [Full GC (System.gc()) [PSYoungGen: 288K->0K(4608K)] [ParOldGen: 4618K->4899K(11264K)] 4906K->4899K(15872K), [Metaspace: 3390K->3390K(1056768K)], 0.0232968 secs] [Times: user=0.03 sys=0.00, real=0.02 secs] 
Heap after GC invocations=29 (full 14):
 PSYoungGen      total 4608K, used 0K [0x00000000ffb00000, 0x0000000100000000, 0x0000000100000000)
  eden space 4096K, 0% used [0x00000000ffb00000,0x00000000ffb00000,0x00000000fff00000)
  from space 512K, 0% used [0x00000000fff00000,0x00000000fff00000,0x00000000fff80000)
  to   space 512K, 0% used [0x00000000fff80000,0x00000000fff80000,0x0000000100000000)
 ParOldGen       total 11264K, used 4899K [0x00000000ff000000, 0x00000000ffb00000, 0x00000000ffb00000)
  object space 11264K, 43% used [0x00000000ff000000,0x00000000ff4c8f78,0x00000000ffb00000)
 Metaspace       used 3390K, capacity 4556K, committed 4864K, reserved 1056768K
  class space    used 361K, capacity 392K, committed 512K, reserved 1048576K
}
{Heap before GC invocations=30 (full 14):
 PSYoungGen      total 4608K, used 644K [0x00000000ffb00000, 0x0000000100000000, 0x0000000100000000)
  eden space 4096K, 15% used [0x00000000ffb00000,0x00000000ffba10e8,0x00000000fff00000)
  from space 512K, 0% used [0x00000000fff00000,0x00000000fff00000,0x00000000fff80000)
  to   space 512K, 0% used [0x00000000fff80000,0x00000000fff80000,0x0000000100000000)
 ParOldGen       total 11264K, used 4899K [0x00000000ff000000, 0x00000000ffb00000, 0x00000000ffb00000)
  object space 11264K, 43% used [0x00000000ff000000,0x00000000ff4c8f78,0x00000000ffb00000)
 Metaspace       used 3390K, capacity 4556K, committed 4864K, reserved 1056768K
  class space    used 361K, capacity 392K, committed 512K, reserved 1048576K
2020-04-16T14:21:46.691+0800: 1.733: [GC (System.gc()) 
Desired survivor size 524288 bytes, new threshold 7 (max 15)
[PSYoungGen: 644K->434K(4608K)] 5544K->5334K(15872K), 0.0005154 secs] [Times: user=0.00 sys=0.00, real=0.00 secs] 
Heap after GC invocations=30 (full 14):
 PSYoungGen      total 4608K, used 434K [0x00000000ffb00000, 0x0000000100000000, 0x0000000100000000)
  eden space 4096K, 0% used [0x00000000ffb00000,0x00000000ffb00000,0x00000000fff00000)
  from space 512K, 84% used [0x00000000fff80000,0x00000000fffec970,0x0000000100000000)
  to   space 512K, 0% used [0x00000000fff00000,0x00000000fff00000,0x00000000fff80000)
 ParOldGen       total 11264K, used 4899K [0x00000000ff000000, 0x00000000ffb00000, 0x00000000ffb00000)
  object space 11264K, 43% used [0x00000000ff000000,0x00000000ff4c8f78,0x00000000ffb00000)
 Metaspace       used 3390K, capacity 4556K, committed 4864K, reserved 1056768K
  class space    used 361K, capacity 392K, committed 512K, reserved 1048576K
}
{Heap before GC invocations=31 (full 15):
 PSYoungGen      total 4608K, used 434K [0x00000000ffb00000, 0x0000000100000000, 0x0000000100000000)
  eden space 4096K, 0% used [0x00000000ffb00000,0x00000000ffb00000,0x00000000fff00000)
  from space 512K, 84% used [0x00000000fff80000,0x00000000fffec970,0x0000000100000000)
  to   space 512K, 0% used [0x00000000fff00000,0x00000000fff00000,0x00000000fff80000)
 ParOldGen       total 11264K, used 4899K [0x00000000ff000000, 0x00000000ffb00000, 0x00000000ffb00000)
  object space 11264K, 43% used [0x00000000ff000000,0x00000000ff4c8f78,0x00000000ffb00000)
 Metaspace       used 3390K, capacity 4556K, committed 4864K, reserved 1056768K
  class space    used 361K, capacity 392K, committed 512K, reserved 1048576K
2020-04-16T14:21:46.692+0800: 1.734: [Full GC (System.gc()) [PSYoungGen: 434K->0K(4608K)] [ParOldGen: 4899K->5208K(11264K)] 5334K->5208K(15872K), [Metaspace: 3390K->3390K(1056768K)], 0.0133410 secs] [Times: user=0.03 sys=0.00, real=0.01 secs] 
Heap after GC invocations=31 (full 15):
 PSYoungGen      total 4608K, used 0K [0x00000000ffb00000, 0x0000000100000000, 0x0000000100000000)
  eden space 4096K, 0% used [0x00000000ffb00000,0x00000000ffb00000,0x00000000fff00000)
  from space 512K, 0% used [0x00000000fff80000,0x00000000fff80000,0x0000000100000000)
  to   space 512K, 0% used [0x00000000fff00000,0x00000000fff00000,0x00000000fff80000)
 ParOldGen       total 11264K, used 5208K [0x00000000ff000000, 0x00000000ffb00000, 0x00000000ffb00000)
  object space 11264K, 46% used [0x00000000ff000000,0x00000000ff5161f0,0x00000000ffb00000)
 Metaspace       used 3390K, capacity 4556K, committed 4864K, reserved 1056768K
  class space    used 361K, capacity 392K, committed 512K, reserved 1048576K
}
{Heap before GC invocations=32 (full 15):
 PSYoungGen      total 4608K, used 561K [0x00000000ffb00000, 0x0000000100000000, 0x0000000100000000)
  eden space 4096K, 13% used [0x00000000ffb00000,0x00000000ffb8c778,0x00000000fff00000)
  from space 512K, 0% used [0x00000000fff80000,0x00000000fff80000,0x0000000100000000)
  to   space 512K, 0% used [0x00000000fff00000,0x00000000fff00000,0x00000000fff80000)
 ParOldGen       total 11264K, used 5208K [0x00000000ff000000, 0x00000000ffb00000, 0x00000000ffb00000)
  object space 11264K, 46% used [0x00000000ff000000,0x00000000ff5161f0,0x00000000ffb00000)
 Metaspace       used 3390K, capacity 4556K, committed 4864K, reserved 1056768K
  class space    used 361K, capacity 392K, committed 512K, reserved 1048576K
2020-04-16T14:21:46.783+0800: 1.825: [GC (System.gc()) 
Desired survivor size 524288 bytes, new threshold 7 (max 15)
[PSYoungGen: 561K->320K(4608K)] 5770K->5528K(15872K), 0.0007401 secs] [Times: user=0.00 sys=0.00, real=0.00 secs] 
Heap after GC invocations=32 (full 15):
 PSYoungGen      total 4608K, used 320K [0x00000000ffb00000, 0x0000000100000000, 0x0000000100000000)
  eden space 4096K, 0% used [0x00000000ffb00000,0x00000000ffb00000,0x00000000fff00000)
  from space 512K, 62% used [0x00000000fff00000,0x00000000fff50000,0x00000000fff80000)
  to   space 512K, 0% used [0x00000000fff80000,0x00000000fff80000,0x0000000100000000)
 ParOldGen       total 11264K, used 5208K [0x00000000ff000000, 0x00000000ffb00000, 0x00000000ffb00000)
  object space 11264K, 46% used [0x00000000ff000000,0x00000000ff5161f0,0x00000000ffb00000)
 Metaspace       used 3390K, capacity 4556K, committed 4864K, reserved 1056768K
  class space    used 361K, capacity 392K, committed 512K, reserved 1048576K
}
{Heap before GC invocations=33 (full 16):
 PSYoungGen      total 4608K, used 320K [0x00000000ffb00000, 0x0000000100000000, 0x0000000100000000)
  eden space 4096K, 0% used [0x00000000ffb00000,0x00000000ffb00000,0x00000000fff00000)
  from space 512K, 62% used [0x00000000fff00000,0x00000000fff50000,0x00000000fff80000)
  to   space 512K, 0% used [0x00000000fff80000,0x00000000fff80000,0x0000000100000000)
 ParOldGen       total 11264K, used 5208K [0x00000000ff000000, 0x00000000ffb00000, 0x00000000ffb00000)
  object space 11264K, 46% used [0x00000000ff000000,0x00000000ff5161f0,0x00000000ffb00000)
 Metaspace       used 3390K, capacity 4556K, committed 4864K, reserved 1056768K
  class space    used 361K, capacity 392K, committed 512K, reserved 1048576K
2020-04-16T14:21:46.784+0800: 1.826: [Full GC (System.gc()) [PSYoungGen: 320K->0K(4608K)] [ParOldGen: 5208K->5489K(11264K)] 5528K->5489K(15872K), [Metaspace: 3390K->3390K(1056768K)], 0.0101856 secs] [Times: user=0.00 sys=0.00, real=0.01 secs] 
Heap after GC invocations=33 (full 16):
 PSYoungGen      total 4608K, used 0K [0x00000000ffb00000, 0x0000000100000000, 0x0000000100000000)
  eden space 4096K, 0% used [0x00000000ffb00000,0x00000000ffb00000,0x00000000fff00000)
  from space 512K, 0% used [0x00000000fff00000,0x00000000fff00000,0x00000000fff80000)
  to   space 512K, 0% used [0x00000000fff80000,0x00000000fff80000,0x0000000100000000)
 ParOldGen       total 11264K, used 5489K [0x00000000ff000000, 0x00000000ffb00000, 0x00000000ffb00000)
  object space 11264K, 48% used [0x00000000ff000000,0x00000000ff55c6a0,0x00000000ffb00000)
 Metaspace       used 3390K, capacity 4556K, committed 4864K, reserved 1056768K
  class space    used 361K, capacity 392K, committed 512K, reserved 1048576K
}
{Heap before GC invocations=34 (full 16):
 PSYoungGen      total 4608K, used 561K [0x00000000ffb00000, 0x0000000100000000, 0x0000000100000000)
  eden space 4096K, 13% used [0x00000000ffb00000,0x00000000ffb8c778,0x00000000fff00000)
  from space 512K, 0% used [0x00000000fff00000,0x00000000fff00000,0x00000000fff80000)
  to   space 512K, 0% used [0x00000000fff80000,0x00000000fff80000,0x0000000100000000)
 ParOldGen       total 11264K, used 5489K [0x00000000ff000000, 0x00000000ffb00000, 0x00000000ffb00000)
  object space 11264K, 48% used [0x00000000ff000000,0x00000000ff55c6a0,0x00000000ffb00000)
 Metaspace       used 3390K, capacity 4556K, committed 4864K, reserved 1056768K
  class space    used 361K, capacity 392K, committed 512K, reserved 1048576K
2020-04-16T14:21:46.841+0800: 1.883: [GC (System.gc()) 
Desired survivor size 524288 bytes, new threshold 7 (max 15)
[PSYoungGen: 561K->288K(4608K)] 6051K->5777K(15872K), 0.0083514 secs] [Times: user=0.02 sys=0.00, real=0.01 secs] 
Heap after GC invocations=34 (full 16):
 PSYoungGen      total 4608K, used 288K [0x00000000ffb00000, 0x0000000100000000, 0x0000000100000000)
  eden space 4096K, 0% used [0x00000000ffb00000,0x00000000ffb00000,0x00000000fff00000)
  from space 512K, 56% used [0x00000000fff80000,0x00000000fffc8000,0x0000000100000000)
  to   space 512K, 0% used [0x00000000fff00000,0x00000000fff00000,0x00000000fff80000)
 ParOldGen       total 11264K, used 5489K [0x00000000ff000000, 0x00000000ffb00000, 0x00000000ffb00000)
  object space 11264K, 48% used [0x00000000ff000000,0x00000000ff55c6a0,0x00000000ffb00000)
 Metaspace       used 3390K, capacity 4556K, committed 4864K, reserved 1056768K
  class space    used 361K, capacity 392K, committed 512K, reserved 1048576K
}
{Heap before GC invocations=35 (full 17):
 PSYoungGen      total 4608K, used 288K [0x00000000ffb00000, 0x0000000100000000, 0x0000000100000000)
  eden space 4096K, 0% used [0x00000000ffb00000,0x00000000ffb00000,0x00000000fff00000)
  from space 512K, 56% used [0x00000000fff80000,0x00000000fffc8000,0x0000000100000000)
  to   space 512K, 0% used [0x00000000fff00000,0x00000000fff00000,0x00000000fff80000)
 ParOldGen       total 11264K, used 5489K [0x00000000ff000000, 0x00000000ffb00000, 0x00000000ffb00000)
  object space 11264K, 48% used [0x00000000ff000000,0x00000000ff55c6a0,0x00000000ffb00000)
 Metaspace       used 3390K, capacity 4556K, committed 4864K, reserved 1056768K
  class space    used 361K, capacity 392K, committed 512K, reserved 1048576K
2020-04-16T14:21:46.850+0800: 1.891: [Full GC (System.gc()) [PSYoungGen: 288K->0K(4608K)] [ParOldGen: 5489K->5770K(11264K)] 5777K->5770K(15872K), [Metaspace: 3390K->3390K(1056768K)], 0.0198621 secs] [Times: user=0.00 sys=0.00, real=0.02 secs] 
Heap after GC invocations=35 (full 17):
 PSYoungGen      total 4608K, used 0K [0x00000000ffb00000, 0x0000000100000000, 0x0000000100000000)
  eden space 4096K, 0% used [0x00000000ffb00000,0x00000000ffb00000,0x00000000fff00000)
  from space 512K, 0% used [0x00000000fff80000,0x00000000fff80000,0x0000000100000000)
  to   space 512K, 0% used [0x00000000fff00000,0x00000000fff00000,0x00000000fff80000)
 ParOldGen       total 11264K, used 5770K [0x00000000ff000000, 0x00000000ffb00000, 0x00000000ffb00000)
  object space 11264K, 51% used [0x00000000ff000000,0x00000000ff5a2b50,0x00000000ffb00000)
 Metaspace       used 3390K, capacity 4556K, committed 4864K, reserved 1056768K
  class space    used 361K, capacity 392K, committed 512K, reserved 1048576K
}
{Heap before GC invocations=36 (full 17):
 PSYoungGen      total 4608K, used 561K [0x00000000ffb00000, 0x0000000100000000, 0x0000000100000000)
  eden space 4096K, 13% used [0x00000000ffb00000,0x00000000ffb8c7b0,0x00000000fff00000)
  from space 512K, 0% used [0x00000000fff80000,0x00000000fff80000,0x0000000100000000)
  to   space 512K, 0% used [0x00000000fff00000,0x00000000fff00000,0x00000000fff80000)
 ParOldGen       total 11264K, used 5770K [0x00000000ff000000, 0x00000000ffb00000, 0x00000000ffb00000)
  object space 11264K, 51% used [0x00000000ff000000,0x00000000ff5a2b50,0x00000000ffb00000)
 Metaspace       used 3390K, capacity 4556K, committed 4864K, reserved 1056768K
  class space    used 361K, capacity 392K, committed 512K, reserved 1048576K
2020-04-16T14:21:47.021+0800: 2.063: [GC (System.gc()) 
Desired survivor size 524288 bytes, new threshold 7 (max 15)
[PSYoungGen: 561K->288K(4608K)] 6332K->6058K(15872K), 0.0007347 secs] [Times: user=0.00 sys=0.00, real=0.00 secs] 
Heap after GC invocations=36 (full 17):
 PSYoungGen      total 4608K, used 288K [0x00000000ffb00000, 0x0000000100000000, 0x0000000100000000)
  eden space 4096K, 0% used [0x00000000ffb00000,0x00000000ffb00000,0x00000000fff00000)
  from space 512K, 56% used [0x00000000fff00000,0x00000000fff48000,0x00000000fff80000)
  to   space 512K, 0% used [0x00000000fff80000,0x00000000fff80000,0x0000000100000000)
 ParOldGen       total 11264K, used 5770K [0x00000000ff000000, 0x00000000ffb00000, 0x00000000ffb00000)
  object space 11264K, 51% used [0x00000000ff000000,0x00000000ff5a2b50,0x00000000ffb00000)
 Metaspace       used 3390K, capacity 4556K, committed 4864K, reserved 1056768K
  class space    used 361K, capacity 392K, committed 512K, reserved 1048576K
}
{Heap before GC invocations=37 (full 18):
 PSYoungGen      total 4608K, used 288K [0x00000000ffb00000, 0x0000000100000000, 0x0000000100000000)
  eden space 4096K, 0% used [0x00000000ffb00000,0x00000000ffb00000,0x00000000fff00000)
  from space 512K, 56% used [0x00000000fff00000,0x00000000fff48000,0x00000000fff80000)
  to   space 512K, 0% used [0x00000000fff80000,0x00000000fff80000,0x0000000100000000)
 ParOldGen       total 11264K, used 5770K [0x00000000ff000000, 0x00000000ffb00000, 0x00000000ffb00000)
  object space 11264K, 51% used [0x00000000ff000000,0x00000000ff5a2b50,0x00000000ffb00000)
 Metaspace       used 3390K, capacity 4556K, committed 4864K, reserved 1056768K
  class space    used 361K, capacity 392K, committed 512K, reserved 1048576K
2020-04-16T14:21:47.022+0800: 2.064: [Full GC (System.gc()) [PSYoungGen: 288K->0K(4608K)] [ParOldGen: 5770K->6052K(11264K)] 6058K->6052K(15872K), [Metaspace: 3390K->3390K(1056768K)], 0.0124467 secs] [Times: user=0.02 sys=0.00, real=0.01 secs] 
Heap after GC invocations=37 (full 18):
 PSYoungGen      total 4608K, used 0K [0x00000000ffb00000, 0x0000000100000000, 0x0000000100000000)
  eden space 4096K, 0% used [0x00000000ffb00000,0x00000000ffb00000,0x00000000fff00000)
  from space 512K, 0% used [0x00000000fff00000,0x00000000fff00000,0x00000000fff80000)
  to   space 512K, 0% used [0x00000000fff80000,0x00000000fff80000,0x0000000100000000)
 ParOldGen       total 11264K, used 6052K [0x00000000ff000000, 0x00000000ffb00000, 0x00000000ffb00000)
  object space 11264K, 53% used [0x00000000ff000000,0x00000000ff5e9000,0x00000000ffb00000)
 Metaspace       used 3390K, capacity 4556K, committed 4864K, reserved 1056768K
  class space    used 361K, capacity 392K, committed 512K, reserved 1048576K
}
{Heap before GC invocations=38 (full 18):
 PSYoungGen      total 4608K, used 561K [0x00000000ffb00000, 0x0000000100000000, 0x0000000100000000)
  eden space 4096K, 13% used [0x00000000ffb00000,0x00000000ffb8c7b0,0x00000000fff00000)
  from space 512K, 0% used [0x00000000fff00000,0x00000000fff00000,0x00000000fff80000)
  to   space 512K, 0% used [0x00000000fff80000,0x00000000fff80000,0x0000000100000000)
 ParOldGen       total 11264K, used 6052K [0x00000000ff000000, 0x00000000ffb00000, 0x00000000ffb00000)
  object space 11264K, 53% used [0x00000000ff000000,0x00000000ff5e9000,0x00000000ffb00000)
 Metaspace       used 3390K, capacity 4556K, committed 4864K, reserved 1056768K
  class space    used 361K, capacity 392K, committed 512K, reserved 1048576K
2020-04-16T14:21:47.159+0800: 2.201: [GC (System.gc()) 
Desired survivor size 524288 bytes, new threshold 7 (max 15)
[PSYoungGen: 561K->352K(4608K)] 6613K->6404K(15872K), 0.0006190 secs] [Times: user=0.00 sys=0.00, real=0.00 secs] 
Heap after GC invocations=38 (full 18):
 PSYoungGen      total 4608K, used 352K [0x00000000ffb00000, 0x0000000100000000, 0x0000000100000000)
  eden space 4096K, 0% used [0x00000000ffb00000,0x00000000ffb00000,0x00000000fff00000)
  from space 512K, 68% used [0x00000000fff80000,0x00000000fffd8000,0x0000000100000000)
  to   space 512K, 0% used [0x00000000fff00000,0x00000000fff00000,0x00000000fff80000)
 ParOldGen       total 11264K, used 6052K [0x00000000ff000000, 0x00000000ffb00000, 0x00000000ffb00000)
  object space 11264K, 53% used [0x00000000ff000000,0x00000000ff5e9000,0x00000000ffb00000)
 Metaspace       used 3390K, capacity 4556K, committed 4864K, reserved 1056768K
  class space    used 361K, capacity 392K, committed 512K, reserved 1048576K
}
{Heap before GC invocations=39 (full 19):
 PSYoungGen      total 4608K, used 352K [0x00000000ffb00000, 0x0000000100000000, 0x0000000100000000)
  eden space 4096K, 0% used [0x00000000ffb00000,0x00000000ffb00000,0x00000000fff00000)
  from space 512K, 68% used [0x00000000fff80000,0x00000000fffd8000,0x0000000100000000)
  to   space 512K, 0% used [0x00000000fff00000,0x00000000fff00000,0x00000000fff80000)
 ParOldGen       total 11264K, used 6052K [0x00000000ff000000, 0x00000000ffb00000, 0x00000000ffb00000)
  object space 11264K, 53% used [0x00000000ff000000,0x00000000ff5e9000,0x00000000ffb00000)
 Metaspace       used 3390K, capacity 4556K, committed 4864K, reserved 1056768K
  class space    used 361K, capacity 392K, committed 512K, reserved 1048576K
2020-04-16T14:21:47.160+0800: 2.202: [Full GC (System.gc()) [PSYoungGen: 352K->0K(4608K)] [ParOldGen: 6052K->6333K(11264K)] 6404K->6333K(15872K), [Metaspace: 3390K->3390K(1056768K)], 0.0126257 secs] [Times: user=0.05 sys=0.00, real=0.01 secs] 
Heap after GC invocations=39 (full 19):
 PSYoungGen      total 4608K, used 0K [0x00000000ffb00000, 0x0000000100000000, 0x0000000100000000)
  eden space 4096K, 0% used [0x00000000ffb00000,0x00000000ffb00000,0x00000000fff00000)
  from space 512K, 0% used [0x00000000fff80000,0x00000000fff80000,0x0000000100000000)
  to   space 512K, 0% used [0x00000000fff00000,0x00000000fff00000,0x00000000fff80000)
 ParOldGen       total 11264K, used 6333K [0x00000000ff000000, 0x00000000ffb00000, 0x00000000ffb00000)
  object space 11264K, 56% used [0x00000000ff000000,0x00000000ff62f4b0,0x00000000ffb00000)
 Metaspace       used 3390K, capacity 4556K, committed 4864K, reserved 1056768K
  class space    used 361K, capacity 392K, committed 512K, reserved 1048576K
}
{Heap before GC invocations=40 (full 19):
 PSYoungGen      total 4608K, used 561K [0x00000000ffb00000, 0x0000000100000000, 0x0000000100000000)
  eden space 4096K, 13% used [0x00000000ffb00000,0x00000000ffb8c778,0x00000000fff00000)
  from space 512K, 0% used [0x00000000fff80000,0x00000000fff80000,0x0000000100000000)
  to   space 512K, 0% used [0x00000000fff00000,0x00000000fff00000,0x00000000fff80000)
 ParOldGen       total 11264K, used 6333K [0x00000000ff000000, 0x00000000ffb00000, 0x00000000ffb00000)
  object space 11264K, 56% used [0x00000000ff000000,0x00000000ff62f4b0,0x00000000ffb00000)
 Metaspace       used 3390K, capacity 4556K, committed 4864K, reserved 1056768K
  class space    used 361K, capacity 392K, committed 512K, reserved 1048576K
2020-04-16T14:21:47.233+0800: 2.275: [GC (System.gc()) 
Desired survivor size 524288 bytes, new threshold 7 (max 15)
[PSYoungGen: 561K->320K(4608K)] 6895K->6653K(15872K), 0.0009786 secs] [Times: user=0.00 sys=0.00, real=0.00 secs] 
Heap after GC invocations=40 (full 19):
 PSYoungGen      total 4608K, used 320K [0x00000000ffb00000, 0x0000000100000000, 0x0000000100000000)
  eden space 4096K, 0% used [0x00000000ffb00000,0x00000000ffb00000,0x00000000fff00000)
  from space 512K, 62% used [0x00000000fff00000,0x00000000fff50000,0x00000000fff80000)
  to   space 512K, 0% used [0x00000000fff80000,0x00000000fff80000,0x0000000100000000)
 ParOldGen       total 11264K, used 6333K [0x00000000ff000000, 0x00000000ffb00000, 0x00000000ffb00000)
  object space 11264K, 56% used [0x00000000ff000000,0x00000000ff62f4b0,0x00000000ffb00000)
 Metaspace       used 3390K, capacity 4556K, committed 4864K, reserved 1056768K
  class space    used 361K, capacity 392K, committed 512K, reserved 1048576K
}
{Heap before GC invocations=41 (full 20):
 PSYoungGen      total 4608K, used 320K [0x00000000ffb00000, 0x0000000100000000, 0x0000000100000000)
  eden space 4096K, 0% used [0x00000000ffb00000,0x00000000ffb00000,0x00000000fff00000)
  from space 512K, 62% used [0x00000000fff00000,0x00000000fff50000,0x00000000fff80000)
  to   space 512K, 0% used [0x00000000fff80000,0x00000000fff80000,0x0000000100000000)
 ParOldGen       total 11264K, used 6333K [0x00000000ff000000, 0x00000000ffb00000, 0x00000000ffb00000)
  object space 11264K, 56% used [0x00000000ff000000,0x00000000ff62f4b0,0x00000000ffb00000)
 Metaspace       used 3390K, capacity 4556K, committed 4864K, reserved 1056768K
  class space    used 361K, capacity 392K, committed 512K, reserved 1048576K
2020-04-16T14:21:47.234+0800: 2.276: [Full GC (System.gc()) [PSYoungGen: 320K->0K(4608K)] [ParOldGen: 6333K->6614K(11264K)] 6653K->6614K(15872K), [Metaspace: 3390K->3390K(1056768K)], 0.0105234 secs] [Times: user=0.00 sys=0.00, real=0.01 secs] 
Heap after GC invocations=41 (full 20):
 PSYoungGen      total 4608K, used 0K [0x00000000ffb00000, 0x0000000100000000, 0x0000000100000000)
  eden space 4096K, 0% used [0x00000000ffb00000,0x00000000ffb00000,0x00000000fff00000)
  from space 512K, 0% used [0x00000000fff00000,0x00000000fff00000,0x00000000fff80000)
  to   space 512K, 0% used [0x00000000fff80000,0x00000000fff80000,0x0000000100000000)
 ParOldGen       total 11264K, used 6614K [0x00000000ff000000, 0x00000000ffb00000, 0x00000000ffb00000)
  object space 11264K, 58% used [0x00000000ff000000,0x00000000ff675960,0x00000000ffb00000)
 Metaspace       used 3390K, capacity 4556K, committed 4864K, reserved 1056768K
  class space    used 361K, capacity 392K, committed 512K, reserved 1048576K
}
{Heap before GC invocations=42 (full 20):
 PSYoungGen      total 4608K, used 561K [0x00000000ffb00000, 0x0000000100000000, 0x0000000100000000)
  eden space 4096K, 13% used [0x00000000ffb00000,0x00000000ffb8c7e8,0x00000000fff00000)
  from space 512K, 0% used [0x00000000fff00000,0x00000000fff00000,0x00000000fff80000)
  to   space 512K, 0% used [0x00000000fff80000,0x00000000fff80000,0x0000000100000000)
 ParOldGen       total 11264K, used 6614K [0x00000000ff000000, 0x00000000ffb00000, 0x00000000ffb00000)
  object space 11264K, 58% used [0x00000000ff000000,0x00000000ff675960,0x00000000ffb00000)
 Metaspace       used 3390K, capacity 4556K, committed 4864K, reserved 1056768K
  class space    used 361K, capacity 392K, committed 512K, reserved 1048576K
2020-04-16T14:21:47.441+0800: 2.483: [GC (System.gc()) 
Desired survivor size 524288 bytes, new threshold 7 (max 15)
[PSYoungGen: 561K->320K(4608K)] 7176K->6934K(15872K), 0.0006968 secs] [Times: user=0.00 sys=0.00, real=0.00 secs] 
Heap after GC invocations=42 (full 20):
 PSYoungGen      total 4608K, used 320K [0x00000000ffb00000, 0x0000000100000000, 0x0000000100000000)
  eden space 4096K, 0% used [0x00000000ffb00000,0x00000000ffb00000,0x00000000fff00000)
  from space 512K, 62% used [0x00000000fff80000,0x00000000fffd0000,0x0000000100000000)
  to   space 512K, 0% used [0x00000000fff00000,0x00000000fff00000,0x00000000fff80000)
 ParOldGen       total 11264K, used 6614K [0x00000000ff000000, 0x00000000ffb00000, 0x00000000ffb00000)
  object space 11264K, 58% used [0x00000000ff000000,0x00000000ff675960,0x00000000ffb00000)
 Metaspace       used 3390K, capacity 4556K, committed 4864K, reserved 1056768K
  class space    used 361K, capacity 392K, committed 512K, reserved 1048576K
}
{Heap before GC invocations=43 (full 21):
 PSYoungGen      total 4608K, used 320K [0x00000000ffb00000, 0x0000000100000000, 0x0000000100000000)
  eden space 4096K, 0% used [0x00000000ffb00000,0x00000000ffb00000,0x00000000fff00000)
  from space 512K, 62% used [0x00000000fff80000,0x00000000fffd0000,0x0000000100000000)
  to   space 512K, 0% used [0x00000000fff00000,0x00000000fff00000,0x00000000fff80000)
 ParOldGen       total 11264K, used 6614K [0x00000000ff000000, 0x00000000ffb00000, 0x00000000ffb00000)
  object space 11264K, 58% used [0x00000000ff000000,0x00000000ff675960,0x00000000ffb00000)
 Metaspace       used 3390K, capacity 4556K, committed 4864K, reserved 1056768K
  class space    used 361K, capacity 392K, committed 512K, reserved 1048576K
2020-04-16T14:21:47.442+0800: 2.484: [Full GC (System.gc()) [PSYoungGen: 320K->0K(4608K)] [ParOldGen: 6614K->6895K(11264K)] 6934K->6895K(15872K), [Metaspace: 3390K->3390K(1056768K)], 0.0147246 secs] [Times: user=0.00 sys=0.02, real=0.02 secs] 
Heap after GC invocations=43 (full 21):
 PSYoungGen      total 4608K, used 0K [0x00000000ffb00000, 0x0000000100000000, 0x0000000100000000)
  eden space 4096K, 0% used [0x00000000ffb00000,0x00000000ffb00000,0x00000000fff00000)
  from space 512K, 0% used [0x00000000fff80000,0x00000000fff80000,0x0000000100000000)
  to   space 512K, 0% used [0x00000000fff00000,0x00000000fff00000,0x00000000fff80000)
 ParOldGen       total 11264K, used 6895K [0x00000000ff000000, 0x00000000ffb00000, 0x00000000ffb00000)
  object space 11264K, 61% used [0x00000000ff000000,0x00000000ff6bbe10,0x00000000ffb00000)
 Metaspace       used 3390K, capacity 4556K, committed 4864K, reserved 1056768K
  class space    used 361K, capacity 392K, committed 512K, reserved 1048576K
}
{Heap before GC invocations=44 (full 21):
 PSYoungGen      total 4608K, used 685K [0x00000000ffb00000, 0x0000000100000000, 0x0000000100000000)
  eden space 4096K, 16% used [0x00000000ffb00000,0x00000000ffbab590,0x00000000fff00000)
  from space 512K, 0% used [0x00000000fff80000,0x00000000fff80000,0x0000000100000000)
  to   space 512K, 0% used [0x00000000fff00000,0x00000000fff00000,0x00000000fff80000)
 ParOldGen       total 11264K, used 6895K [0x00000000ff000000, 0x00000000ffb00000, 0x00000000ffb00000)
  object space 11264K, 61% used [0x00000000ff000000,0x00000000ff6bbe10,0x00000000ffb00000)
 Metaspace       used 3390K, capacity 4556K, committed 4864K, reserved 1056768K
  class space    used 361K, capacity 392K, committed 512K, reserved 1048576K
2020-04-16T14:21:47.523+0800: 2.565: [GC (System.gc()) 
Desired survivor size 524288 bytes, new threshold 7 (max 15)
[PSYoungGen: 685K->411K(4608K)] 7580K->7307K(15872K), 0.0008912 secs] [Times: user=0.00 sys=0.00, real=0.00 secs] 
Heap after GC invocations=44 (full 21):
 PSYoungGen      total 4608K, used 411K [0x00000000ffb00000, 0x0000000100000000, 0x0000000100000000)
  eden space 4096K, 0% used [0x00000000ffb00000,0x00000000ffb00000,0x00000000fff00000)
  from space 512K, 80% used [0x00000000fff00000,0x00000000fff66e18,0x00000000fff80000)
  to   space 512K, 0% used [0x00000000fff80000,0x00000000fff80000,0x0000000100000000)
 ParOldGen       total 11264K, used 6895K [0x00000000ff000000, 0x00000000ffb00000, 0x00000000ffb00000)
  object space 11264K, 61% used [0x00000000ff000000,0x00000000ff6bbe10,0x00000000ffb00000)
 Metaspace       used 3390K, capacity 4556K, committed 4864K, reserved 1056768K
  class space    used 361K, capacity 392K, committed 512K, reserved 1048576K
}
{Heap before GC invocations=45 (full 22):
 PSYoungGen      total 4608K, used 411K [0x00000000ffb00000, 0x0000000100000000, 0x0000000100000000)
  eden space 4096K, 0% used [0x00000000ffb00000,0x00000000ffb00000,0x00000000fff00000)
  from space 512K, 80% used [0x00000000fff00000,0x00000000fff66e18,0x00000000fff80000)
  to   space 512K, 0% used [0x00000000fff80000,0x00000000fff80000,0x0000000100000000)
 ParOldGen       total 11264K, used 6895K [0x00000000ff000000, 0x00000000ffb00000, 0x00000000ffb00000)
  object space 11264K, 61% used [0x00000000ff000000,0x00000000ff6bbe10,0x00000000ffb00000)
 Metaspace       used 3390K, capacity 4556K, committed 4864K, reserved 1056768K
  class space    used 361K, capacity 392K, committed 512K, reserved 1048576K
2020-04-16T14:21:47.524+0800: 2.566: [Full GC (System.gc()) [PSYoungGen: 411K->0K(4608K)] [ParOldGen: 6895K->7217K(11264K)] 7307K->7217K(15872K), [Metaspace: 3390K->3390K(1056768K)], 0.0202505 secs] [Times: user=0.03 sys=0.00, real=0.02 secs] 
Heap after GC invocations=45 (full 22):
 PSYoungGen      total 4608K, used 0K [0x00000000ffb00000, 0x0000000100000000, 0x0000000100000000)
  eden space 4096K, 0% used [0x00000000ffb00000,0x00000000ffb00000,0x00000000fff00000)
  from space 512K, 0% used [0x00000000fff00000,0x00000000fff00000,0x00000000fff80000)
  to   space 512K, 0% used [0x00000000fff80000,0x00000000fff80000,0x0000000100000000)
 ParOldGen       total 11264K, used 7217K [0x00000000ff000000, 0x00000000ffb00000, 0x00000000ffb00000)
  object space 11264K, 64% used [0x00000000ff000000,0x00000000ff70c768,0x00000000ffb00000)
 Metaspace       used 3390K, capacity 4556K, committed 4864K, reserved 1056768K
  class space    used 361K, capacity 392K, committed 512K, reserved 1048576K
}
{Heap before GC invocations=46 (full 22):
 PSYoungGen      total 4608K, used 561K [0x00000000ffb00000, 0x0000000100000000, 0x0000000100000000)
  eden space 4096K, 13% used [0x00000000ffb00000,0x00000000ffb8c778,0x00000000fff00000)
  from space 512K, 0% used [0x00000000fff00000,0x00000000fff00000,0x00000000fff80000)
  to   space 512K, 0% used [0x00000000fff80000,0x00000000fff80000,0x0000000100000000)
 ParOldGen       total 11264K, used 7217K [0x00000000ff000000, 0x00000000ffb00000, 0x00000000ffb00000)
  object space 11264K, 64% used [0x00000000ff000000,0x00000000ff70c768,0x00000000ffb00000)
 Metaspace       used 3390K, capacity 4556K, committed 4864K, reserved 1056768K
  class space    used 361K, capacity 392K, committed 512K, reserved 1048576K
2020-04-16T14:21:47.545+0800: 2.587: [GC (System.gc()) 
Desired survivor size 524288 bytes, new threshold 7 (max 15)
[PSYoungGen: 561K->320K(4608K)] 7779K->7537K(15872K), 0.0006948 secs] [Times: user=0.01 sys=0.02, real=0.00 secs] 
Heap after GC invocations=46 (full 22):
 PSYoungGen      total 4608K, used 320K [0x00000000ffb00000, 0x0000000100000000, 0x0000000100000000)
  eden space 4096K, 0% used [0x00000000ffb00000,0x00000000ffb00000,0x00000000fff00000)
  from space 512K, 62% used [0x00000000fff80000,0x00000000fffd0000,0x0000000100000000)
  to   space 512K, 0% used [0x00000000fff00000,0x00000000fff00000,0x00000000fff80000)
 ParOldGen       total 11264K, used 7217K [0x00000000ff000000, 0x00000000ffb00000, 0x00000000ffb00000)
  object space 11264K, 64% used [0x00000000ff000000,0x00000000ff70c768,0x00000000ffb00000)
 Metaspace       used 3390K, capacity 4556K, committed 4864K, reserved 1056768K
  class space    used 361K, capacity 392K, committed 512K, reserved 1048576K
}
{Heap before GC invocations=47 (full 23):
 PSYoungGen      total 4608K, used 320K [0x00000000ffb00000, 0x0000000100000000, 0x0000000100000000)
  eden space 4096K, 0% used [0x00000000ffb00000,0x00000000ffb00000,0x00000000fff00000)
  from space 512K, 62% used [0x00000000fff80000,0x00000000fffd0000,0x0000000100000000)
  to   space 512K, 0% used [0x00000000fff00000,0x00000000fff00000,0x00000000fff80000)
 ParOldGen       total 11264K, used 7217K [0x00000000ff000000, 0x00000000ffb00000, 0x00000000ffb00000)
  object space 11264K, 64% used [0x00000000ff000000,0x00000000ff70c768,0x00000000ffb00000)
 Metaspace       used 3390K, capacity 4556K, committed 4864K, reserved 1056768K
  class space    used 361K, capacity 392K, committed 512K, reserved 1048576K
2020-04-16T14:21:47.546+0800: 2.588: [Full GC (System.gc()) [PSYoungGen: 320K->0K(4608K)] [ParOldGen: 7217K->7499K(11264K)] 7537K->7499K(15872K), [Metaspace: 3390K->3390K(1056768K)], 0.0195643 secs] [Times: user=0.03 sys=0.00, real=0.02 secs] 
Heap after GC invocations=47 (full 23):
 PSYoungGen      total 4608K, used 0K [0x00000000ffb00000, 0x0000000100000000, 0x0000000100000000)
  eden space 4096K, 0% used [0x00000000ffb00000,0x00000000ffb00000,0x00000000fff00000)
  from space 512K, 0% used [0x00000000fff80000,0x00000000fff80000,0x0000000100000000)
  to   space 512K, 0% used [0x00000000fff00000,0x00000000fff00000,0x00000000fff80000)
 ParOldGen       total 11264K, used 7499K [0x00000000ff000000, 0x00000000ffb00000, 0x00000000ffb00000)
  object space 11264K, 66% used [0x00000000ff000000,0x00000000ff752c18,0x00000000ffb00000)
 Metaspace       used 3390K, capacity 4556K, committed 4864K, reserved 1056768K
  class space    used 361K, capacity 392K, committed 512K, reserved 1048576K
}
{Heap before GC invocations=48 (full 23):
 PSYoungGen      total 4608K, used 561K [0x00000000ffb00000, 0x0000000100000000, 0x0000000100000000)
  eden space 4096K, 13% used [0x00000000ffb00000,0x00000000ffb8c778,0x00000000fff00000)
  from space 512K, 0% used [0x00000000fff80000,0x00000000fff80000,0x0000000100000000)
  to   space 512K, 0% used [0x00000000fff00000,0x00000000fff00000,0x00000000fff80000)
 ParOldGen       total 11264K, used 7499K [0x00000000ff000000, 0x00000000ffb00000, 0x00000000ffb00000)
  object space 11264K, 66% used [0x00000000ff000000,0x00000000ff752c18,0x00000000ffb00000)
 Metaspace       used 3390K, capacity 4556K, committed 4864K, reserved 1056768K
  class space    used 361K, capacity 392K, committed 512K, reserved 1048576K
2020-04-16T14:21:47.577+0800: 2.619: [GC (System.gc()) 
Desired survivor size 524288 bytes, new threshold 7 (max 15)
[PSYoungGen: 561K->352K(4608K)] 8060K->7851K(15872K), 0.0006630 secs] [Times: user=0.00 sys=0.00, real=0.00 secs] 
Heap after GC invocations=48 (full 23):
 PSYoungGen      total 4608K, used 352K [0x00000000ffb00000, 0x0000000100000000, 0x0000000100000000)
  eden space 4096K, 0% used [0x00000000ffb00000,0x00000000ffb00000,0x00000000fff00000)
  from space 512K, 68% used [0x00000000fff00000,0x00000000fff58000,0x00000000fff80000)
  to   space 512K, 0% used [0x00000000fff80000,0x00000000fff80000,0x0000000100000000)
 ParOldGen       total 11264K, used 7499K [0x00000000ff000000, 0x00000000ffb00000, 0x00000000ffb00000)
  object space 11264K, 66% used [0x00000000ff000000,0x00000000ff752c18,0x00000000ffb00000)
 Metaspace       used 3390K, capacity 4556K, committed 4864K, reserved 1056768K
  class space    used 361K, capacity 392K, committed 512K, reserved 1048576K
}
{Heap before GC invocations=49 (full 24):
 PSYoungGen      total 4608K, used 352K [0x00000000ffb00000, 0x0000000100000000, 0x0000000100000000)
  eden space 4096K, 0% used [0x00000000ffb00000,0x00000000ffb00000,0x00000000fff00000)
  from space 512K, 68% used [0x00000000fff00000,0x00000000fff58000,0x00000000fff80000)
  to   space 512K, 0% used [0x00000000fff80000,0x00000000fff80000,0x0000000100000000)
 ParOldGen       total 11264K, used 7499K [0x00000000ff000000, 0x00000000ffb00000, 0x00000000ffb00000)
  object space 11264K, 66% used [0x00000000ff000000,0x00000000ff752c18,0x00000000ffb00000)
 Metaspace       used 3390K, capacity 4556K, committed 4864K, reserved 1056768K
  class space    used 361K, capacity 392K, committed 512K, reserved 1048576K
2020-04-16T14:21:47.578+0800: 2.620: [Full GC (System.gc()) [PSYoungGen: 352K->0K(4608K)] [ParOldGen: 7499K->7780K(11264K)] 7851K->7780K(15872K), [Metaspace: 3390K->3390K(1056768K)], 0.0152476 secs] [Times: user=0.05 sys=0.00, real=0.01 secs] 
Heap after GC invocations=49 (full 24):
 PSYoungGen      total 4608K, used 0K [0x00000000ffb00000, 0x0000000100000000, 0x0000000100000000)
  eden space 4096K, 0% used [0x00000000ffb00000,0x00000000ffb00000,0x00000000fff00000)
  from space 512K, 0% used [0x00000000fff00000,0x00000000fff00000,0x00000000fff80000)
  to   space 512K, 0% used [0x00000000fff80000,0x00000000fff80000,0x0000000100000000)
 ParOldGen       total 11264K, used 7780K [0x00000000ff000000, 0x00000000ffb00000, 0x00000000ffb00000)
  object space 11264K, 69% used [0x00000000ff000000,0x00000000ff7990c8,0x00000000ffb00000)
 Metaspace       used 3390K, capacity 4556K, committed 4864K, reserved 1056768K
  class space    used 361K, capacity 392K, committed 512K, reserved 1048576K
}
{Heap before GC invocations=50 (full 24):
 PSYoungGen      total 4608K, used 561K [0x00000000ffb00000, 0x0000000100000000, 0x0000000100000000)
  eden space 4096K, 13% used [0x00000000ffb00000,0x00000000ffb8c778,0x00000000fff00000)
  from space 512K, 0% used [0x00000000fff00000,0x00000000fff00000,0x00000000fff80000)
  to   space 512K, 0% used [0x00000000fff80000,0x00000000fff80000,0x0000000100000000)
 ParOldGen       total 11264K, used 7780K [0x00000000ff000000, 0x00000000ffb00000, 0x00000000ffb00000)
  object space 11264K, 69% used [0x00000000ff000000,0x00000000ff7990c8,0x00000000ffb00000)
 Metaspace       used 3390K, capacity 4556K, committed 4864K, reserved 1056768K
  class space    used 361K, capacity 392K, committed 512K, reserved 1048576K
2020-04-16T14:21:47.609+0800: 2.651: [GC (System.gc()) 
Desired survivor size 524288 bytes, new threshold 7 (max 15)
[PSYoungGen: 561K->352K(4608K)] 8342K->8132K(15872K), 0.0005617 secs] [Times: user=0.00 sys=0.00, real=0.00 secs] 
Heap after GC invocations=50 (full 24):
 PSYoungGen      total 4608K, used 352K [0x00000000ffb00000, 0x0000000100000000, 0x0000000100000000)
  eden space 4096K, 0% used [0x00000000ffb00000,0x00000000ffb00000,0x00000000fff00000)
  from space 512K, 68% used [0x00000000fff80000,0x00000000fffd8000,0x0000000100000000)
  to   space 512K, 0% used [0x00000000fff00000,0x00000000fff00000,0x00000000fff80000)
 ParOldGen       total 11264K, used 7780K [0x00000000ff000000, 0x00000000ffb00000, 0x00000000ffb00000)
  object space 11264K, 69% used [0x00000000ff000000,0x00000000ff7990c8,0x00000000ffb00000)
 Metaspace       used 3390K, capacity 4556K, committed 4864K, reserved 1056768K
  class space    used 361K, capacity 392K, committed 512K, reserved 1048576K
}
{Heap before GC invocations=51 (full 25):
 PSYoungGen      total 4608K, used 352K [0x00000000ffb00000, 0x0000000100000000, 0x0000000100000000)
  eden space 4096K, 0% used [0x00000000ffb00000,0x00000000ffb00000,0x00000000fff00000)
  from space 512K, 68% used [0x00000000fff80000,0x00000000fffd8000,0x0000000100000000)
  to   space 512K, 0% used [0x00000000fff00000,0x00000000fff00000,0x00000000fff80000)
 ParOldGen       total 11264K, used 7780K [0x00000000ff000000, 0x00000000ffb00000, 0x00000000ffb00000)
  object space 11264K, 69% used [0x00000000ff000000,0x00000000ff7990c8,0x00000000ffb00000)
 Metaspace       used 3390K, capacity 4556K, committed 4864K, reserved 1056768K
  class space    used 361K, capacity 392K, committed 512K, reserved 1048576K
2020-04-16T14:21:47.610+0800: 2.651: [Full GC (System.gc()) [PSYoungGen: 352K->0K(4608K)] [ParOldGen: 7780K->8061K(11264K)] 8132K->8061K(15872K), [Metaspace: 3390K->3390K(1056768K)], 0.0134928 secs] [Times: user=0.00 sys=0.00, real=0.01 secs] 
Heap after GC invocations=51 (full 25):
 PSYoungGen      total 4608K, used 0K [0x00000000ffb00000, 0x0000000100000000, 0x0000000100000000)
  eden space 4096K, 0% used [0x00000000ffb00000,0x00000000ffb00000,0x00000000fff00000)
  from space 512K, 0% used [0x00000000fff80000,0x00000000fff80000,0x0000000100000000)
  to   space 512K, 0% used [0x00000000fff00000,0x00000000fff00000,0x00000000fff80000)
 ParOldGen       total 11264K, used 8061K [0x00000000ff000000, 0x00000000ffb00000, 0x00000000ffb00000)
  object space 11264K, 71% used [0x00000000ff000000,0x00000000ff7df578,0x00000000ffb00000)
 Metaspace       used 3390K, capacity 4556K, committed 4864K, reserved 1056768K
  class space    used 361K, capacity 392K, committed 512K, reserved 1048576K
}
{Heap before GC invocations=52 (full 25):
 PSYoungGen      total 4608K, used 561K [0x00000000ffb00000, 0x0000000100000000, 0x0000000100000000)
  eden space 4096K, 13% used [0x00000000ffb00000,0x00000000ffb8c7e8,0x00000000fff00000)
  from space 512K, 0% used [0x00000000fff80000,0x00000000fff80000,0x0000000100000000)
  to   space 512K, 0% used [0x00000000fff00000,0x00000000fff00000,0x00000000fff80000)
 ParOldGen       total 11264K, used 8061K [0x00000000ff000000, 0x00000000ffb00000, 0x00000000ffb00000)
  object space 11264K, 71% used [0x00000000ff000000,0x00000000ff7df578,0x00000000ffb00000)
 Metaspace       used 3390K, capacity 4556K, committed 4864K, reserved 1056768K
  class space    used 361K, capacity 392K, committed 512K, reserved 1048576K
2020-04-16T14:21:47.744+0800: 2.786: [GC (System.gc()) 
Desired survivor size 524288 bytes, new threshold 7 (max 15)
[PSYoungGen: 561K->352K(4608K)] 8623K->8413K(15872K), 0.0010227 secs] [Times: user=0.00 sys=0.00, real=0.00 secs] 
Heap after GC invocations=52 (full 25):
 PSYoungGen      total 4608K, used 352K [0x00000000ffb00000, 0x0000000100000000, 0x0000000100000000)
  eden space 4096K, 0% used [0x00000000ffb00000,0x00000000ffb00000,0x00000000fff00000)
  from space 512K, 68% used [0x00000000fff00000,0x00000000fff58000,0x00000000fff80000)
  to   space 512K, 0% used [0x00000000fff80000,0x00000000fff80000,0x0000000100000000)
 ParOldGen       total 11264K, used 8061K [0x00000000ff000000, 0x00000000ffb00000, 0x00000000ffb00000)
  object space 11264K, 71% used [0x00000000ff000000,0x00000000ff7df578,0x00000000ffb00000)
 Metaspace       used 3390K, capacity 4556K, committed 4864K, reserved 1056768K
  class space    used 361K, capacity 392K, committed 512K, reserved 1048576K
}
{Heap before GC invocations=53 (full 26):
 PSYoungGen      total 4608K, used 352K [0x00000000ffb00000, 0x0000000100000000, 0x0000000100000000)
  eden space 4096K, 0% used [0x00000000ffb00000,0x00000000ffb00000,0x00000000fff00000)
  from space 512K, 68% used [0x00000000fff00000,0x00000000fff58000,0x00000000fff80000)
  to   space 512K, 0% used [0x00000000fff80000,0x00000000fff80000,0x0000000100000000)
 ParOldGen       total 11264K, used 8061K [0x00000000ff000000, 0x00000000ffb00000, 0x00000000ffb00000)
  object space 11264K, 71% used [0x00000000ff000000,0x00000000ff7df578,0x00000000ffb00000)
 Metaspace       used 3390K, capacity 4556K, committed 4864K, reserved 1056768K
  class space    used 361K, capacity 392K, committed 512K, reserved 1048576K
2020-04-16T14:21:47.745+0800: 2.788: [Full GC (System.gc()) [PSYoungGen: 352K->0K(4608K)] [ParOldGen: 8061K->8342K(11264K)] 8413K->8342K(15872K), [Metaspace: 3390K->3390K(1056768K)], 0.0233972 secs] [Times: user=0.08 sys=0.00, real=0.02 secs] 
Heap after GC invocations=53 (full 26):
 PSYoungGen      total 4608K, used 0K [0x00000000ffb00000, 0x0000000100000000, 0x0000000100000000)
  eden space 4096K, 0% used [0x00000000ffb00000,0x00000000ffb00000,0x00000000fff00000)
  from space 512K, 0% used [0x00000000fff00000,0x00000000fff00000,0x00000000fff80000)
  to   space 512K, 0% used [0x00000000fff80000,0x00000000fff80000,0x0000000100000000)
 ParOldGen       total 11264K, used 8342K [0x00000000ff000000, 0x00000000ffb00000, 0x00000000ffb00000)
  object space 11264K, 74% used [0x00000000ff000000,0x00000000ff825a28,0x00000000ffb00000)
 Metaspace       used 3390K, capacity 4556K, committed 4864K, reserved 1056768K
  class space    used 361K, capacity 392K, committed 512K, reserved 1048576K
}
{Heap before GC invocations=54 (full 26):
 PSYoungGen      total 4608K, used 561K [0x00000000ffb00000, 0x0000000100000000, 0x0000000100000000)
  eden space 4096K, 13% used [0x00000000ffb00000,0x00000000ffb8c7e8,0x00000000fff00000)
  from space 512K, 0% used [0x00000000fff00000,0x00000000fff00000,0x00000000fff80000)
  to   space 512K, 0% used [0x00000000fff80000,0x00000000fff80000,0x0000000100000000)
 ParOldGen       total 11264K, used 8342K [0x00000000ff000000, 0x00000000ffb00000, 0x00000000ffb00000)
  object space 11264K, 74% used [0x00000000ff000000,0x00000000ff825a28,0x00000000ffb00000)
 Metaspace       used 3390K, capacity 4556K, committed 4864K, reserved 1056768K
  class space    used 361K, capacity 392K, committed 512K, reserved 1048576K
2020-04-16T14:21:48.029+0800: 3.071: [GC (System.gc()) 
Desired survivor size 524288 bytes, new threshold 7 (max 15)
[PSYoungGen: 561K->320K(4608K)] 8904K->8662K(15872K), 0.0019378 secs] [Times: user=0.02 sys=0.02, real=0.00 secs] 
Heap after GC invocations=54 (full 26):
 PSYoungGen      total 4608K, used 320K [0x00000000ffb00000, 0x0000000100000000, 0x0000000100000000)
  eden space 4096K, 0% used [0x00000000ffb00000,0x00000000ffb00000,0x00000000fff00000)
  from space 512K, 62% used [0x00000000fff80000,0x00000000fffd0000,0x0000000100000000)
  to   space 512K, 0% used [0x00000000fff00000,0x00000000fff00000,0x00000000fff80000)
 ParOldGen       total 11264K, used 8342K [0x00000000ff000000, 0x00000000ffb00000, 0x00000000ffb00000)
  object space 11264K, 74% used [0x00000000ff000000,0x00000000ff825a28,0x00000000ffb00000)
 Metaspace       used 3390K, capacity 4556K, committed 4864K, reserved 1056768K
  class space    used 361K, capacity 392K, committed 512K, reserved 1048576K
}
{Heap before GC invocations=55 (full 27):
 PSYoungGen      total 4608K, used 320K [0x00000000ffb00000, 0x0000000100000000, 0x0000000100000000)
  eden space 4096K, 0% used [0x00000000ffb00000,0x00000000ffb00000,0x00000000fff00000)
  from space 512K, 62% used [0x00000000fff80000,0x00000000fffd0000,0x0000000100000000)
  to   space 512K, 0% used [0x00000000fff00000,0x00000000fff00000,0x00000000fff80000)
 ParOldGen       total 11264K, used 8342K [0x00000000ff000000, 0x00000000ffb00000, 0x00000000ffb00000)
  object space 11264K, 74% used [0x00000000ff000000,0x00000000ff825a28,0x00000000ffb00000)
 Metaspace       used 3390K, capacity 4556K, committed 4864K, reserved 1056768K
  class space    used 361K, capacity 392K, committed 512K, reserved 1048576K
2020-04-16T14:21:48.032+0800: 3.073: [Full GC (System.gc()) [PSYoungGen: 320K->0K(4608K)] [ParOldGen: 8342K->8623K(11264K)] 8662K->8623K(15872K), [Metaspace: 3390K->3390K(1056768K)], 0.0317992 secs] [Times: user=0.13 sys=0.00, real=0.03 secs] 
Heap after GC invocations=55 (full 27):
 PSYoungGen      total 4608K, used 0K [0x00000000ffb00000, 0x0000000100000000, 0x0000000100000000)
  eden space 4096K, 0% used [0x00000000ffb00000,0x00000000ffb00000,0x00000000fff00000)
  from space 512K, 0% used [0x00000000fff80000,0x00000000fff80000,0x0000000100000000)
  to   space 512K, 0% used [0x00000000fff00000,0x00000000fff00000,0x00000000fff80000)
 ParOldGen       total 11264K, used 8623K [0x00000000ff000000, 0x00000000ffb00000, 0x00000000ffb00000)
  object space 11264K, 76% used [0x00000000ff000000,0x00000000ff86bed8,0x00000000ffb00000)
 Metaspace       used 3390K, capacity 4556K, committed 4864K, reserved 1056768K
  class space    used 361K, capacity 392K, committed 512K, reserved 1048576K
}
{Heap before GC invocations=56 (full 27):
 PSYoungGen      total 4608K, used 561K [0x00000000ffb00000, 0x0000000100000000, 0x0000000100000000)
  eden space 4096K, 13% used [0x00000000ffb00000,0x00000000ffb8c7b0,0x00000000fff00000)
  from space 512K, 0% used [0x00000000fff80000,0x00000000fff80000,0x0000000100000000)
  to   space 512K, 0% used [0x00000000fff00000,0x00000000fff00000,0x00000000fff80000)
 ParOldGen       total 11264K, used 8623K [0x00000000ff000000, 0x00000000ffb00000, 0x00000000ffb00000)
  object space 11264K, 76% used [0x00000000ff000000,0x00000000ff86bed8,0x00000000ffb00000)
 Metaspace       used 3390K, capacity 4556K, committed 4864K, reserved 1056768K
  class space    used 361K, capacity 392K, committed 512K, reserved 1048576K
2020-04-16T14:21:48.221+0800: 3.262: [GC (System.gc()) 
Desired survivor size 524288 bytes, new threshold 7 (max 15)
[PSYoungGen: 561K->352K(4608K)] 9185K->8975K(15872K), 0.0019556 secs] [Times: user=0.00 sys=0.00, real=0.00 secs] 
Heap after GC invocations=56 (full 27):
 PSYoungGen      total 4608K, used 352K [0x00000000ffb00000, 0x0000000100000000, 0x0000000100000000)
  eden space 4096K, 0% used [0x00000000ffb00000,0x00000000ffb00000,0x00000000fff00000)
  from space 512K, 68% used [0x00000000fff00000,0x00000000fff58000,0x00000000fff80000)
  to   space 512K, 0% used [0x00000000fff80000,0x00000000fff80000,0x0000000100000000)
 ParOldGen       total 11264K, used 8623K [0x00000000ff000000, 0x00000000ffb00000, 0x00000000ffb00000)
  object space 11264K, 76% used [0x00000000ff000000,0x00000000ff86bed8,0x00000000ffb00000)
 Metaspace       used 3390K, capacity 4556K, committed 4864K, reserved 1056768K
  class space    used 361K, capacity 392K, committed 512K, reserved 1048576K
}
{Heap before GC invocations=57 (full 28):
 PSYoungGen      total 4608K, used 352K [0x00000000ffb00000, 0x0000000100000000, 0x0000000100000000)
  eden space 4096K, 0% used [0x00000000ffb00000,0x00000000ffb00000,0x00000000fff00000)
  from space 512K, 68% used [0x00000000fff00000,0x00000000fff58000,0x00000000fff80000)
  to   space 512K, 0% used [0x00000000fff80000,0x00000000fff80000,0x0000000100000000)
 ParOldGen       total 11264K, used 8623K [0x00000000ff000000, 0x00000000ffb00000, 0x00000000ffb00000)
  object space 11264K, 76% used [0x00000000ff000000,0x00000000ff86bed8,0x00000000ffb00000)
 Metaspace       used 3390K, capacity 4556K, committed 4864K, reserved 1056768K
  class space    used 361K, capacity 392K, committed 512K, reserved 1048576K
2020-04-16T14:21:48.223+0800: 3.265: [Full GC (System.gc()) [PSYoungGen: 352K->0K(4608K)] [ParOldGen: 8623K->8904K(11264K)] 8975K->8904K(15872K), [Metaspace: 3390K->3390K(1056768K)], 0.0451851 secs] [Times: user=0.16 sys=0.00, real=0.04 secs] 
Heap after GC invocations=57 (full 28):
 PSYoungGen      total 4608K, used 0K [0x00000000ffb00000, 0x0000000100000000, 0x0000000100000000)
  eden space 4096K, 0% used [0x00000000ffb00000,0x00000000ffb00000,0x00000000fff00000)
  from space 512K, 0% used [0x00000000fff00000,0x00000000fff00000,0x00000000fff80000)
  to   space 512K, 0% used [0x00000000fff80000,0x00000000fff80000,0x0000000100000000)
 ParOldGen       total 11264K, used 8904K [0x00000000ff000000, 0x00000000ffb00000, 0x00000000ffb00000)
  object space 11264K, 79% used [0x00000000ff000000,0x00000000ff8b2388,0x00000000ffb00000)
 Metaspace       used 3390K, capacity 4556K, committed 4864K, reserved 1056768K
  class space    used 361K, capacity 392K, committed 512K, reserved 1048576K
}
{Heap before GC invocations=58 (full 28):
 PSYoungGen      total 4608K, used 561K [0x00000000ffb00000, 0x0000000100000000, 0x0000000100000000)
  eden space 4096K, 13% used [0x00000000ffb00000,0x00000000ffb8c778,0x00000000fff00000)
  from space 512K, 0% used [0x00000000fff00000,0x00000000fff00000,0x00000000fff80000)
  to   space 512K, 0% used [0x00000000fff80000,0x00000000fff80000,0x0000000100000000)
 ParOldGen       total 11264K, used 8904K [0x00000000ff000000, 0x00000000ffb00000, 0x00000000ffb00000)
  object space 11264K, 79% used [0x00000000ff000000,0x00000000ff8b2388,0x00000000ffb00000)
 Metaspace       used 3390K, capacity 4556K, committed 4864K, reserved 1056768K
  class space    used 361K, capacity 392K, committed 512K, reserved 1048576K
2020-04-16T14:21:48.349+0800: 3.391: [GC (System.gc()) 
Desired survivor size 524288 bytes, new threshold 7 (max 15)
[PSYoungGen: 561K->352K(4608K)] 9466K->9256K(15872K), 0.0009510 secs] [Times: user=0.00 sys=0.00, real=0.00 secs] 
Heap after GC invocations=58 (full 28):
 PSYoungGen      total 4608K, used 352K [0x00000000ffb00000, 0x0000000100000000, 0x0000000100000000)
  eden space 4096K, 0% used [0x00000000ffb00000,0x00000000ffb00000,0x00000000fff00000)
  from space 512K, 68% used [0x00000000fff80000,0x00000000fffd8000,0x0000000100000000)
  to   space 512K, 0% used [0x00000000fff00000,0x00000000fff00000,0x00000000fff80000)
 ParOldGen       total 11264K, used 8904K [0x00000000ff000000, 0x00000000ffb00000, 0x00000000ffb00000)
  object space 11264K, 79% used [0x00000000ff000000,0x00000000ff8b2388,0x00000000ffb00000)
 Metaspace       used 3390K, capacity 4556K, committed 4864K, reserved 1056768K
  class space    used 361K, capacity 392K, committed 512K, reserved 1048576K
}
{Heap before GC invocations=59 (full 29):
 PSYoungGen      total 4608K, used 352K [0x00000000ffb00000, 0x0000000100000000, 0x0000000100000000)
  eden space 4096K, 0% used [0x00000000ffb00000,0x00000000ffb00000,0x00000000fff00000)
  from space 512K, 68% used [0x00000000fff80000,0x00000000fffd8000,0x0000000100000000)
  to   space 512K, 0% used [0x00000000fff00000,0x00000000fff00000,0x00000000fff80000)
 ParOldGen       total 11264K, used 8904K [0x00000000ff000000, 0x00000000ffb00000, 0x00000000ffb00000)
  object space 11264K, 79% used [0x00000000ff000000,0x00000000ff8b2388,0x00000000ffb00000)
 Metaspace       used 3390K, capacity 4556K, committed 4864K, reserved 1056768K
  class space    used 361K, capacity 392K, committed 512K, reserved 1048576K
2020-04-16T14:21:48.351+0800: 3.392: [Full GC (System.gc()) [PSYoungGen: 352K->0K(4608K)] [ParOldGen: 8904K->9186K(11264K)] 9256K->9186K(15872K), [Metaspace: 3390K->3390K(1056768K)], 0.0228223 secs] [Times: user=0.09 sys=0.00, real=0.02 secs] 
Heap after GC invocations=59 (full 29):
 PSYoungGen      total 4608K, used 0K [0x00000000ffb00000, 0x0000000100000000, 0x0000000100000000)
  eden space 4096K, 0% used [0x00000000ffb00000,0x00000000ffb00000,0x00000000fff00000)
  from space 512K, 0% used [0x00000000fff80000,0x00000000fff80000,0x0000000100000000)
  to   space 512K, 0% used [0x00000000fff00000,0x00000000fff00000,0x00000000fff80000)
 ParOldGen       total 11264K, used 9186K [0x00000000ff000000, 0x00000000ffb00000, 0x00000000ffb00000)
  object space 11264K, 81% used [0x00000000ff000000,0x00000000ff8f8838,0x00000000ffb00000)
 Metaspace       used 3390K, capacity 4556K, committed 4864K, reserved 1056768K
  class space    used 361K, capacity 392K, committed 512K, reserved 1048576K
}
{Heap before GC invocations=60 (full 29):
 PSYoungGen      total 4608K, used 561K [0x00000000ffb00000, 0x0000000100000000, 0x0000000100000000)
  eden space 4096K, 13% used [0x00000000ffb00000,0x00000000ffb8c7e8,0x00000000fff00000)
  from space 512K, 0% used [0x00000000fff80000,0x00000000fff80000,0x0000000100000000)
  to   space 512K, 0% used [0x00000000fff00000,0x00000000fff00000,0x00000000fff80000)
 ParOldGen       total 11264K, used 9186K [0x00000000ff000000, 0x00000000ffb00000, 0x00000000ffb00000)
  object space 11264K, 81% used [0x00000000ff000000,0x00000000ff8f8838,0x00000000ffb00000)
 Metaspace       used 3390K, capacity 4556K, committed 4864K, reserved 1056768K
  class space    used 361K, capacity 392K, committed 512K, reserved 1048576K
2020-04-16T14:21:48.472+0800: 3.514: [GC (System.gc()) 
Desired survivor size 524288 bytes, new threshold 7 (max 15)
[PSYoungGen: 561K->384K(4608K)] 9748K->9570K(15872K), 0.0017740 secs] [Times: user=0.00 sys=0.00, real=0.00 secs] 
Heap after GC invocations=60 (full 29):
 PSYoungGen      total 4608K, used 384K [0x00000000ffb00000, 0x0000000100000000, 0x0000000100000000)
  eden space 4096K, 0% used [0x00000000ffb00000,0x00000000ffb00000,0x00000000fff00000)
  from space 512K, 75% used [0x00000000fff00000,0x00000000fff60000,0x00000000fff80000)
  to   space 512K, 0% used [0x00000000fff80000,0x00000000fff80000,0x0000000100000000)
 ParOldGen       total 11264K, used 9186K [0x00000000ff000000, 0x00000000ffb00000, 0x00000000ffb00000)
  object space 11264K, 81% used [0x00000000ff000000,0x00000000ff8f8838,0x00000000ffb00000)
 Metaspace       used 3390K, capacity 4556K, committed 4864K, reserved 1056768K
  class space    used 361K, capacity 392K, committed 512K, reserved 1048576K
}
{Heap before GC invocations=61 (full 30):
 PSYoungGen      total 4608K, used 384K [0x00000000ffb00000, 0x0000000100000000, 0x0000000100000000)
  eden space 4096K, 0% used [0x00000000ffb00000,0x00000000ffb00000,0x00000000fff00000)
  from space 512K, 75% used [0x00000000fff00000,0x00000000fff60000,0x00000000fff80000)
  to   space 512K, 0% used [0x00000000fff80000,0x00000000fff80000,0x0000000100000000)
 ParOldGen       total 11264K, used 9186K [0x00000000ff000000, 0x00000000ffb00000, 0x00000000ffb00000)
  object space 11264K, 81% used [0x00000000ff000000,0x00000000ff8f8838,0x00000000ffb00000)
 Metaspace       used 3390K, capacity 4556K, committed 4864K, reserved 1056768K
  class space    used 361K, capacity 392K, committed 512K, reserved 1048576K
2020-04-16T14:21:48.474+0800: 3.516: [Full GC (System.gc()) [PSYoungGen: 384K->0K(4608K)] [ParOldGen: 9186K->9467K(11264K)] 9570K->9467K(15872K), [Metaspace: 3390K->3390K(1056768K)], 0.0601567 secs] [Times: user=0.22 sys=0.00, real=0.06 secs] 
Heap after GC invocations=61 (full 30):
 PSYoungGen      total 4608K, used 0K [0x00000000ffb00000, 0x0000000100000000, 0x0000000100000000)
  eden space 4096K, 0% used [0x00000000ffb00000,0x00000000ffb00000,0x00000000fff00000)
  from space 512K, 0% used [0x00000000fff00000,0x00000000fff00000,0x00000000fff80000)
  to   space 512K, 0% used [0x00000000fff80000,0x00000000fff80000,0x0000000100000000)
 ParOldGen       total 11264K, used 9467K [0x00000000ff000000, 0x00000000ffb00000, 0x00000000ffb00000)
  object space 11264K, 84% used [0x00000000ff000000,0x00000000ff93ece8,0x00000000ffb00000)
 Metaspace       used 3390K, capacity 4556K, committed 4864K, reserved 1056768K
  class space    used 361K, capacity 392K, committed 512K, reserved 1048576K
}
{Heap before GC invocations=62 (full 30):
 PSYoungGen      total 4608K, used 561K [0x00000000ffb00000, 0x0000000100000000, 0x0000000100000000)
  eden space 4096K, 13% used [0x00000000ffb00000,0x00000000ffb8c778,0x00000000fff00000)
  from space 512K, 0% used [0x00000000fff00000,0x00000000fff00000,0x00000000fff80000)
  to   space 512K, 0% used [0x00000000fff80000,0x00000000fff80000,0x0000000100000000)
 ParOldGen       total 11264K, used 9467K [0x00000000ff000000, 0x00000000ffb00000, 0x00000000ffb00000)
  object space 11264K, 84% used [0x00000000ff000000,0x00000000ff93ece8,0x00000000ffb00000)
 Metaspace       used 3390K, capacity 4556K, committed 4864K, reserved 1056768K
  class space    used 361K, capacity 392K, committed 512K, reserved 1048576K
2020-04-16T14:21:48.567+0800: 3.609: [GC (System.gc()) 
Desired survivor size 524288 bytes, new threshold 7 (max 15)
[PSYoungGen: 561K->384K(4608K)] 10029K->9851K(15872K), 0.0007724 secs] [Times: user=0.00 sys=0.00, real=0.00 secs] 
Heap after GC invocations=62 (full 30):
 PSYoungGen      total 4608K, used 384K [0x00000000ffb00000, 0x0000000100000000, 0x0000000100000000)
  eden space 4096K, 0% used [0x00000000ffb00000,0x00000000ffb00000,0x00000000fff00000)
  from space 512K, 75% used [0x00000000fff80000,0x00000000fffe0000,0x0000000100000000)
  to   space 512K, 0% used [0x00000000fff00000,0x00000000fff00000,0x00000000fff80000)
 ParOldGen       total 11264K, used 9467K [0x00000000ff000000, 0x00000000ffb00000, 0x00000000ffb00000)
  object space 11264K, 84% used [0x00000000ff000000,0x00000000ff93ece8,0x00000000ffb00000)
 Metaspace       used 3390K, capacity 4556K, committed 4864K, reserved 1056768K
  class space    used 361K, capacity 392K, committed 512K, reserved 1048576K
}
{Heap before GC invocations=63 (full 31):
 PSYoungGen      total 4608K, used 384K [0x00000000ffb00000, 0x0000000100000000, 0x0000000100000000)
  eden space 4096K, 0% used [0x00000000ffb00000,0x00000000ffb00000,0x00000000fff00000)
  from space 512K, 75% used [0x00000000fff80000,0x00000000fffe0000,0x0000000100000000)
  to   space 512K, 0% used [0x00000000fff00000,0x00000000fff00000,0x00000000fff80000)
 ParOldGen       total 11264K, used 9467K [0x00000000ff000000, 0x00000000ffb00000, 0x00000000ffb00000)
  object space 11264K, 84% used [0x00000000ff000000,0x00000000ff93ece8,0x00000000ffb00000)
 Metaspace       used 3390K, capacity 4556K, committed 4864K, reserved 1056768K
  class space    used 361K, capacity 392K, committed 512K, reserved 1048576K
2020-04-16T14:21:48.568+0800: 3.610: [Full GC (System.gc()) [PSYoungGen: 384K->0K(4608K)] [ParOldGen: 9467K->9748K(11264K)] 9851K->9748K(15872K), [Metaspace: 3390K->3390K(1056768K)], 0.0282980 secs] [Times: user=0.13 sys=0.00, real=0.03 secs] 
Heap after GC invocations=63 (full 31):
 PSYoungGen      total 4608K, used 0K [0x00000000ffb00000, 0x0000000100000000, 0x0000000100000000)
  eden space 4096K, 0% used [0x00000000ffb00000,0x00000000ffb00000,0x00000000fff00000)
  from space 512K, 0% used [0x00000000fff80000,0x00000000fff80000,0x0000000100000000)
  to   space 512K, 0% used [0x00000000fff00000,0x00000000fff00000,0x00000000fff80000)
 ParOldGen       total 11264K, used 9748K [0x00000000ff000000, 0x00000000ffb00000, 0x00000000ffb00000)
  object space 11264K, 86% used [0x00000000ff000000,0x00000000ff985198,0x00000000ffb00000)
 Metaspace       used 3390K, capacity 4556K, committed 4864K, reserved 1056768K
  class space    used 361K, capacity 392K, committed 512K, reserved 1048576K
}
{Heap before GC invocations=64 (full 31):
 PSYoungGen      total 4608K, used 747K [0x00000000ffb00000, 0x0000000100000000, 0x0000000100000000)
  eden space 4096K, 18% used [0x00000000ffb00000,0x00000000ffbbac98,0x00000000fff00000)
  from space 512K, 0% used [0x00000000fff80000,0x00000000fff80000,0x0000000100000000)
  to   space 512K, 0% used [0x00000000fff00000,0x00000000fff00000,0x00000000fff80000)
 ParOldGen       total 11264K, used 9748K [0x00000000ff000000, 0x00000000ffb00000, 0x00000000ffb00000)
  object space 11264K, 86% used [0x00000000ff000000,0x00000000ff985198,0x00000000ffb00000)
 Metaspace       used 3390K, capacity 4556K, committed 4864K, reserved 1056768K
  class space    used 361K, capacity 392K, committed 512K, reserved 1048576K
2020-04-16T14:21:48.635+0800: 3.677: [GC (System.gc()) 
Desired survivor size 524288 bytes, new threshold 7 (max 15)
[PSYoungGen: 747K->505K(4608K)] 10495K->10253K(15872K), 0.0010722 secs] [Times: user=0.00 sys=0.00, real=0.00 secs] 
Heap after GC invocations=64 (full 31):
 PSYoungGen      total 4608K, used 505K [0x00000000ffb00000, 0x0000000100000000, 0x0000000100000000)
  eden space 4096K, 0% used [0x00000000ffb00000,0x00000000ffb00000,0x00000000fff00000)
  from space 512K, 98% used [0x00000000fff00000,0x00000000fff7e520,0x00000000fff80000)
  to   space 512K, 0% used [0x00000000fff80000,0x00000000fff80000,0x0000000100000000)
 ParOldGen       total 11264K, used 9748K [0x00000000ff000000, 0x00000000ffb00000, 0x00000000ffb00000)
  object space 11264K, 86% used [0x00000000ff000000,0x00000000ff985198,0x00000000ffb00000)
 Metaspace       used 3390K, capacity 4556K, committed 4864K, reserved 1056768K
  class space    used 361K, capacity 392K, committed 512K, reserved 1048576K
}
{Heap before GC invocations=65 (full 32):
 PSYoungGen      total 4608K, used 505K [0x00000000ffb00000, 0x0000000100000000, 0x0000000100000000)
  eden space 4096K, 0% used [0x00000000ffb00000,0x00000000ffb00000,0x00000000fff00000)
  from space 512K, 98% used [0x00000000fff00000,0x00000000fff7e520,0x00000000fff80000)
  to   space 512K, 0% used [0x00000000fff80000,0x00000000fff80000,0x0000000100000000)
 ParOldGen       total 11264K, used 9748K [0x00000000ff000000, 0x00000000ffb00000, 0x00000000ffb00000)
  object space 11264K, 86% used [0x00000000ff000000,0x00000000ff985198,0x00000000ffb00000)
 Metaspace       used 3390K, capacity 4556K, committed 4864K, reserved 1056768K
  class space    used 361K, capacity 392K, committed 512K, reserved 1048576K
2020-04-16T14:21:48.636+0800: 3.678: [Full GC (System.gc()) [PSYoungGen: 505K->0K(4608K)] [ParOldGen: 9748K->10091K(11264K)] 10253K->10091K(15872K), [Metaspace: 3390K->3390K(1056768K)], 0.0364502 secs] [Times: user=0.16 sys=0.00, real=0.04 secs] 
Heap after GC invocations=65 (full 32):
 PSYoungGen      total 4608K, used 0K [0x00000000ffb00000, 0x0000000100000000, 0x0000000100000000)
  eden space 4096K, 0% used [0x00000000ffb00000,0x00000000ffb00000,0x00000000fff00000)
  from space 512K, 0% used [0x00000000fff00000,0x00000000fff00000,0x00000000fff80000)
  to   space 512K, 0% used [0x00000000fff80000,0x00000000fff80000,0x0000000100000000)
 ParOldGen       total 11264K, used 10091K [0x00000000ff000000, 0x00000000ffb00000, 0x00000000ffb00000)
  object space 11264K, 89% used [0x00000000ff000000,0x00000000ff9dad50,0x00000000ffb00000)
 Metaspace       used 3390K, capacity 4556K, committed 4864K, reserved 1056768K
  class space    used 361K, capacity 392K, committed 512K, reserved 1048576K
}
{Heap before GC invocations=66 (full 32):
 PSYoungGen      total 4608K, used 561K [0x00000000ffb00000, 0x0000000100000000, 0x0000000100000000)
  eden space 4096K, 13% used [0x00000000ffb00000,0x00000000ffb8c7b0,0x00000000fff00000)
  from space 512K, 0% used [0x00000000fff00000,0x00000000fff00000,0x00000000fff80000)
  to   space 512K, 0% used [0x00000000fff80000,0x00000000fff80000,0x0000000100000000)
 ParOldGen       total 11264K, used 10091K [0x00000000ff000000, 0x00000000ffb00000, 0x00000000ffb00000)
  object space 11264K, 89% used [0x00000000ff000000,0x00000000ff9dad50,0x00000000ffb00000)
 Metaspace       used 3390K, capacity 4556K, committed 4864K, reserved 1056768K
  class space    used 361K, capacity 392K, committed 512K, reserved 1048576K
2020-04-16T14:21:48.787+0800: 3.828: [GC (System.gc()) 
Desired survivor size 524288 bytes, new threshold 7 (max 15)
[PSYoungGen: 561K->352K(4608K)] 10653K->10443K(15872K), 0.0026446 secs] [Times: user=0.00 sys=0.00, real=0.00 secs] 
Heap after GC invocations=66 (full 32):
 PSYoungGen      total 4608K, used 352K [0x00000000ffb00000, 0x0000000100000000, 0x0000000100000000)
  eden space 4096K, 0% used [0x00000000ffb00000,0x00000000ffb00000,0x00000000fff00000)
  from space 512K, 68% used [0x00000000fff80000,0x00000000fffd8000,0x0000000100000000)
  to   space 512K, 0% used [0x00000000fff00000,0x00000000fff00000,0x00000000fff80000)
 ParOldGen       total 11264K, used 10091K [0x00000000ff000000, 0x00000000ffb00000, 0x00000000ffb00000)
  object space 11264K, 89% used [0x00000000ff000000,0x00000000ff9dad50,0x00000000ffb00000)
 Metaspace       used 3390K, capacity 4556K, committed 4864K, reserved 1056768K
  class space    used 361K, capacity 392K, committed 512K, reserved 1048576K
}
{Heap before GC invocations=67 (full 33):
 PSYoungGen      total 4608K, used 352K [0x00000000ffb00000, 0x0000000100000000, 0x0000000100000000)
  eden space 4096K, 0% used [0x00000000ffb00000,0x00000000ffb00000,0x00000000fff00000)
  from space 512K, 68% used [0x00000000fff80000,0x00000000fffd8000,0x0000000100000000)
  to   space 512K, 0% used [0x00000000fff00000,0x00000000fff00000,0x00000000fff80000)
 ParOldGen       total 11264K, used 10091K [0x00000000ff000000, 0x00000000ffb00000, 0x00000000ffb00000)
  object space 11264K, 89% used [0x00000000ff000000,0x00000000ff9dad50,0x00000000ffb00000)
 Metaspace       used 3390K, capacity 4556K, committed 4864K, reserved 1056768K
  class space    used 361K, capacity 392K, committed 512K, reserved 1048576K
2020-04-16T14:21:48.790+0800: 3.831: [Full GC (System.gc()) [PSYoungGen: 352K->0K(4608K)] [ParOldGen: 10091K->10372K(11264K)] 10443K->10372K(15872K), [Metaspace: 3390K->3390K(1056768K)], 0.0670515 secs] [Times: user=0.22 sys=0.03, real=0.07 secs] 
Heap after GC invocations=67 (full 33):
 PSYoungGen      total 4608K, used 0K [0x00000000ffb00000, 0x0000000100000000, 0x0000000100000000)
  eden space 4096K, 0% used [0x00000000ffb00000,0x00000000ffb00000,0x00000000fff00000)
  from space 512K, 0% used [0x00000000fff80000,0x00000000fff80000,0x0000000100000000)
  to   space 512K, 0% used [0x00000000fff00000,0x00000000fff00000,0x00000000fff80000)
 ParOldGen       total 11264K, used 10372K [0x00000000ff000000, 0x00000000ffb00000, 0x00000000ffb00000)
  object space 11264K, 92% used [0x00000000ff000000,0x00000000ffa21200,0x00000000ffb00000)
 Metaspace       used 3390K, capacity 4556K, committed 4864K, reserved 1056768K
  class space    used 361K, capacity 392K, committed 512K, reserved 1048576K
}
{Heap before GC invocations=68 (full 33):
 PSYoungGen      total 4608K, used 561K [0x00000000ffb00000, 0x0000000100000000, 0x0000000100000000)
  eden space 4096K, 13% used [0x00000000ffb00000,0x00000000ffb8c778,0x00000000fff00000)
  from space 512K, 0% used [0x00000000fff80000,0x00000000fff80000,0x0000000100000000)
  to   space 512K, 0% used [0x00000000fff00000,0x00000000fff00000,0x00000000fff80000)
 ParOldGen       total 11264K, used 10372K [0x00000000ff000000, 0x00000000ffb00000, 0x00000000ffb00000)
  object space 11264K, 92% used [0x00000000ff000000,0x00000000ffa21200,0x00000000ffb00000)
 Metaspace       used 3390K, capacity 4556K, committed 4864K, reserved 1056768K
  class space    used 361K, capacity 392K, committed 512K, reserved 1048576K
2020-04-16T14:21:48.950+0800: 3.992: [GC (System.gc()) 
Desired survivor size 524288 bytes, new threshold 7 (max 15)
[PSYoungGen: 561K->384K(4608K)] 10934K->10756K(15872K), 0.0021428 secs] [Times: user=0.06 sys=0.00, real=0.00 secs] 
Heap after GC invocations=68 (full 33):
 PSYoungGen      total 4608K, used 384K [0x00000000ffb00000, 0x0000000100000000, 0x0000000100000000)
  eden space 4096K, 0% used [0x00000000ffb00000,0x00000000ffb00000,0x00000000fff00000)
  from space 512K, 75% used [0x00000000fff00000,0x00000000fff60000,0x00000000fff80000)
  to   space 512K, 0% used [0x00000000fff80000,0x00000000fff80000,0x0000000100000000)
 ParOldGen       total 11264K, used 10372K [0x00000000ff000000, 0x00000000ffb00000, 0x00000000ffb00000)
  object space 11264K, 92% used [0x00000000ff000000,0x00000000ffa21200,0x00000000ffb00000)
 Metaspace       used 3390K, capacity 4556K, committed 4864K, reserved 1056768K
  class space    used 361K, capacity 392K, committed 512K, reserved 1048576K
}
{Heap before GC invocations=69 (full 34):
 PSYoungGen      total 4608K, used 384K [0x00000000ffb00000, 0x0000000100000000, 0x0000000100000000)
  eden space 4096K, 0% used [0x00000000ffb00000,0x00000000ffb00000,0x00000000fff00000)
  from space 512K, 75% used [0x00000000fff00000,0x00000000fff60000,0x00000000fff80000)
  to   space 512K, 0% used [0x00000000fff80000,0x00000000fff80000,0x0000000100000000)
 ParOldGen       total 11264K, used 10372K [0x00000000ff000000, 0x00000000ffb00000, 0x00000000ffb00000)
  object space 11264K, 92% used [0x00000000ff000000,0x00000000ffa21200,0x00000000ffb00000)
 Metaspace       used 3390K, capacity 4556K, committed 4864K, reserved 1056768K
  class space    used 361K, capacity 392K, committed 512K, reserved 1048576K
2020-04-16T14:21:48.953+0800: 3.995: [Full GC (System.gc()) [PSYoungGen: 384K->0K(4608K)] [ParOldGen: 10372K->10653K(11264K)] 10756K->10653K(15872K), [Metaspace: 3390K->3390K(1056768K)], 0.0596071 secs] [Times: user=0.16 sys=0.00, real=0.06 secs] 
Heap after GC invocations=69 (full 34):
 PSYoungGen      total 4608K, used 0K [0x00000000ffb00000, 0x0000000100000000, 0x0000000100000000)
  eden space 4096K, 0% used [0x00000000ffb00000,0x00000000ffb00000,0x00000000fff00000)
  from space 512K, 0% used [0x00000000fff00000,0x00000000fff00000,0x00000000fff80000)
  to   space 512K, 0% used [0x00000000fff80000,0x00000000fff80000,0x0000000100000000)
 ParOldGen       total 11264K, used 10653K [0x00000000ff000000, 0x00000000ffb00000, 0x00000000ffb00000)
  object space 11264K, 94% used [0x00000000ff000000,0x00000000ffa676b0,0x00000000ffb00000)
 Metaspace       used 3390K, capacity 4556K, committed 4864K, reserved 1056768K
  class space    used 361K, capacity 392K, committed 512K, reserved 1048576K
}
{Heap before GC invocations=70 (full 34):
 PSYoungGen      total 4608K, used 561K [0x00000000ffb00000, 0x0000000100000000, 0x0000000100000000)
  eden space 4096K, 13% used [0x00000000ffb00000,0x00000000ffb8c7b0,0x00000000fff00000)
  from space 512K, 0% used [0x00000000fff00000,0x00000000fff00000,0x00000000fff80000)
  to   space 512K, 0% used [0x00000000fff80000,0x00000000fff80000,0x0000000100000000)
 ParOldGen       total 11264K, used 10653K [0x00000000ff000000, 0x00000000ffb00000, 0x00000000ffb00000)
  object space 11264K, 94% used [0x00000000ff000000,0x00000000ffa676b0,0x00000000ffb00000)
 Metaspace       used 3390K, capacity 4556K, committed 4864K, reserved 1056768K
  class space    used 361K, capacity 392K, committed 512K, reserved 1048576K
2020-04-16T14:21:49.097+0800: 4.139: [GC (System.gc()) 
Desired survivor size 524288 bytes, new threshold 7 (max 15)
[PSYoungGen: 561K->352K(4608K)] 11215K->11005K(15872K), 0.0020960 secs] [Times: user=0.00 sys=0.00, real=0.00 secs] 
Heap after GC invocations=70 (full 34):
 PSYoungGen      total 4608K, used 352K [0x00000000ffb00000, 0x0000000100000000, 0x0000000100000000)
  eden space 4096K, 0% used [0x00000000ffb00000,0x00000000ffb00000,0x00000000fff00000)
  from space 512K, 68% used [0x00000000fff80000,0x00000000fffd8000,0x0000000100000000)
  to   space 512K, 0% used [0x00000000fff00000,0x00000000fff00000,0x00000000fff80000)
 ParOldGen       total 11264K, used 10653K [0x00000000ff000000, 0x00000000ffb00000, 0x00000000ffb00000)
  object space 11264K, 94% used [0x00000000ff000000,0x00000000ffa676b0,0x00000000ffb00000)
 Metaspace       used 3390K, capacity 4556K, committed 4864K, reserved 1056768K
  class space    used 361K, capacity 392K, committed 512K, reserved 1048576K
}
{Heap before GC invocations=71 (full 35):
 PSYoungGen      total 4608K, used 352K [0x00000000ffb00000, 0x0000000100000000, 0x0000000100000000)
  eden space 4096K, 0% used [0x00000000ffb00000,0x00000000ffb00000,0x00000000fff00000)
  from space 512K, 68% used [0x00000000fff80000,0x00000000fffd8000,0x0000000100000000)
  to   space 512K, 0% used [0x00000000fff00000,0x00000000fff00000,0x00000000fff80000)
 ParOldGen       total 11264K, used 10653K [0x00000000ff000000, 0x00000000ffb00000, 0x00000000ffb00000)
  object space 11264K, 94% used [0x00000000ff000000,0x00000000ffa676b0,0x00000000ffb00000)
 Metaspace       used 3390K, capacity 4556K, committed 4864K, reserved 1056768K
  class space    used 361K, capacity 392K, committed 512K, reserved 1048576K
2020-04-16T14:21:49.099+0800: 4.141: [Full GC (System.gc()) [PSYoungGen: 352K->0K(4608K)] [ParOldGen: 10653K->10934K(11264K)] 11005K->10934K(15872K), [Metaspace: 3390K->3390K(1056768K)], 0.0608601 secs] [Times: user=0.25 sys=0.00, real=0.06 secs] 
Heap after GC invocations=71 (full 35):
 PSYoungGen      total 4608K, used 0K [0x00000000ffb00000, 0x0000000100000000, 0x0000000100000000)
  eden space 4096K, 0% used [0x00000000ffb00000,0x00000000ffb00000,0x00000000fff00000)
  from space 512K, 0% used [0x00000000fff80000,0x00000000fff80000,0x0000000100000000)
  to   space 512K, 0% used [0x00000000fff00000,0x00000000fff00000,0x00000000fff80000)
 ParOldGen       total 11264K, used 10934K [0x00000000ff000000, 0x00000000ffb00000, 0x00000000ffb00000)
  object space 11264K, 97% used [0x00000000ff000000,0x00000000ffaadb60,0x00000000ffb00000)
 Metaspace       used 3390K, capacity 4556K, committed 4864K, reserved 1056768K
  class space    used 361K, capacity 392K, committed 512K, reserved 1048576K
}
{Heap before GC invocations=72 (full 36):
 PSYoungGen      total 4608K, used 561K [0x00000000ffb00000, 0x0000000100000000, 0x0000000100000000)
  eden space 4096K, 13% used [0x00000000ffb00000,0x00000000ffb8c778,0x00000000fff00000)
  from space 512K, 0% used [0x00000000fff80000,0x00000000fff80000,0x0000000100000000)
  to   space 512K, 0% used [0x00000000fff00000,0x00000000fff00000,0x00000000fff80000)
 ParOldGen       total 11264K, used 10934K [0x00000000ff000000, 0x00000000ffb00000, 0x00000000ffb00000)
  object space 11264K, 97% used [0x00000000ff000000,0x00000000ffaadb60,0x00000000ffb00000)
 Metaspace       used 3390K, capacity 4556K, committed 4864K, reserved 1056768K
  class space    used 361K, capacity 392K, committed 512K, reserved 1048576K
2020-04-16T14:21:49.213+0800: 4.255: [Full GC (System.gc()) [PSYoungGen: 561K->0K(4608K)] [ParOldGen: 10934K->11216K(11264K)] 11496K->11216K(15872K), [Metaspace: 3390K->3390K(1056768K)], 0.0265529 secs] [Times: user=0.06 sys=0.00, real=0.03 secs] 
Heap after GC invocations=72 (full 36):
 PSYoungGen      total 4608K, used 0K [0x00000000ffb00000, 0x0000000100000000, 0x0000000100000000)
  eden space 4096K, 0% used [0x00000000ffb00000,0x00000000ffb00000,0x00000000fff00000)
  from space 512K, 0% used [0x00000000fff80000,0x00000000fff80000,0x0000000100000000)
  to   space 512K, 0% used [0x00000000fff00000,0x00000000fff00000,0x00000000fff80000)
 ParOldGen       total 11264K, used 11216K [0x00000000ff000000, 0x00000000ffb00000, 0x00000000ffb00000)
  object space 11264K, 99% used [0x00000000ff000000,0x00000000ffaf4010,0x00000000ffb00000)
 Metaspace       used 3390K, capacity 4556K, committed 4864K, reserved 1056768K
  class space    used 361K, capacity 392K, committed 512K, reserved 1048576K
}
{Heap before GC invocations=73 (full 37):
 PSYoungGen      total 4608K, used 561K [0x00000000ffb00000, 0x0000000100000000, 0x0000000100000000)
  eden space 4096K, 13% used [0x00000000ffb00000,0x00000000ffb8c778,0x00000000fff00000)
  from space 512K, 0% used [0x00000000fff80000,0x00000000fff80000,0x0000000100000000)
  to   space 512K, 0% used [0x00000000fff00000,0x00000000fff00000,0x00000000fff80000)
 ParOldGen       total 11264K, used 11216K [0x00000000ff000000, 0x00000000ffb00000, 0x00000000ffb00000)
  object space 11264K, 99% used [0x00000000ff000000,0x00000000ffaf4010,0x00000000ffb00000)
 Metaspace       used 3390K, capacity 4556K, committed 4864K, reserved 1056768K
  class space    used 361K, capacity 392K, committed 512K, reserved 1048576K
2020-04-16T14:21:49.265+0800: 4.307: [Full GC (System.gc()) [PSYoungGen: 561K->281K(4608K)] [ParOldGen: 11216K->11216K(11264K)] 11777K->11497K(15872K), [Metaspace: 3390K->3390K(1056768K)], 0.0289881 secs] [Times: user=0.03 sys=0.00, real=0.03 secs] 
Heap after GC invocations=73 (full 37):
 PSYoungGen      total 4608K, used 281K [0x00000000ffb00000, 0x0000000100000000, 0x0000000100000000)
  eden space 4096K, 6% used [0x00000000ffb00000,0x00000000ffb464b0,0x00000000fff00000)
  from space 512K, 0% used [0x00000000fff80000,0x00000000fff80000,0x0000000100000000)
  to   space 512K, 0% used [0x00000000fff00000,0x00000000fff00000,0x00000000fff80000)
 ParOldGen       total 11264K, used 11216K [0x00000000ff000000, 0x00000000ffb00000, 0x00000000ffb00000)
  object space 11264K, 99% used [0x00000000ff000000,0x00000000ffaf4010,0x00000000ffb00000)
 Metaspace       used 3390K, capacity 4556K, committed 4864K, reserved 1056768K
  class space    used 361K, capacity 392K, committed 512K, reserved 1048576K
}
{Heap before GC invocations=74 (full 38):
 PSYoungGen      total 4608K, used 843K [0x00000000ffb00000, 0x0000000100000000, 0x0000000100000000)
  eden space 4096K, 20% used [0x00000000ffb00000,0x00000000ffbd2c28,0x00000000fff00000)
  from space 512K, 0% used [0x00000000fff80000,0x00000000fff80000,0x0000000100000000)
  to   space 512K, 0% used [0x00000000fff00000,0x00000000fff00000,0x00000000fff80000)
 ParOldGen       total 11264K, used 11216K [0x00000000ff000000, 0x00000000ffb00000, 0x00000000ffb00000)
  object space 11264K, 99% used [0x00000000ff000000,0x00000000ffaf4010,0x00000000ffb00000)
 Metaspace       used 3390K, capacity 4556K, committed 4864K, reserved 1056768K
  class space    used 361K, capacity 392K, committed 512K, reserved 1048576K
2020-04-16T14:21:49.305+0800: 4.347: [Full GC (System.gc()) [PSYoungGen: 843K->562K(4608K)] [ParOldGen: 11216K->11198K(11264K)] 12059K->11760K(15872K), [Metaspace: 3390K->3390K(1056768K)], 0.0433595 secs] [Times: user=0.14 sys=0.00, real=0.04 secs] 
Heap after GC invocations=74 (full 38):
 PSYoungGen      total 4608K, used 562K [0x00000000ffb00000, 0x0000000100000000, 0x0000000100000000)
  eden space 4096K, 13% used [0x00000000ffb00000,0x00000000ffb8c960,0x00000000fff00000)
  from space 512K, 0% used [0x00000000fff80000,0x00000000fff80000,0x0000000100000000)
  to   space 512K, 0% used [0x00000000fff00000,0x00000000fff00000,0x00000000fff80000)
 ParOldGen       total 11264K, used 11198K [0x00000000ff000000, 0x00000000ffb00000, 0x00000000ffb00000)
  object space 11264K, 99% used [0x00000000ff000000,0x00000000ffaef948,0x00000000ffb00000)
 Metaspace       used 3390K, capacity 4556K, committed 4864K, reserved 1056768K
  class space    used 361K, capacity 392K, committed 512K, reserved 1048576K
}
{Heap before GC invocations=75 (full 39):
 PSYoungGen      total 4608K, used 1124K [0x00000000ffb00000, 0x0000000100000000, 0x0000000100000000)
  eden space 4096K, 27% used [0x00000000ffb00000,0x00000000ffc190d8,0x00000000fff00000)
  from space 512K, 0% used [0x00000000fff80000,0x00000000fff80000,0x0000000100000000)
  to   space 512K, 0% used [0x00000000fff00000,0x00000000fff00000,0x00000000fff80000)
 ParOldGen       total 11264K, used 11198K [0x00000000ff000000, 0x00000000ffb00000, 0x00000000ffb00000)
  object space 11264K, 99% used [0x00000000ff000000,0x00000000ffaef948,0x00000000ffb00000)
 Metaspace       used 3392K, capacity 4556K, committed 4864K, reserved 1056768K
  class space    used 361K, capacity 392K, committed 512K, reserved 1048576K
2020-04-16T14:21:49.402+0800: 4.444: [Full GC (System.gc()) [PSYoungGen: 1124K->843K(4608K)] [ParOldGen: 11198K->11198K(11264K)] 12322K->12041K(15872K), [Metaspace: 3392K->3392K(1056768K)], 0.0686017 secs] [Times: user=0.30 sys=0.01, real=0.07 secs] 
Heap after GC invocations=75 (full 39):
 PSYoungGen      total 4608K, used 843K [0x00000000ffb00000, 0x0000000100000000, 0x0000000100000000)
  eden space 4096K, 20% used [0x00000000ffb00000,0x00000000ffbd2e10,0x00000000fff00000)
  from space 512K, 0% used [0x00000000fff80000,0x00000000fff80000,0x0000000100000000)
  to   space 512K, 0% used [0x00000000fff00000,0x00000000fff00000,0x00000000fff80000)
 ParOldGen       total 11264K, used 11198K [0x00000000ff000000, 0x00000000ffb00000, 0x00000000ffb00000)
  object space 11264K, 99% used [0x00000000ff000000,0x00000000ffaef948,0x00000000ffb00000)
 Metaspace       used 3392K, capacity 4556K, committed 4864K, reserved 1056768K
  class space    used 361K, capacity 392K, committed 512K, reserved 1048576K
}
{Heap before GC invocations=76 (full 40):
 PSYoungGen      total 4608K, used 1405K [0x00000000ffb00000, 0x0000000100000000, 0x0000000100000000)
  eden space 4096K, 34% used [0x00000000ffb00000,0x00000000ffc5f588,0x00000000fff00000)
  from space 512K, 0% used [0x00000000fff80000,0x00000000fff80000,0x0000000100000000)
  to   space 512K, 0% used [0x00000000fff00000,0x00000000fff00000,0x00000000fff80000)
 ParOldGen       total 11264K, used 11198K [0x00000000ff000000, 0x00000000ffb00000, 0x00000000ffb00000)
  object space 11264K, 99% used [0x00000000ff000000,0x00000000ffaef948,0x00000000ffb00000)
 Metaspace       used 3392K, capacity 4556K, committed 4864K, reserved 1056768K
  class space    used 361K, capacity 392K, committed 512K, reserved 1048576K
2020-04-16T14:21:49.560+0800: 4.602: [Full GC (System.gc()) [PSYoungGen: 1405K->1124K(4608K)] [ParOldGen: 11198K->11198K(11264K)] 12603K->12323K(15872K), [Metaspace: 3392K->3392K(1056768K)], 0.0670878 secs] [Times: user=0.28 sys=0.00, real=0.07 secs] 
Heap after GC invocations=76 (full 40):
 PSYoungGen      total 4608K, used 1124K [0x00000000ffb00000, 0x0000000100000000, 0x0000000100000000)
  eden space 4096K, 27% used [0x00000000ffb00000,0x00000000ffc192c0,0x00000000fff00000)
  from space 512K, 0% used [0x00000000fff80000,0x00000000fff80000,0x0000000100000000)
  to   space 512K, 0% used [0x00000000fff00000,0x00000000fff00000,0x00000000fff80000)
 ParOldGen       total 11264K, used 11198K [0x00000000ff000000, 0x00000000ffb00000, 0x00000000ffb00000)
  object space 11264K, 99% used [0x00000000ff000000,0x00000000ffaef948,0x00000000ffb00000)
 Metaspace       used 3392K, capacity 4556K, committed 4864K, reserved 1056768K
  class space    used 361K, capacity 392K, committed 512K, reserved 1048576K
}
{Heap before GC invocations=77 (full 41):
 PSYoungGen      total 4608K, used 1686K [0x00000000ffb00000, 0x0000000100000000, 0x0000000100000000)
  eden space 4096K, 41% used [0x00000000ffb00000,0x00000000ffca5a38,0x00000000fff00000)
  from space 512K, 0% used [0x00000000fff80000,0x00000000fff80000,0x0000000100000000)
  to   space 512K, 0% used [0x00000000fff00000,0x00000000fff00000,0x00000000fff80000)
 ParOldGen       total 11264K, used 11198K [0x00000000ff000000, 0x00000000ffb00000, 0x00000000ffb00000)
  object space 11264K, 99% used [0x00000000ff000000,0x00000000ffaef948,0x00000000ffb00000)
 Metaspace       used 3392K, capacity 4556K, committed 4864K, reserved 1056768K
  class space    used 361K, capacity 392K, committed 512K, reserved 1048576K
2020-04-16T14:21:49.673+0800: 4.715: [Full GC (System.gc()) [PSYoungGen: 1686K->1405K(4608K)] [ParOldGen: 11198K->11198K(11264K)] 12884K->12604K(15872K), [Metaspace: 3392K->3392K(1056768K)], 0.0310141 secs] [Times: user=0.09 sys=0.00, real=0.03 secs] 
Heap after GC invocations=77 (full 41):
 PSYoungGen      total 4608K, used 1405K [0x00000000ffb00000, 0x0000000100000000, 0x0000000100000000)
  eden space 4096K, 34% used [0x00000000ffb00000,0x00000000ffc5f770,0x00000000fff00000)
  from space 512K, 0% used [0x00000000fff80000,0x00000000fff80000,0x0000000100000000)
  to   space 512K, 0% used [0x00000000fff00000,0x00000000fff00000,0x00000000fff80000)
 ParOldGen       total 11264K, used 11198K [0x00000000ff000000, 0x00000000ffb00000, 0x00000000ffb00000)
  object space 11264K, 99% used [0x00000000ff000000,0x00000000ffaef948,0x00000000ffb00000)
 Metaspace       used 3392K, capacity 4556K, committed 4864K, reserved 1056768K
  class space    used 361K, capacity 392K, committed 512K, reserved 1048576K
}
{Heap before GC invocations=78 (full 42):
 PSYoungGen      total 4608K, used 1967K [0x00000000ffb00000, 0x0000000100000000, 0x0000000100000000)
  eden space 4096K, 48% used [0x00000000ffb00000,0x00000000ffcebfc8,0x00000000fff00000)
  from space 512K, 0% used [0x00000000fff80000,0x00000000fff80000,0x0000000100000000)
  to   space 512K, 0% used [0x00000000fff00000,0x00000000fff00000,0x00000000fff80000)
 ParOldGen       total 11264K, used 11198K [0x00000000ff000000, 0x00000000ffb00000, 0x00000000ffb00000)
  object space 11264K, 99% used [0x00000000ff000000,0x00000000ffaef948,0x00000000ffb00000)
 Metaspace       used 3392K, capacity 4556K, committed 4864K, reserved 1056768K
  class space    used 361K, capacity 392K, committed 512K, reserved 1048576K
2020-04-16T14:21:49.988+0800: 5.029: [Full GC (System.gc()) [PSYoungGen: 1967K->1687K(4608K)] [ParOldGen: 11198K->11198K(11264K)] 13166K->12885K(15872K), [Metaspace: 3392K->3392K(1056768K)], 0.0466370 secs] [Times: user=0.17 sys=0.00, real=0.05 secs] 
Heap after GC invocations=78 (full 42):
 PSYoungGen      total 4608K, used 1687K [0x00000000ffb00000, 0x0000000100000000, 0x0000000100000000)
  eden space 4096K, 41% used [0x00000000ffb00000,0x00000000ffca5c20,0x00000000fff00000)
  from space 512K, 0% used [0x00000000fff80000,0x00000000fff80000,0x0000000100000000)
  to   space 512K, 0% used [0x00000000fff00000,0x00000000fff00000,0x00000000fff80000)
 ParOldGen       total 11264K, used 11198K [0x00000000ff000000, 0x00000000ffb00000, 0x00000000ffb00000)
  object space 11264K, 99% used [0x00000000ff000000,0x00000000ffaef948,0x00000000ffb00000)
 Metaspace       used 3392K, capacity 4556K, committed 4864K, reserved 1056768K
  class space    used 361K, capacity 392K, committed 512K, reserved 1048576K
}
{Heap before GC invocations=79 (full 43):
 PSYoungGen      total 4608K, used 2248K [0x00000000ffb00000, 0x0000000100000000, 0x0000000100000000)
  eden space 4096K, 54% used [0x00000000ffb00000,0x00000000ffd32398,0x00000000fff00000)
  from space 512K, 0% used [0x00000000fff80000,0x00000000fff80000,0x0000000100000000)
  to   space 512K, 0% used [0x00000000fff00000,0x00000000fff00000,0x00000000fff80000)
 ParOldGen       total 11264K, used 11198K [0x00000000ff000000, 0x00000000ffb00000, 0x00000000ffb00000)
  object space 11264K, 99% used [0x00000000ff000000,0x00000000ffaef948,0x00000000ffb00000)
 Metaspace       used 3392K, capacity 4556K, committed 4864K, reserved 1056768K
  class space    used 361K, capacity 392K, committed 512K, reserved 1048576K
2020-04-16T14:21:50.099+0800: 5.140: [Full GC (System.gc()) [PSYoungGen: 2248K->1968K(4608K)] [ParOldGen: 11198K->11198K(11264K)] 13447K->13166K(15872K), [Metaspace: 3392K->3392K(1056768K)], 0.0696740 secs] [Times: user=0.20 sys=0.00, real=0.07 secs] 
Heap after GC invocations=79 (full 43):
 PSYoungGen      total 4608K, used 1968K [0x00000000ffb00000, 0x0000000100000000, 0x0000000100000000)
  eden space 4096K, 48% used [0x00000000ffb00000,0x00000000ffcec0d0,0x00000000fff00000)
  from space 512K, 0% used [0x00000000fff80000,0x00000000fff80000,0x0000000100000000)
  to   space 512K, 0% used [0x00000000fff00000,0x00000000fff00000,0x00000000fff80000)
 ParOldGen       total 11264K, used 11198K [0x00000000ff000000, 0x00000000ffb00000, 0x00000000ffb00000)
  object space 11264K, 99% used [0x00000000ff000000,0x00000000ffaef948,0x00000000ffb00000)
 Metaspace       used 3392K, capacity 4556K, committed 4864K, reserved 1056768K
  class space    used 361K, capacity 392K, committed 512K, reserved 1048576K
}
{Heap before GC invocations=80 (full 44):
 PSYoungGen      total 4608K, used 2496K [0x00000000ffb00000, 0x0000000100000000, 0x0000000100000000)
  eden space 4096K, 60% used [0x00000000ffb00000,0x00000000ffd701c8,0x00000000fff00000)
  from space 512K, 0% used [0x00000000fff80000,0x00000000fff80000,0x0000000100000000)
  to   space 512K, 0% used [0x00000000fff00000,0x00000000fff00000,0x00000000fff80000)
 ParOldGen       total 11264K, used 11198K [0x00000000ff000000, 0x00000000ffb00000, 0x00000000ffb00000)
  object space 11264K, 99% used [0x00000000ff000000,0x00000000ffaef948,0x00000000ffb00000)
 Metaspace       used 3392K, capacity 4556K, committed 4864K, reserved 1056768K
  class space    used 361K, capacity 392K, committed 512K, reserved 1048576K
2020-04-16T14:21:50.191+0800: 5.234: [Full GC (System.gc()) [PSYoungGen: 2496K->2249K(4608K)] [ParOldGen: 11198K->11198K(11264K)] 13694K->13447K(15872K), [Metaspace: 3392K->3392K(1056768K)], 0.0488619 secs] [Times: user=0.19 sys=0.00, real=0.05 secs] 
Heap after GC invocations=80 (full 44):
 PSYoungGen      total 4608K, used 2249K [0x00000000ffb00000, 0x0000000100000000, 0x0000000100000000)
  eden space 4096K, 54% used [0x00000000ffb00000,0x00000000ffd32580,0x00000000fff00000)
  from space 512K, 0% used [0x00000000fff80000,0x00000000fff80000,0x0000000100000000)
  to   space 512K, 0% used [0x00000000fff00000,0x00000000fff00000,0x00000000fff80000)
 ParOldGen       total 11264K, used 11198K [0x00000000ff000000, 0x00000000ffb00000, 0x00000000ffb00000)
  object space 11264K, 99% used [0x00000000ff000000,0x00000000ffaef948,0x00000000ffb00000)
 Metaspace       used 3392K, capacity 4556K, committed 4864K, reserved 1056768K
  class space    used 361K, capacity 392K, committed 512K, reserved 1048576K
}
{Heap before GC invocations=81 (full 45):
 PSYoungGen      total 4608K, used 2775K [0x00000000ffb00000, 0x0000000100000000, 0x0000000100000000)
  eden space 4096K, 67% used [0x00000000ffb00000,0x00000000ffdb5eb8,0x00000000fff00000)
  from space 512K, 0% used [0x00000000fff80000,0x00000000fff80000,0x0000000100000000)
  to   space 512K, 0% used [0x00000000fff00000,0x00000000fff00000,0x00000000fff80000)
 ParOldGen       total 11264K, used 11198K [0x00000000ff000000, 0x00000000ffb00000, 0x00000000ffb00000)
  object space 11264K, 99% used [0x00000000ff000000,0x00000000ffaef948,0x00000000ffb00000)
 Metaspace       used 3392K, capacity 4556K, committed 4864K, reserved 1056768K
  class space    used 361K, capacity 392K, committed 512K, reserved 1048576K
2020-04-16T14:21:50.406+0800: 5.447: [Full GC (System.gc()) [PSYoungGen: 2775K->2530K(4608K)] [ParOldGen: 11198K->11198K(11264K)] 13974K->13728K(15872K), [Metaspace: 3392K->3392K(1056768K)], 0.0741395 secs] [Times: user=0.25 sys=0.00, real=0.07 secs] 
Heap after GC invocations=81 (full 45):
 PSYoungGen      total 4608K, used 2530K [0x00000000ffb00000, 0x0000000100000000, 0x0000000100000000)
  eden space 4096K, 61% used [0x00000000ffb00000,0x00000000ffd78a30,0x00000000fff00000)
  from space 512K, 0% used [0x00000000fff80000,0x00000000fff80000,0x0000000100000000)
  to   space 512K, 0% used [0x00000000fff00000,0x00000000fff00000,0x00000000fff80000)
 ParOldGen       total 11264K, used 11198K [0x00000000ff000000, 0x00000000ffb00000, 0x00000000ffb00000)
  object space 11264K, 99% used [0x00000000ff000000,0x00000000ffaef948,0x00000000ffb00000)
 Metaspace       used 3392K, capacity 4556K, committed 4864K, reserved 1056768K
  class space    used 361K, capacity 392K, committed 512K, reserved 1048576K
}
{Heap before GC invocations=82 (full 46):
 PSYoungGen      total 4608K, used 3039K [0x00000000ffb00000, 0x0000000100000000, 0x0000000100000000)
  eden space 4096K, 74% used [0x00000000ffb00000,0x00000000ffdf7c50,0x00000000fff00000)
  from space 512K, 0% used [0x00000000fff80000,0x00000000fff80000,0x0000000100000000)
  to   space 512K, 0% used [0x00000000fff00000,0x00000000fff00000,0x00000000fff80000)
 ParOldGen       total 11264K, used 11198K [0x00000000ff000000, 0x00000000ffb00000, 0x00000000ffb00000)
  object space 11264K, 99% used [0x00000000ff000000,0x00000000ffaef948,0x00000000ffb00000)
 Metaspace       used 3392K, capacity 4556K, committed 4864K, reserved 1056768K
  class space    used 361K, capacity 392K, committed 512K, reserved 1048576K
2020-04-16T14:21:50.513+0800: 5.555: [Full GC (System.gc()) [PSYoungGen: 3039K->2811K(4608K)] [ParOldGen: 11198K->11198K(11264K)] 14237K->14010K(15872K), [Metaspace: 3392K->3392K(1056768K)], 0.0323298 secs] [Times: user=0.19 sys=0.00, real=0.03 secs] 
Heap after GC invocations=82 (full 46):
 PSYoungGen      total 4608K, used 2811K [0x00000000ffb00000, 0x0000000100000000, 0x0000000100000000)
  eden space 4096K, 68% used [0x00000000ffb00000,0x00000000ffdbeee0,0x00000000fff00000)
  from space 512K, 0% used [0x00000000fff80000,0x00000000fff80000,0x0000000100000000)
  to   space 512K, 0% used [0x00000000fff00000,0x00000000fff00000,0x00000000fff80000)
 ParOldGen       total 11264K, used 11198K [0x00000000ff000000, 0x00000000ffb00000, 0x00000000ffb00000)
  object space 11264K, 99% used [0x00000000ff000000,0x00000000ffaef948,0x00000000ffb00000)
 Metaspace       used 3392K, capacity 4556K, committed 4864K, reserved 1056768K
  class space    used 361K, capacity 392K, committed 512K, reserved 1048576K
}
{Heap before GC invocations=83 (full 47):
 PSYoungGen      total 4608K, used 3346K [0x00000000ffb00000, 0x0000000100000000, 0x0000000100000000)
  eden space 4096K, 81% used [0x00000000ffb00000,0x00000000ffe44b50,0x00000000fff00000)
  from space 512K, 0% used [0x00000000fff80000,0x00000000fff80000,0x0000000100000000)
  to   space 512K, 0% used [0x00000000fff00000,0x00000000fff00000,0x00000000fff80000)
 ParOldGen       total 11264K, used 11198K [0x00000000ff000000, 0x00000000ffb00000, 0x00000000ffb00000)
  object space 11264K, 99% used [0x00000000ff000000,0x00000000ffaef948,0x00000000ffb00000)
 Metaspace       used 3392K, capacity 4556K, committed 4864K, reserved 1056768K
  class space    used 361K, capacity 392K, committed 512K, reserved 1048576K
2020-04-16T14:21:50.616+0800: 5.658: [Full GC (System.gc()) [PSYoungGen: 3346K->3092K(4608K)] [ParOldGen: 11198K->11198K(11264K)] 14545K->14291K(15872K), [Metaspace: 3392K->3392K(1056768K)], 0.0759452 secs] [Times: user=0.27 sys=0.00, real=0.08 secs] 
Heap after GC invocations=83 (full 47):
 PSYoungGen      total 4608K, used 3092K [0x00000000ffb00000, 0x0000000100000000, 0x0000000100000000)
  eden space 4096K, 75% used [0x00000000ffb00000,0x00000000ffe05390,0x00000000fff00000)
  from space 512K, 0% used [0x00000000fff80000,0x00000000fff80000,0x0000000100000000)
  to   space 512K, 0% used [0x00000000fff00000,0x00000000fff00000,0x00000000fff80000)
 ParOldGen       total 11264K, used 11198K [0x00000000ff000000, 0x00000000ffb00000, 0x00000000ffb00000)
  object space 11264K, 99% used [0x00000000ff000000,0x00000000ffaef948,0x00000000ffb00000)
 Metaspace       used 3392K, capacity 4556K, committed 4864K, reserved 1056768K
  class space    used 361K, capacity 392K, committed 512K, reserved 1048576K
}
{Heap before GC invocations=84 (full 48):
 PSYoungGen      total 4608K, used 3900K [0x00000000ffb00000, 0x0000000100000000, 0x0000000100000000)
  eden space 4096K, 95% used [0x00000000ffb00000,0x00000000ffecf2d0,0x00000000fff00000)
  from space 512K, 0% used [0x00000000fff80000,0x00000000fff80000,0x0000000100000000)
  to   space 512K, 0% used [0x00000000fff00000,0x00000000fff00000,0x00000000fff80000)
 ParOldGen       total 11264K, used 11198K [0x00000000ff000000, 0x00000000ffb00000, 0x00000000ffb00000)
  object space 11264K, 99% used [0x00000000ff000000,0x00000000ffaef948,0x00000000ffb00000)
 Metaspace       used 3392K, capacity 4556K, committed 4864K, reserved 1056768K
  class space    used 361K, capacity 392K, committed 512K, reserved 1048576K
2020-04-16T14:21:50.766+0800: 5.809: [Full GC (System.gc()) [PSYoungGen: 3900K->3651K(4608K)] [ParOldGen: 11198K->11013K(11264K)] 15099K->14665K(15872K), [Metaspace: 3392K->3392K(1056768K)], 0.0777311 secs] [Times: user=0.30 sys=0.02, real=0.08 secs] 
Heap after GC invocations=84 (full 48):
 PSYoungGen      total 4608K, used 3651K [0x00000000ffb00000, 0x0000000100000000, 0x0000000100000000)
  eden space 4096K, 89% used [0x00000000ffb00000,0x00000000ffe90fe0,0x00000000fff00000)
  from space 512K, 0% used [0x00000000fff80000,0x00000000fff80000,0x0000000100000000)
  to   space 512K, 0% used [0x00000000fff00000,0x00000000fff00000,0x00000000fff80000)
 ParOldGen       total 11264K, used 11013K [0x00000000ff000000, 0x00000000ffb00000, 0x00000000ffb00000)
  object space 11264K, 97% used [0x00000000ff000000,0x00000000ffac1428,0x00000000ffb00000)
 Metaspace       used 3392K, capacity 4556K, committed 4864K, reserved 1056768K
  class space    used 361K, capacity 392K, committed 512K, reserved 1048576K
}
{Heap before GC invocations=85 (full 49):
 PSYoungGen      total 4608K, used 4096K [0x00000000ffb00000, 0x0000000100000000, 0x0000000100000000)
  eden space 4096K, 100% used [0x00000000ffb00000,0x00000000fff00000,0x00000000fff00000)
  from space 512K, 0% used [0x00000000fff80000,0x00000000fff80000,0x0000000100000000)
  to   space 512K, 0% used [0x00000000fff00000,0x00000000fff00000,0x00000000fff80000)
 ParOldGen       total 11264K, used 11013K [0x00000000ff000000, 0x00000000ffb00000, 0x00000000ffb00000)
  object space 11264K, 97% used [0x00000000ff000000,0x00000000ffac1428,0x00000000ffb00000)
 Metaspace       used 3392K, capacity 4556K, committed 4864K, reserved 1056768K
  class space    used 361K, capacity 392K, committed 512K, reserved 1048576K
2020-04-16T14:21:50.943+0800: 5.985: [Full GC (Ergonomics) [PSYoungGen: 4096K->3897K(4608K)] [ParOldGen: 11013K->11013K(11264K)] 15109K->14910K(15872K), [Metaspace: 3392K->3392K(1056768K)], 0.0786833 secs] [Times: user=0.25 sys=0.00, real=0.08 secs] 
Heap after GC invocations=85 (full 49):
 PSYoungGen      total 4608K, used 3897K [0x00000000ffb00000, 0x0000000100000000, 0x0000000100000000)
  eden space 4096K, 95% used [0x00000000ffb00000,0x00000000ffece5b0,0x00000000fff00000)
  from space 512K, 0% used [0x00000000fff80000,0x00000000fff80000,0x0000000100000000)
  to   space 512K, 0% used [0x00000000fff00000,0x00000000fff00000,0x00000000fff80000)
 ParOldGen       total 11264K, used 11013K [0x00000000ff000000, 0x00000000ffb00000, 0x00000000ffb00000)
  object space 11264K, 97% used [0x00000000ff000000,0x00000000ffac1428,0x00000000ffb00000)
 Metaspace       used 3392K, capacity 4556K, committed 4864K, reserved 1056768K
  class space    used 361K, capacity 392K, committed 512K, reserved 1048576K
}
{Heap before GC invocations=86 (full 50):
 PSYoungGen      total 4608K, used 3962K [0x00000000ffb00000, 0x0000000100000000, 0x0000000100000000)
  eden space 4096K, 96% used [0x00000000ffb00000,0x00000000ffede8e8,0x00000000fff00000)
  from space 512K, 0% used [0x00000000fff80000,0x00000000fff80000,0x0000000100000000)
  to   space 512K, 0% used [0x00000000fff00000,0x00000000fff00000,0x00000000fff80000)
 ParOldGen       total 11264K, used 11013K [0x00000000ff000000, 0x00000000ffb00000, 0x00000000ffb00000)
  object space 11264K, 97% used [0x00000000ff000000,0x00000000ffac1428,0x00000000ffb00000)
 Metaspace       used 3392K, capacity 4556K, committed 4864K, reserved 1056768K
  class space    used 361K, capacity 392K, committed 512K, reserved 1048576K
2020-04-16T14:21:51.021+0800: 6.064: [Full GC (System.gc()) [PSYoungGen: 3962K->3933K(4608K)] [ParOldGen: 11013K->11013K(11264K)] 14975K->14946K(15872K), [Metaspace: 3392K->3392K(1056768K)], 0.0283931 secs] [Times: user=0.11 sys=0.01, real=0.03 secs] 
Heap after GC invocations=86 (full 50):
 PSYoungGen      total 4608K, used 3933K [0x00000000ffb00000, 0x0000000100000000, 0x0000000100000000)
  eden space 4096K, 96% used [0x00000000ffb00000,0x00000000ffed7490,0x00000000fff00000)
  from space 512K, 0% used [0x00000000fff80000,0x00000000fff80000,0x0000000100000000)
  to   space 512K, 0% used [0x00000000fff00000,0x00000000fff00000,0x00000000fff80000)
 ParOldGen       total 11264K, used 11013K [0x00000000ff000000, 0x00000000ffb00000, 0x00000000ffb00000)
  object space 11264K, 97% used [0x00000000ff000000,0x00000000ffac1428,0x00000000ffb00000)
 Metaspace       used 3392K, capacity 4556K, committed 4864K, reserved 1056768K
  class space    used 361K, capacity 392K, committed 512K, reserved 1048576K
}
{Heap before GC invocations=87 (full 51):
 PSYoungGen      total 4608K, used 4096K [0x00000000ffb00000, 0x0000000100000000, 0x0000000100000000)
  eden space 4096K, 100% used [0x00000000ffb00000,0x00000000fff00000,0x00000000fff00000)
  from space 512K, 0% used [0x00000000fff80000,0x00000000fff80000,0x0000000100000000)
  to   space 512K, 0% used [0x00000000fff00000,0x00000000fff00000,0x00000000fff80000)
 ParOldGen       total 11264K, used 11013K [0x00000000ff000000, 0x00000000ffb00000, 0x00000000ffb00000)
  object space 11264K, 97% used [0x00000000ff000000,0x00000000ffac1428,0x00000000ffb00000)
 Metaspace       used 3392K, capacity 4556K, committed 4864K, reserved 1056768K
  class space    used 361K, capacity 392K, committed 512K, reserved 1048576K
2020-04-16T14:21:51.177+0800: 6.219: [Full GC (Ergonomics) [PSYoungGen: 4096K->4022K(4608K)] [ParOldGen: 11013K->11013K(11264K)] 15109K->15036K(15872K), [Metaspace: 3392K->3392K(1056768K)], 0.0806303 secs] [Times: user=0.31 sys=0.00, real=0.08 secs] 
Heap after GC invocations=87 (full 51):
 PSYoungGen      total 4608K, used 4022K [0x00000000ffb00000, 0x0000000100000000, 0x0000000100000000)
  eden space 4096K, 98% used [0x00000000ffb00000,0x00000000ffeedbe0,0x00000000fff00000)
  from space 512K, 0% used [0x00000000fff80000,0x00000000fff80000,0x0000000100000000)
  to   space 512K, 0% used [0x00000000fff00000,0x00000000fff00000,0x00000000fff80000)
 ParOldGen       total 11264K, used 11013K [0x00000000ff000000, 0x00000000ffb00000, 0x00000000ffb00000)
  object space 11264K, 97% used [0x00000000ff000000,0x00000000ffac1428,0x00000000ffb00000)
 Metaspace       used 3392K, capacity 4556K, committed 4864K, reserved 1056768K
  class space    used 361K, capacity 392K, committed 512K, reserved 1048576K
}
{Heap before GC invocations=88 (full 52):
 PSYoungGen      total 4608K, used 4096K [0x00000000ffb00000, 0x0000000100000000, 0x0000000100000000)
  eden space 4096K, 100% used [0x00000000ffb00000,0x00000000fff00000,0x00000000fff00000)
  from space 512K, 0% used [0x00000000fff80000,0x00000000fff80000,0x0000000100000000)
  to   space 512K, 0% used [0x00000000fff00000,0x00000000fff00000,0x00000000fff80000)
 ParOldGen       total 11264K, used 11013K [0x00000000ff000000, 0x00000000ffb00000, 0x00000000ffb00000)
  object space 11264K, 97% used [0x00000000ff000000,0x00000000ffac1428,0x00000000ffb00000)
 Metaspace       used 3392K, capacity 4556K, committed 4864K, reserved 1056768K
  class space    used 361K, capacity 392K, committed 512K, reserved 1048576K
2020-04-16T14:21:51.258+0800: 6.300: [Full GC (Ergonomics) [PSYoungGen: 4096K->4063K(4608K)] [ParOldGen: 11013K->11013K(11264K)] 15109K->15076K(15872K), [Metaspace: 3392K->3392K(1056768K)], 0.0323631 secs] [Times: user=0.11 sys=0.00, real=0.03 secs] 
Heap after GC invocations=88 (full 52):
 PSYoungGen      total 4608K, used 4063K [0x00000000ffb00000, 0x0000000100000000, 0x0000000100000000)
  eden space 4096K, 99% used [0x00000000ffb00000,0x00000000ffef7cc0,0x00000000fff00000)
  from space 512K, 0% used [0x00000000fff80000,0x00000000fff80000,0x0000000100000000)
  to   space 512K, 0% used [0x00000000fff00000,0x00000000fff00000,0x00000000fff80000)
 ParOldGen       total 11264K, used 11013K [0x00000000ff000000, 0x00000000ffb00000, 0x00000000ffb00000)
  object space 11264K, 97% used [0x00000000ff000000,0x00000000ffac1428,0x00000000ffb00000)
 Metaspace       used 3392K, capacity 4556K, committed 4864K, reserved 1056768K
  class space    used 361K, capacity 392K, committed 512K, reserved 1048576K
}
{Heap before GC invocations=89 (full 53):
 PSYoungGen      total 4608K, used 4096K [0x00000000ffb00000, 0x0000000100000000, 0x0000000100000000)
  eden space 4096K, 100% used [0x00000000ffb00000,0x00000000fff00000,0x00000000fff00000)
  from space 512K, 0% used [0x00000000fff80000,0x00000000fff80000,0x0000000100000000)
  to   space 512K, 0% used [0x00000000fff00000,0x00000000fff00000,0x00000000fff80000)
 ParOldGen       total 11264K, used 11013K [0x00000000ff000000, 0x00000000ffb00000, 0x00000000ffb00000)
  object space 11264K, 97% used [0x00000000ff000000,0x00000000ffac1428,0x00000000ffb00000)
 Metaspace       used 3392K, capacity 4556K, committed 4864K, reserved 1056768K
  class space    used 361K, capacity 392K, committed 512K, reserved 1048576K
2020-04-16T14:21:51.290+0800: 6.333: [Full GC (Ergonomics) [PSYoungGen: 4096K->4081K(4608K)] [ParOldGen: 11013K->11013K(11264K)] 15109K->15094K(15872K), [Metaspace: 3392K->3392K(1056768K)], 0.0291399 secs] [Times: user=0.13 sys=0.00, real=0.03 secs] 
Heap after GC invocations=89 (full 53):
 PSYoungGen      total 4608K, used 4081K [0x00000000ffb00000, 0x0000000100000000, 0x0000000100000000)
  eden space 4096K, 99% used [0x00000000ffb00000,0x00000000ffefc4f0,0x00000000fff00000)
  from space 512K, 0% used [0x00000000fff80000,0x00000000fff80000,0x0000000100000000)
  to   space 512K, 0% used [0x00000000fff00000,0x00000000fff00000,0x00000000fff80000)
 ParOldGen       total 11264K, used 11013K [0x00000000ff000000, 0x00000000ffb00000, 0x00000000ffb00000)
  object space 11264K, 97% used [0x00000000ff000000,0x00000000ffac1428,0x00000000ffb00000)
 Metaspace       used 3392K, capacity 4556K, committed 4864K, reserved 1056768K
  class space    used 361K, capacity 392K, committed 512K, reserved 1048576K
}
{Heap before GC invocations=90 (full 54):
 PSYoungGen      total 4608K, used 4096K [0x00000000ffb00000, 0x0000000100000000, 0x0000000100000000)
  eden space 4096K, 100% used [0x00000000ffb00000,0x00000000fff00000,0x00000000fff00000)
  from space 512K, 0% used [0x00000000fff80000,0x00000000fff80000,0x0000000100000000)
  to   space 512K, 0% used [0x00000000fff00000,0x00000000fff00000,0x00000000fff80000)
 ParOldGen       total 11264K, used 11013K [0x00000000ff000000, 0x00000000ffb00000, 0x00000000ffb00000)
  object space 11264K, 97% used [0x00000000ff000000,0x00000000ffac1428,0x00000000ffb00000)
 Metaspace       used 3392K, capacity 4556K, committed 4864K, reserved 1056768K
  class space    used 361K, capacity 392K, committed 512K, reserved 1048576K
2020-04-16T14:21:51.320+0800: 6.362: [Full GC (Ergonomics) [PSYoungGen: 4096K->4089K(4608K)] [ParOldGen: 11013K->11013K(11264K)] 15109K->15102K(15872K), [Metaspace: 3392K->3392K(1056768K)], 0.0261788 secs] [Times: user=0.13 sys=0.00, real=0.03 secs] 
Heap after GC invocations=90 (full 54):
 PSYoungGen      total 4608K, used 4089K [0x00000000ffb00000, 0x0000000100000000, 0x0000000100000000)
  eden space 4096K, 99% used [0x00000000ffb00000,0x00000000ffefe560,0x00000000fff00000)
  from space 512K, 0% used [0x00000000fff80000,0x00000000fff80000,0x0000000100000000)
  to   space 512K, 0% used [0x00000000fff00000,0x00000000fff00000,0x00000000fff80000)
 ParOldGen       total 11264K, used 11013K [0x00000000ff000000, 0x00000000ffb00000, 0x00000000ffb00000)
  object space 11264K, 97% used [0x00000000ff000000,0x00000000ffac1428,0x00000000ffb00000)
 Metaspace       used 3392K, capacity 4556K, committed 4864K, reserved 1056768K
  class space    used 361K, capacity 392K, committed 512K, reserved 1048576K
}
{Heap before GC invocations=91 (full 55):
 PSYoungGen      total 4608K, used 4096K [0x00000000ffb00000, 0x0000000100000000, 0x0000000100000000)
  eden space 4096K, 100% used [0x00000000ffb00000,0x00000000fff00000,0x00000000fff00000)
  from space 512K, 0% used [0x00000000fff80000,0x00000000fff80000,0x0000000100000000)
  to   space 512K, 0% used [0x00000000fff00000,0x00000000fff00000,0x00000000fff80000)
 ParOldGen       total 11264K, used 11013K [0x00000000ff000000, 0x00000000ffb00000, 0x00000000ffb00000)
  object space 11264K, 97% used [0x00000000ff000000,0x00000000ffac1428,0x00000000ffb00000)
 Metaspace       used 3392K, capacity 4556K, committed 4864K, reserved 1056768K
  class space    used 361K, capacity 392K, committed 512K, reserved 1048576K
2020-04-16T14:21:51.346+0800: 6.388: [Full GC (Ergonomics) [PSYoungGen: 4096K->4093K(4608K)] [ParOldGen: 11013K->11013K(11264K)] 15109K->15106K(15872K), [Metaspace: 3392K->3392K(1056768K)], 0.0299209 secs] [Times: user=0.13 sys=0.00, real=0.03 secs] 
Heap after GC invocations=91 (full 55):
 PSYoungGen      total 4608K, used 4093K [0x00000000ffb00000, 0x0000000100000000, 0x0000000100000000)
  eden space 4096K, 99% used [0x00000000ffb00000,0x00000000ffeff410,0x00000000fff00000)
  from space 512K, 0% used [0x00000000fff80000,0x00000000fff80000,0x0000000100000000)
  to   space 512K, 0% used [0x00000000fff00000,0x00000000fff00000,0x00000000fff80000)
 ParOldGen       total 11264K, used 11013K [0x00000000ff000000, 0x00000000ffb00000, 0x00000000ffb00000)
  object space 11264K, 97% used [0x00000000ff000000,0x00000000ffac1428,0x00000000ffb00000)
 Metaspace       used 3392K, capacity 4556K, committed 4864K, reserved 1056768K
  class space    used 361K, capacity 392K, committed 512K, reserved 1048576K
}
{Heap before GC invocations=92 (full 56):
 PSYoungGen      total 4608K, used 4096K [0x00000000ffb00000, 0x0000000100000000, 0x0000000100000000)
  eden space 4096K, 100% used [0x00000000ffb00000,0x00000000fff00000,0x00000000fff00000)
  from space 512K, 0% used [0x00000000fff80000,0x00000000fff80000,0x0000000100000000)
  to   space 512K, 0% used [0x00000000fff00000,0x00000000fff00000,0x00000000fff80000)
 ParOldGen       total 11264K, used 11013K [0x00000000ff000000, 0x00000000ffb00000, 0x00000000ffb00000)
  object space 11264K, 97% used [0x00000000ff000000,0x00000000ffac1428,0x00000000ffb00000)
 Metaspace       used 3392K, capacity 4556K, committed 4864K, reserved 1056768K
  class space    used 361K, capacity 392K, committed 512K, reserved 1048576K
2020-04-16T14:21:51.377+0800: 6.419: [Full GC (Ergonomics) [PSYoungGen: 4096K->4094K(4608K)] [ParOldGen: 11013K->11013K(11264K)] 15109K->15107K(15872K), [Metaspace: 3392K->3392K(1056768K)], 0.0317456 secs] [Times: user=0.08 sys=0.00, real=0.03 secs] 
Heap after GC invocations=92 (full 56):
 PSYoungGen      total 4608K, used 4094K [0x00000000ffb00000, 0x0000000100000000, 0x0000000100000000)
  eden space 4096K, 99% used [0x00000000ffb00000,0x00000000ffeffa30,0x00000000fff00000)
  from space 512K, 0% used [0x00000000fff80000,0x00000000fff80000,0x0000000100000000)
  to   space 512K, 0% used [0x00000000fff00000,0x00000000fff00000,0x00000000fff80000)
 ParOldGen       total 11264K, used 11013K [0x00000000ff000000, 0x00000000ffb00000, 0x00000000ffb00000)
  object space 11264K, 97% used [0x00000000ff000000,0x00000000ffac1428,0x00000000ffb00000)
 Metaspace       used 3392K, capacity 4556K, committed 4864K, reserved 1056768K
  class space    used 361K, capacity 392K, committed 512K, reserved 1048576K
}
{Heap before GC invocations=93 (full 57):
 PSYoungGen      total 4608K, used 4096K [0x00000000ffb00000, 0x0000000100000000, 0x0000000100000000)
  eden space 4096K, 100% used [0x00000000ffb00000,0x00000000fff00000,0x00000000fff00000)
  from space 512K, 0% used [0x00000000fff80000,0x00000000fff80000,0x0000000100000000)
  to   space 512K, 0% used [0x00000000fff00000,0x00000000fff00000,0x00000000fff80000)
 ParOldGen       total 11264K, used 11013K [0x00000000ff000000, 0x00000000ffb00000, 0x00000000ffb00000)
  object space 11264K, 97% used [0x00000000ff000000,0x00000000ffac1428,0x00000000ffb00000)
 Metaspace       used 3392K, capacity 4556K, committed 4864K, reserved 1056768K
  class space    used 361K, capacity 392K, committed 512K, reserved 1048576K
2020-04-16T14:21:51.409+0800: 6.450: [Full GC (Ergonomics) [PSYoungGen: 4096K->4095K(4608K)] [ParOldGen: 11013K->11013K(11264K)] 15109K->15108K(15872K), [Metaspace: 3392K->3392K(1056768K)], 0.0300598 secs] [Times: user=0.13 sys=0.00, real=0.03 secs] 
Heap after GC invocations=93 (full 57):
 PSYoungGen      total 4608K, used 4095K [0x00000000ffb00000, 0x0000000100000000, 0x0000000100000000)
  eden space 4096K, 99% used [0x00000000ffb00000,0x00000000ffeffd70,0x00000000fff00000)
  from space 512K, 0% used [0x00000000fff80000,0x00000000fff80000,0x0000000100000000)
  to   space 512K, 0% used [0x00000000fff00000,0x00000000fff00000,0x00000000fff80000)
 ParOldGen       total 11264K, used 11013K [0x00000000ff000000, 0x00000000ffb00000, 0x00000000ffb00000)
  object space 11264K, 97% used [0x00000000ff000000,0x00000000ffac1428,0x00000000ffb00000)
 Metaspace       used 3392K, capacity 4556K, committed 4864K, reserved 1056768K
  class space    used 361K, capacity 392K, committed 512K, reserved 1048576K
}
{Heap before GC invocations=94 (full 58):
 PSYoungGen      total 4608K, used 4096K [0x00000000ffb00000, 0x0000000100000000, 0x0000000100000000)
  eden space 4096K, 100% used [0x00000000ffb00000,0x00000000fff00000,0x00000000fff00000)
  from space 512K, 0% used [0x00000000fff80000,0x00000000fff80000,0x0000000100000000)
  to   space 512K, 0% used [0x00000000fff00000,0x00000000fff00000,0x00000000fff80000)
 ParOldGen       total 11264K, used 11013K [0x00000000ff000000, 0x00000000ffb00000, 0x00000000ffb00000)
  object space 11264K, 97% used [0x00000000ff000000,0x00000000ffac1428,0x00000000ffb00000)
 Metaspace       used 3392K, capacity 4556K, committed 4864K, reserved 1056768K
  class space    used 361K, capacity 392K, committed 512K, reserved 1048576K
2020-04-16T14:21:51.439+0800: 6.481: [Full GC (Ergonomics) [PSYoungGen: 4096K->4095K(4608K)] [ParOldGen: 11013K->11013K(11264K)] 15109K->15108K(15872K), [Metaspace: 3392K->3392K(1056768K)], 0.0308742 secs] [Times: user=0.09 sys=0.00, real=0.03 secs] 
Heap after GC invocations=94 (full 58):
 PSYoungGen      total 4608K, used 4095K [0x00000000ffb00000, 0x0000000100000000, 0x0000000100000000)
  eden space 4096K, 99% used [0x00000000ffb00000,0x00000000ffeffe80,0x00000000fff00000)
  from space 512K, 0% used [0x00000000fff80000,0x00000000fff80000,0x0000000100000000)
  to   space 512K, 0% used [0x00000000fff00000,0x00000000fff00000,0x00000000fff80000)
 ParOldGen       total 11264K, used 11013K [0x00000000ff000000, 0x00000000ffb00000, 0x00000000ffb00000)
  object space 11264K, 97% used [0x00000000ff000000,0x00000000ffac1428,0x00000000ffb00000)
 Metaspace       used 3392K, capacity 4556K, committed 4864K, reserved 1056768K
  class space    used 361K, capacity 392K, committed 512K, reserved 1048576K
}
{Heap before GC invocations=95 (full 59):
 PSYoungGen      total 4608K, used 4096K [0x00000000ffb00000, 0x0000000100000000, 0x0000000100000000)
  eden space 4096K, 100% used [0x00000000ffb00000,0x00000000fff00000,0x00000000fff00000)
  from space 512K, 0% used [0x00000000fff80000,0x00000000fff80000,0x0000000100000000)
  to   space 512K, 0% used [0x00000000fff00000,0x00000000fff00000,0x00000000fff80000)
 ParOldGen       total 11264K, used 11013K [0x00000000ff000000, 0x00000000ffb00000, 0x00000000ffb00000)
  object space 11264K, 97% used [0x00000000ff000000,0x00000000ffac1428,0x00000000ffb00000)
 Metaspace       used 3392K, capacity 4556K, committed 4864K, reserved 1056768K
  class space    used 361K, capacity 392K, committed 512K, reserved 1048576K
2020-04-16T14:21:51.470+0800: 6.512: [Full GC (Ergonomics) [PSYoungGen: 4096K->4095K(4608K)] [ParOldGen: 11013K->11013K(11264K)] 15109K->15108K(15872K), [Metaspace: 3392K->3392K(1056768K)], 0.0322133 secs] [Times: user=0.08 sys=0.00, real=0.03 secs] 
Heap after GC invocations=95 (full 59):
 PSYoungGen      total 4608K, used 4095K [0x00000000ffb00000, 0x0000000100000000, 0x0000000100000000)
  eden space 4096K, 99% used [0x00000000ffb00000,0x00000000ffefff70,0x00000000fff00000)
  from space 512K, 0% used [0x00000000fff80000,0x00000000fff80000,0x0000000100000000)
  to   space 512K, 0% used [0x00000000fff00000,0x00000000fff00000,0x00000000fff80000)
 ParOldGen       total 11264K, used 11013K [0x00000000ff000000, 0x00000000ffb00000, 0x00000000ffb00000)
  object space 11264K, 97% used [0x00000000ff000000,0x00000000ffac1428,0x00000000ffb00000)
 Metaspace       used 3392K, capacity 4556K, committed 4864K, reserved 1056768K
  class space    used 361K, capacity 392K, committed 512K, reserved 1048576K
}
{Heap before GC invocations=96 (full 60):
 PSYoungGen      total 4608K, used 4096K [0x00000000ffb00000, 0x0000000100000000, 0x0000000100000000)
  eden space 4096K, 100% used [0x00000000ffb00000,0x00000000fff00000,0x00000000fff00000)
  from space 512K, 0% used [0x00000000fff80000,0x00000000fff80000,0x0000000100000000)
  to   space 512K, 0% used [0x00000000fff00000,0x00000000fff00000,0x00000000fff80000)
 ParOldGen       total 11264K, used 11013K [0x00000000ff000000, 0x00000000ffb00000, 0x00000000ffb00000)
  object space 11264K, 97% used [0x00000000ff000000,0x00000000ffac1428,0x00000000ffb00000)
 Metaspace       used 3392K, capacity 4556K, committed 4864K, reserved 1056768K
  class space    used 361K, capacity 392K, committed 512K, reserved 1048576K
2020-04-16T14:21:51.503+0800: 6.544: [Full GC (Ergonomics) [PSYoungGen: 4096K->4095K(4608K)] [ParOldGen: 11013K->11013K(11264K)] 15109K->15108K(15872K), [Metaspace: 3392K->3392K(1056768K)], 0.0280020 secs] [Times: user=0.08 sys=0.03, real=0.03 secs] 
Heap after GC invocations=96 (full 60):
 PSYoungGen      total 4608K, used 4095K [0x00000000ffb00000, 0x0000000100000000, 0x0000000100000000)
  eden space 4096K, 99% used [0x00000000ffb00000,0x00000000ffefffb0,0x00000000fff00000)
  from space 512K, 0% used [0x00000000fff80000,0x00000000fff80000,0x0000000100000000)
  to   space 512K, 0% used [0x00000000fff00000,0x00000000fff00000,0x00000000fff80000)
 ParOldGen       total 11264K, used 11013K [0x00000000ff000000, 0x00000000ffb00000, 0x00000000ffb00000)
  object space 11264K, 97% used [0x00000000ff000000,0x00000000ffac1428,0x00000000ffb00000)
 Metaspace       used 3392K, capacity 4556K, committed 4864K, reserved 1056768K
  class space    used 361K, capacity 392K, committed 512K, reserved 1048576K
}
{Heap before GC invocations=97 (full 61):
 PSYoungGen      total 4608K, used 4095K [0x00000000ffb00000, 0x0000000100000000, 0x0000000100000000)
  eden space 4096K, 99% used [0x00000000ffb00000,0x00000000ffeffff0,0x00000000fff00000)
  from space 512K, 0% used [0x00000000fff80000,0x00000000fff80000,0x0000000100000000)
  to   space 512K, 0% used [0x00000000fff00000,0x00000000fff00000,0x00000000fff80000)
 ParOldGen       total 11264K, used 11013K [0x00000000ff000000, 0x00000000ffb00000, 0x00000000ffb00000)
  object space 11264K, 97% used [0x00000000ff000000,0x00000000ffac1428,0x00000000ffb00000)
 Metaspace       used 3392K, capacity 4556K, committed 4864K, reserved 1056768K
  class space    used 361K, capacity 392K, committed 512K, reserved 1048576K
2020-04-16T14:21:51.531+0800: 6.572: [Full GC (Ergonomics) [PSYoungGen: 4095K->4095K(4608K)] [ParOldGen: 11013K->11013K(11264K)] 15109K->15108K(15872K), [Metaspace: 3392K->3392K(1056768K)], 0.0313944 secs] [Times: user=0.11 sys=0.02, real=0.03 secs] 
Heap after GC invocations=97 (full 61):
 PSYoungGen      total 4608K, used 4095K [0x00000000ffb00000, 0x0000000100000000, 0x0000000100000000)
  eden space 4096K, 99% used [0x00000000ffb00000,0x00000000ffefff80,0x00000000fff00000)
  from space 512K, 0% used [0x00000000fff80000,0x00000000fff80000,0x0000000100000000)
  to   space 512K, 0% used [0x00000000fff00000,0x00000000fff00000,0x00000000fff80000)
 ParOldGen       total 11264K, used 11013K [0x00000000ff000000, 0x00000000ffb00000, 0x00000000ffb00000)
  object space 11264K, 97% used [0x00000000ff000000,0x00000000ffac1428,0x00000000ffb00000)
 Metaspace       used 3392K, capacity 4556K, committed 4864K, reserved 1056768K
  class space    used 361K, capacity 392K, committed 512K, reserved 1048576K
}
{Heap before GC invocations=98 (full 62):
 PSYoungGen      total 4608K, used 4095K [0x00000000ffb00000, 0x0000000100000000, 0x0000000100000000)
  eden space 4096K, 99% used [0x00000000ffb00000,0x00000000ffefffd0,0x00000000fff00000)
  from space 512K, 0% used [0x00000000fff80000,0x00000000fff80000,0x0000000100000000)
  to   space 512K, 0% used [0x00000000fff00000,0x00000000fff00000,0x00000000fff80000)
 ParOldGen       total 11264K, used 11013K [0x00000000ff000000, 0x00000000ffb00000, 0x00000000ffb00000)
  object space 11264K, 97% used [0x00000000ff000000,0x00000000ffac1428,0x00000000ffb00000)
 Metaspace       used 3392K, capacity 4556K, committed 4864K, reserved 1056768K
  class space    used 361K, capacity 392K, committed 512K, reserved 1048576K
2020-04-16T14:21:51.562+0800: 6.604: [Full GC (Ergonomics) [PSYoungGen: 4095K->4095K(4608K)] [ParOldGen: 11013K->11013K(11264K)] 15108K->15108K(15872K), [Metaspace: 3392K->3392K(1056768K)], 0.0325257 secs] [Times: user=0.11 sys=0.00, real=0.03 secs] 
Heap after GC invocations=98 (full 62):
 PSYoungGen      total 4608K, used 4095K [0x00000000ffb00000, 0x0000000100000000, 0x0000000100000000)
  eden space 4096K, 99% used [0x00000000ffb00000,0x00000000ffefffd0,0x00000000fff00000)
  from space 512K, 0% used [0x00000000fff80000,0x00000000fff80000,0x0000000100000000)
  to   space 512K, 0% used [0x00000000fff00000,0x00000000fff00000,0x00000000fff80000)
 ParOldGen       total 11264K, used 11013K [0x00000000ff000000, 0x00000000ffb00000, 0x00000000ffb00000)
  object space 11264K, 97% used [0x00000000ff000000,0x00000000ffac1428,0x00000000ffb00000)
 Metaspace       used 3392K, capacity 4556K, committed 4864K, reserved 1056768K
  class space    used 361K, capacity 392K, committed 512K, reserved 1048576K
}
{Heap before GC invocations=99 (full 63):
 PSYoungGen      total 4608K, used 4096K [0x00000000ffb00000, 0x0000000100000000, 0x0000000100000000)
  eden space 4096K, 100% used [0x00000000ffb00000,0x00000000fff00000,0x00000000fff00000)
  from space 512K, 0% used [0x00000000fff80000,0x00000000fff80000,0x0000000100000000)
  to   space 512K, 0% used [0x00000000fff00000,0x00000000fff00000,0x00000000fff80000)
 ParOldGen       total 11264K, used 11015K [0x00000000ff000000, 0x00000000ffb00000, 0x00000000ffb00000)
  object space 11264K, 97% used [0x00000000ff000000,0x00000000ffac1ef8,0x00000000ffb00000)
 Metaspace       used 3392K, capacity 4556K, committed 4864K, reserved 1056768K
  class space    used 361K, capacity 392K, committed 512K, reserved 1048576K
2020-04-16T14:21:51.594+0800: 6.637: [Full GC (Ergonomics) [PSYoungGen: 4096K->4095K(4608K)] [ParOldGen: 11015K->11014K(11264K)] 15111K->15110K(15872K), [Metaspace: 3392K->3392K(1056768K)], 0.0298468 secs] [Times: user=0.06 sys=0.02, real=0.03 secs] 
Heap after GC invocations=99 (full 63):
 PSYoungGen      total 4608K, used 4095K [0x00000000ffb00000, 0x0000000100000000, 0x0000000100000000)
  eden space 4096K, 99% used [0x00000000ffb00000,0x00000000ffefffe8,0x00000000fff00000)
  from space 512K, 0% used [0x00000000fff80000,0x00000000fff80000,0x0000000100000000)
  to   space 512K, 0% used [0x00000000fff00000,0x00000000fff00000,0x00000000fff80000)
 ParOldGen       total 11264K, used 11014K [0x00000000ff000000, 0x00000000ffb00000, 0x00000000ffb00000)
  object space 11264K, 97% used [0x00000000ff000000,0x00000000ffac1a40,0x00000000ffb00000)
 Metaspace       used 3392K, capacity 4556K, committed 4864K, reserved 1056768K
  class space    used 361K, capacity 392K, committed 512K, reserved 1048576K
}
{Heap before GC invocations=100 (full 64):
 PSYoungGen      total 4608K, used 4096K [0x00000000ffb00000, 0x0000000100000000, 0x0000000100000000)
  eden space 4096K, 100% used [0x00000000ffb00000,0x00000000fff00000,0x00000000fff00000)
  from space 512K, 0% used [0x00000000fff80000,0x00000000fff80000,0x0000000100000000)
  to   space 512K, 0% used [0x00000000fff00000,0x00000000fff00000,0x00000000fff80000)
 ParOldGen       total 11264K, used 11017K [0x00000000ff000000, 0x00000000ffb00000, 0x00000000ffb00000)
  object space 11264K, 97% used [0x00000000ff000000,0x00000000ffac2550,0x00000000ffb00000)
 Metaspace       used 3392K, capacity 4556K, committed 4864K, reserved 1056768K
  class space    used 361K, capacity 392K, committed 512K, reserved 1048576K
2020-04-16T14:21:51.624+0800: 6.667: [Full GC (Ergonomics) [PSYoungGen: 4096K->4096K(4608K)] [ParOldGen: 11017K->11016K(11264K)] 15113K->15112K(15872K), [Metaspace: 3392K->3392K(1056768K)], 0.0259060 secs] [Times: user=0.03 sys=0.00, real=0.03 secs] 
Heap after GC invocations=100 (full 64):
 PSYoungGen      total 4608K, used 4096K [0x00000000ffb00000, 0x0000000100000000, 0x0000000100000000)
  eden space 4096K, 100% used [0x00000000ffb00000,0x00000000fff00000,0x00000000fff00000)
  from space 512K, 0% used [0x00000000fff80000,0x00000000fff80000,0x0000000100000000)
  to   space 512K, 0% used [0x00000000fff00000,0x00000000fff00000,0x00000000fff80000)
 ParOldGen       total 11264K, used 11016K [0x00000000ff000000, 0x00000000ffb00000, 0x00000000ffb00000)
  object space 11264K, 97% used [0x00000000ff000000,0x00000000ffac2028,0x00000000ffb00000)
 Metaspace       used 3392K, capacity 4556K, committed 4864K, reserved 1056768K
  class space    used 361K, capacity 392K, committed 512K, reserved 1048576K
}
{Heap before GC invocations=101 (full 65):
 PSYoungGen      total 4608K, used 4096K [0x00000000ffb00000, 0x0000000100000000, 0x0000000100000000)
  eden space 4096K, 100% used [0x00000000ffb00000,0x00000000fff00000,0x00000000fff00000)
  from space 512K, 0% used [0x00000000fff80000,0x00000000fff80000,0x0000000100000000)
  to   space 512K, 0% used [0x00000000fff00000,0x00000000fff00000,0x00000000fff80000)
 ParOldGen       total 11264K, used 11018K [0x00000000ff000000, 0x00000000ffb00000, 0x00000000ffb00000)
  object space 11264K, 97% used [0x00000000ff000000,0x00000000ffac2b08,0x00000000ffb00000)
 Metaspace       used 3392K, capacity 4556K, committed 4864K, reserved 1056768K
  class space    used 361K, capacity 392K, committed 512K, reserved 1048576K
2020-04-16T14:21:51.651+0800: 6.693: [Full GC (Ergonomics) [PSYoungGen: 4096K->4096K(4608K)] [ParOldGen: 11018K->11017K(11264K)] 15114K->15113K(15872K), [Metaspace: 3392K->3392K(1056768K)], 0.0319041 secs] [Times: user=0.13 sys=0.00, real=0.03 secs] 
Heap after GC invocations=101 (full 65):
 PSYoungGen      total 4608K, used 4096K [0x00000000ffb00000, 0x0000000100000000, 0x0000000100000000)
  eden space 4096K, 100% used [0x00000000ffb00000,0x00000000fff00000,0x00000000fff00000)
  from space 512K, 0% used [0x00000000fff80000,0x00000000fff80000,0x0000000100000000)
  to   space 512K, 0% used [0x00000000fff00000,0x00000000fff00000,0x00000000fff80000)
 ParOldGen       total 11264K, used 11017K [0x00000000ff000000, 0x00000000ffb00000, 0x00000000ffb00000)
  object space 11264K, 97% used [0x00000000ff000000,0x00000000ffac2680,0x00000000ffb00000)
 Metaspace       used 3392K, capacity 4556K, committed 4864K, reserved 1056768K
  class space    used 361K, capacity 392K, committed 512K, reserved 1048576K
}
{Heap before GC invocations=102 (full 66):
 PSYoungGen      total 4608K, used 4096K [0x00000000ffb00000, 0x0000000100000000, 0x0000000100000000)
  eden space 4096K, 100% used [0x00000000ffb00000,0x00000000fff00000,0x00000000fff00000)
  from space 512K, 0% used [0x00000000fff80000,0x00000000fff80000,0x0000000100000000)
  to   space 512K, 0% used [0x00000000fff00000,0x00000000fff00000,0x00000000fff80000)
 ParOldGen       total 11264K, used 11020K [0x00000000ff000000, 0x00000000ffb00000, 0x00000000ffb00000)
  object space 11264K, 97% used [0x00000000ff000000,0x00000000ffac3128,0x00000000ffb00000)
 Metaspace       used 3392K, capacity 4556K, committed 4864K, reserved 1056768K
  class space    used 361K, capacity 392K, committed 512K, reserved 1048576K
2020-04-16T14:21:51.683+0800: 6.725: [Full GC (Ergonomics) [PSYoungGen: 4096K->4096K(4608K)] [ParOldGen: 11020K->11019K(11264K)] 15116K->15115K(15872K), [Metaspace: 3392K->3392K(1056768K)], 0.0278134 secs] [Times: user=0.13 sys=0.00, real=0.03 secs] 
Heap after GC invocations=102 (full 66):
 PSYoungGen      total 4608K, used 4096K [0x00000000ffb00000, 0x0000000100000000, 0x0000000100000000)
  eden space 4096K, 100% used [0x00000000ffb00000,0x00000000fff00000,0x00000000fff00000)
  from space 512K, 0% used [0x00000000fff80000,0x00000000fff80000,0x0000000100000000)
  to   space 512K, 0% used [0x00000000fff00000,0x00000000fff00000,0x00000000fff80000)
 ParOldGen       total 11264K, used 11019K [0x00000000ff000000, 0x00000000ffb00000, 0x00000000ffb00000)
  object space 11264K, 97% used [0x00000000ff000000,0x00000000ffac2c58,0x00000000ffb00000)
 Metaspace       used 3392K, capacity 4556K, committed 4864K, reserved 1056768K
  class space    used 361K, capacity 392K, committed 512K, reserved 1048576K
}
{Heap before GC invocations=103 (full 67):
 PSYoungGen      total 4608K, used 4096K [0x00000000ffb00000, 0x0000000100000000, 0x0000000100000000)
  eden space 4096K, 100% used [0x00000000ffb00000,0x00000000fff00000,0x00000000fff00000)
  from space 512K, 0% used [0x00000000fff80000,0x00000000fff80000,0x0000000100000000)
  to   space 512K, 0% used [0x00000000fff00000,0x00000000fff00000,0x00000000fff80000)
 ParOldGen       total 11264K, used 11021K [0x00000000ff000000, 0x00000000ffb00000, 0x00000000ffb00000)
  object space 11264K, 97% used [0x00000000ff000000,0x00000000ffac3750,0x00000000ffb00000)
 Metaspace       used 3392K, capacity 4556K, committed 4864K, reserved 1056768K
  class space    used 361K, capacity 392K, committed 512K, reserved 1048576K
2020-04-16T14:21:51.711+0800: 6.753: [Full GC (Ergonomics) [PSYoungGen: 4096K->4096K(4608K)] [ParOldGen: 11021K->11020K(11264K)] 15117K->15116K(15872K), [Metaspace: 3392K->3392K(1056768K)], 0.0284493 secs] [Times: user=0.08 sys=0.00, real=0.03 secs] 
Heap after GC invocations=103 (full 67):
 PSYoungGen      total 4608K, used 4096K [0x00000000ffb00000, 0x0000000100000000, 0x0000000100000000)
  eden space 4096K, 100% used [0x00000000ffb00000,0x00000000fff00000,0x00000000fff00000)
  from space 512K, 0% used [0x00000000fff80000,0x00000000fff80000,0x0000000100000000)
  to   space 512K, 0% used [0x00000000fff00000,0x00000000fff00000,0x00000000fff80000)
 ParOldGen       total 11264K, used 11020K [0x00000000ff000000, 0x00000000ffb00000, 0x00000000ffb00000)
  object space 11264K, 97% used [0x00000000ff000000,0x00000000ffac3228,0x00000000ffb00000)
 Metaspace       used 3392K, capacity 4556K, committed 4864K, reserved 1056768K
  class space    used 361K, capacity 392K, committed 512K, reserved 1048576K
}
{Heap before GC invocations=104 (full 68):
 PSYoungGen      total 4608K, used 4096K [0x00000000ffb00000, 0x0000000100000000, 0x0000000100000000)
  eden space 4096K, 100% used [0x00000000ffb00000,0x00000000fff00000,0x00000000fff00000)
  from space 512K, 0% used [0x00000000fff80000,0x00000000fff80000,0x0000000100000000)
  to   space 512K, 0% used [0x00000000fff00000,0x00000000fff00000,0x00000000fff80000)
 ParOldGen       total 11264K, used 11023K [0x00000000ff000000, 0x00000000ffb00000, 0x00000000ffb00000)
  object space 11264K, 97% used [0x00000000ff000000,0x00000000ffac3d08,0x00000000ffb00000)
 Metaspace       used 3392K, capacity 4556K, committed 4864K, reserved 1056768K
  class space    used 361K, capacity 392K, committed 512K, reserved 1048576K
2020-04-16T14:21:51.740+0800: 6.782: [Full GC (Ergonomics) [PSYoungGen: 4096K->4096K(4608K)] [ParOldGen: 11023K->11022K(11264K)] 15119K->15118K(15872K), [Metaspace: 3392K->3392K(1056768K)], 0.0311799 secs] [Times: user=0.06 sys=0.00, real=0.03 secs] 
Heap after GC invocations=104 (full 68):
 PSYoungGen      total 4608K, used 4096K [0x00000000ffb00000, 0x0000000100000000, 0x0000000100000000)
  eden space 4096K, 100% used [0x00000000ffb00000,0x00000000fff00000,0x00000000fff00000)
  from space 512K, 0% used [0x00000000fff80000,0x00000000fff80000,0x0000000100000000)
  to   space 512K, 0% used [0x00000000fff00000,0x00000000fff00000,0x00000000fff80000)
 ParOldGen       total 11264K, used 11022K [0x00000000ff000000, 0x00000000ffb00000, 0x00000000ffb00000)
  object space 11264K, 97% used [0x00000000ff000000,0x00000000ffac3880,0x00000000ffb00000)
 Metaspace       used 3392K, capacity 4556K, committed 4864K, reserved 1056768K
  class space    used 361K, capacity 392K, committed 512K, reserved 1048576K
}
{Heap before GC invocations=105 (full 69):
 PSYoungGen      total 4608K, used 4096K [0x00000000ffb00000, 0x0000000100000000, 0x0000000100000000)
  eden space 4096K, 100% used [0x00000000ffb00000,0x00000000fff00000,0x00000000fff00000)
  from space 512K, 0% used [0x00000000fff80000,0x00000000fff80000,0x0000000100000000)
  to   space 512K, 0% used [0x00000000fff00000,0x00000000fff00000,0x00000000fff80000)
 ParOldGen       total 11264K, used 11024K [0x00000000ff000000, 0x00000000ffb00000, 0x00000000ffb00000)
  object space 11264K, 97% used [0x00000000ff000000,0x00000000ffac4328,0x00000000ffb00000)
 Metaspace       used 3392K, capacity 4556K, committed 4864K, reserved 1056768K
  class space    used 361K, capacity 392K, committed 512K, reserved 1048576K
2020-04-16T14:21:51.771+0800: 6.813: [Full GC (Ergonomics) [PSYoungGen: 4096K->4096K(4608K)] [ParOldGen: 11024K->11023K(11264K)] 15120K->15119K(15872K), [Metaspace: 3392K->3392K(1056768K)], 0.0242608 secs] [Times: user=0.06 sys=0.00, real=0.02 secs] 
Heap after GC invocations=105 (full 69):
 PSYoungGen      total 4608K, used 4096K [0x00000000ffb00000, 0x0000000100000000, 0x0000000100000000)
  eden space 4096K, 100% used [0x00000000ffb00000,0x00000000fff00000,0x00000000fff00000)
  from space 512K, 0% used [0x00000000fff80000,0x00000000fff80000,0x0000000100000000)
  to   space 512K, 0% used [0x00000000fff00000,0x00000000fff00000,0x00000000fff80000)
 ParOldGen       total 11264K, used 11023K [0x00000000ff000000, 0x00000000ffb00000, 0x00000000ffb00000)
  object space 11264K, 97% used [0x00000000ff000000,0x00000000ffac3e58,0x00000000ffb00000)
 Metaspace       used 3392K, capacity 4556K, committed 4864K, reserved 1056768K
  class space    used 361K, capacity 392K, committed 512K, reserved 1048576K
}
{Heap before GC invocations=106 (full 70):
 PSYoungGen      total 4608K, used 4096K [0x00000000ffb00000, 0x0000000100000000, 0x0000000100000000)
  eden space 4096K, 100% used [0x00000000ffb00000,0x00000000fff00000,0x00000000fff00000)
  from space 512K, 0% used [0x00000000fff80000,0x00000000fff80000,0x0000000100000000)
  to   space 512K, 0% used [0x00000000fff00000,0x00000000fff00000,0x00000000fff80000)
 ParOldGen       total 11264K, used 11026K [0x00000000ff000000, 0x00000000ffb00000, 0x00000000ffb00000)
  object space 11264K, 97% used [0x00000000ff000000,0x00000000ffac4950,0x00000000ffb00000)
 Metaspace       used 3392K, capacity 4556K, committed 4864K, reserved 1056768K
  class space    used 361K, capacity 392K, committed 512K, reserved 1048576K
2020-04-16T14:21:51.796+0800: 6.837: [Full GC (Ergonomics) [PSYoungGen: 4096K->4096K(4608K)] [ParOldGen: 11026K->11025K(11264K)] 15122K->15121K(15872K), [Metaspace: 3392K->3392K(1056768K)], 0.0303357 secs] [Times: user=0.06 sys=0.00, real=0.03 secs] 
Heap after GC invocations=106 (full 70):
 PSYoungGen      total 4608K, used 4096K [0x00000000ffb00000, 0x0000000100000000, 0x0000000100000000)
  eden space 4096K, 100% used [0x00000000ffb00000,0x00000000fff00000,0x00000000fff00000)
  from space 512K, 0% used [0x00000000fff80000,0x00000000fff80000,0x0000000100000000)
  to   space 512K, 0% used [0x00000000fff00000,0x00000000fff00000,0x00000000fff80000)
 ParOldGen       total 11264K, used 11025K [0x00000000ff000000, 0x00000000ffb00000, 0x00000000ffb00000)
  object space 11264K, 97% used [0x00000000ff000000,0x00000000ffac4428,0x00000000ffb00000)
 Metaspace       used 3392K, capacity 4556K, committed 4864K, reserved 1056768K
  class space    used 361K, capacity 392K, committed 512K, reserved 1048576K
}
{Heap before GC invocations=107 (full 71):
 PSYoungGen      total 4608K, used 4096K [0x00000000ffb00000, 0x0000000100000000, 0x0000000100000000)
  eden space 4096K, 100% used [0x00000000ffb00000,0x00000000fff00000,0x00000000fff00000)
  from space 512K, 0% used [0x00000000fff80000,0x00000000fff80000,0x0000000100000000)
  to   space 512K, 0% used [0x00000000fff00000,0x00000000fff00000,0x00000000fff80000)
 ParOldGen       total 11264K, used 11027K [0x00000000ff000000, 0x00000000ffb00000, 0x00000000ffb00000)
  object space 11264K, 97% used [0x00000000ff000000,0x00000000ffac4f08,0x00000000ffb00000)
 Metaspace       used 3392K, capacity 4556K, committed 4864K, reserved 1056768K
  class space    used 361K, capacity 392K, committed 512K, reserved 1048576K
2020-04-16T14:21:51.826+0800: 6.868: [Full GC (Ergonomics) [PSYoungGen: 4096K->4096K(4608K)] [ParOldGen: 11027K->11026K(11264K)] 15123K->15122K(15872K), [Metaspace: 3392K->3392K(1056768K)], 0.0305777 secs] [Times: user=0.13 sys=0.00, real=0.03 secs] 
Heap after GC invocations=107 (full 71):
 PSYoungGen      total 4608K, used 4096K [0x00000000ffb00000, 0x0000000100000000, 0x0000000100000000)
  eden space 4096K, 100% used [0x00000000ffb00000,0x00000000fff00000,0x00000000fff00000)
  from space 512K, 0% used [0x00000000fff80000,0x00000000fff80000,0x0000000100000000)
  to   space 512K, 0% used [0x00000000fff00000,0x00000000fff00000,0x00000000fff80000)
 ParOldGen       total 11264K, used 11026K [0x00000000ff000000, 0x00000000ffb00000, 0x00000000ffb00000)
  object space 11264K, 97% used [0x00000000ff000000,0x00000000ffac4a80,0x00000000ffb00000)
 Metaspace       used 3392K, capacity 4556K, committed 4864K, reserved 1056768K
  class space    used 361K, capacity 392K, committed 512K, reserved 1048576K
}
{Heap before GC invocations=108 (full 72):
 PSYoungGen      total 4608K, used 4096K [0x00000000ffb00000, 0x0000000100000000, 0x0000000100000000)
  eden space 4096K, 100% used [0x00000000ffb00000,0x00000000fff00000,0x00000000fff00000)
  from space 512K, 0% used [0x00000000fff80000,0x00000000fff80000,0x0000000100000000)
  to   space 512K, 0% used [0x00000000fff00000,0x00000000fff00000,0x00000000fff80000)
 ParOldGen       total 11264K, used 11029K [0x00000000ff000000, 0x00000000ffb00000, 0x00000000ffb00000)
  object space 11264K, 97% used [0x00000000ff000000,0x00000000ffac5528,0x00000000ffb00000)
 Metaspace       used 3392K, capacity 4556K, committed 4864K, reserved 1056768K
  class space    used 361K, capacity 392K, committed 512K, reserved 1048576K
2020-04-16T14:21:51.857+0800: 6.899: [Full GC (Ergonomics) [PSYoungGen: 4096K->4096K(4608K)] [ParOldGen: 11029K->11028K(11264K)] 15125K->15124K(15872K), [Metaspace: 3392K->3392K(1056768K)], 0.0403676 secs] [Times: user=0.19 sys=0.00, real=0.04 secs] 
Heap after GC invocations=108 (full 72):
 PSYoungGen      total 4608K, used 4096K [0x00000000ffb00000, 0x0000000100000000, 0x0000000100000000)
  eden space 4096K, 100% used [0x00000000ffb00000,0x00000000fff00000,0x00000000fff00000)
  from space 512K, 0% used [0x00000000fff80000,0x00000000fff80000,0x0000000100000000)
  to   space 512K, 0% used [0x00000000fff00000,0x00000000fff00000,0x00000000fff80000)
 ParOldGen       total 11264K, used 11028K [0x00000000ff000000, 0x00000000ffb00000, 0x00000000ffb00000)
  object space 11264K, 97% used [0x00000000ff000000,0x00000000ffac5058,0x00000000ffb00000)
 Metaspace       used 3392K, capacity 4556K, committed 4864K, reserved 1056768K
  class space    used 361K, capacity 392K, committed 512K, reserved 1048576K
}
{Heap before GC invocations=109 (full 73):
 PSYoungGen      total 4608K, used 4096K [0x00000000ffb00000, 0x0000000100000000, 0x0000000100000000)
  eden space 4096K, 100% used [0x00000000ffb00000,0x00000000fff00000,0x00000000fff00000)
  from space 512K, 0% used [0x00000000fff80000,0x00000000fff80000,0x0000000100000000)
  to   space 512K, 0% used [0x00000000fff00000,0x00000000fff00000,0x00000000fff80000)
 ParOldGen       total 11264K, used 11030K [0x00000000ff000000, 0x00000000ffb00000, 0x00000000ffb00000)
  object space 11264K, 97% used [0x00000000ff000000,0x00000000ffac5b50,0x00000000ffb00000)
 Metaspace       used 3392K, capacity 4556K, committed 4864K, reserved 1056768K
  class space    used 361K, capacity 392K, committed 512K, reserved 1048576K
2020-04-16T14:21:51.898+0800: 6.940: [Full GC (Ergonomics) [PSYoungGen: 4096K->4096K(4608K)] [ParOldGen: 11030K->11029K(11264K)] 15126K->15125K(15872K), [Metaspace: 3392K->3392K(1056768K)], 0.0384685 secs] [Times: user=0.11 sys=0.00, real=0.04 secs] 
Heap after GC invocations=109 (full 73):
 PSYoungGen      total 4608K, used 4096K [0x00000000ffb00000, 0x0000000100000000, 0x0000000100000000)
  eden space 4096K, 100% used [0x00000000ffb00000,0x00000000fff00000,0x00000000fff00000)
  from space 512K, 0% used [0x00000000fff80000,0x00000000fff80000,0x0000000100000000)
  to   space 512K, 0% used [0x00000000fff00000,0x00000000fff00000,0x00000000fff80000)
 ParOldGen       total 11264K, used 11029K [0x00000000ff000000, 0x00000000ffb00000, 0x00000000ffb00000)
  object space 11264K, 97% used [0x00000000ff000000,0x00000000ffac5628,0x00000000ffb00000)
 Metaspace       used 3392K, capacity 4556K, committed 4864K, reserved 1056768K
  class space    used 361K, capacity 392K, committed 512K, reserved 1048576K
}
{Heap before GC invocations=110 (full 74):
 PSYoungGen      total 4608K, used 4096K [0x00000000ffb00000, 0x0000000100000000, 0x0000000100000000)
  eden space 4096K, 100% used [0x00000000ffb00000,0x00000000fff00000,0x00000000fff00000)
  from space 512K, 0% used [0x00000000fff80000,0x00000000fff80000,0x0000000100000000)
  to   space 512K, 0% used [0x00000000fff00000,0x00000000fff00000,0x00000000fff80000)
 ParOldGen       total 11264K, used 11032K [0x00000000ff000000, 0x00000000ffb00000, 0x00000000ffb00000)
  object space 11264K, 97% used [0x00000000ff000000,0x00000000ffac6108,0x00000000ffb00000)
 Metaspace       used 3392K, capacity 4556K, committed 4864K, reserved 1056768K
  class space    used 361K, capacity 392K, committed 512K, reserved 1048576K
2020-04-16T14:21:51.937+0800: 6.978: [Full GC (Ergonomics) [PSYoungGen: 4096K->4096K(4608K)] [ParOldGen: 11032K->11031K(11264K)] 15128K->15127K(15872K), [Metaspace: 3392K->3392K(1056768K)], 0.0333694 secs] [Times: user=0.11 sys=0.00, real=0.03 secs] 
Heap after GC invocations=110 (full 74):
 PSYoungGen      total 4608K, used 4096K [0x00000000ffb00000, 0x0000000100000000, 0x0000000100000000)
  eden space 4096K, 100% used [0x00000000ffb00000,0x00000000fff00000,0x00000000fff00000)
  from space 512K, 0% used [0x00000000fff80000,0x00000000fff80000,0x0000000100000000)
  to   space 512K, 0% used [0x00000000fff00000,0x00000000fff00000,0x00000000fff80000)
 ParOldGen       total 11264K, used 11031K [0x00000000ff000000, 0x00000000ffb00000, 0x00000000ffb00000)
  object space 11264K, 97% used [0x00000000ff000000,0x00000000ffac5c80,0x00000000ffb00000)
 Metaspace       used 3392K, capacity 4556K, committed 4864K, reserved 1056768K
  class space    used 361K, capacity 392K, committed 512K, reserved 1048576K
}
{Heap before GC invocations=111 (full 75):
 PSYoungGen      total 4608K, used 4096K [0x00000000ffb00000, 0x0000000100000000, 0x0000000100000000)
  eden space 4096K, 100% used [0x00000000ffb00000,0x00000000fff00000,0x00000000fff00000)
  from space 512K, 0% used [0x00000000fff80000,0x00000000fff80000,0x0000000100000000)
  to   space 512K, 0% used [0x00000000fff00000,0x00000000fff00000,0x00000000fff80000)
 ParOldGen       total 11264K, used 11033K [0x00000000ff000000, 0x00000000ffb00000, 0x00000000ffb00000)
  object space 11264K, 97% used [0x00000000ff000000,0x00000000ffac6728,0x00000000ffb00000)
 Metaspace       used 3392K, capacity 4556K, committed 4864K, reserved 1056768K
  class space    used 361K, capacity 392K, committed 512K, reserved 1048576K
2020-04-16T14:21:51.970+0800: 7.012: [Full GC (Ergonomics) [PSYoungGen: 4096K->4096K(4608K)] [ParOldGen: 11033K->11032K(11264K)] 15129K->15128K(15872K), [Metaspace: 3392K->3392K(1056768K)], 0.0329664 secs] [Times: user=0.11 sys=0.00, real=0.03 secs] 
Heap after GC invocations=111 (full 75):
 PSYoungGen      total 4608K, used 4096K [0x00000000ffb00000, 0x0000000100000000, 0x0000000100000000)
  eden space 4096K, 100% used [0x00000000ffb00000,0x00000000fff00000,0x00000000fff00000)
  from space 512K, 0% used [0x00000000fff80000,0x00000000fff80000,0x0000000100000000)
  to   space 512K, 0% used [0x00000000fff00000,0x00000000fff00000,0x00000000fff80000)
 ParOldGen       total 11264K, used 11032K [0x00000000ff000000, 0x00000000ffb00000, 0x00000000ffb00000)
  object space 11264K, 97% used [0x00000000ff000000,0x00000000ffac6258,0x00000000ffb00000)
 Metaspace       used 3392K, capacity 4556K, committed 4864K, reserved 1056768K
  class space    used 361K, capacity 392K, committed 512K, reserved 1048576K
}
{Heap before GC invocations=112 (full 76):
 PSYoungGen      total 4608K, used 4096K [0x00000000ffb00000, 0x0000000100000000, 0x0000000100000000)
  eden space 4096K, 100% used [0x00000000ffb00000,0x00000000fff00000,0x00000000fff00000)
  from space 512K, 0% used [0x00000000fff80000,0x00000000fff80000,0x0000000100000000)
  to   space 512K, 0% used [0x00000000fff00000,0x00000000fff00000,0x00000000fff80000)
 ParOldGen       total 11264K, used 11035K [0x00000000ff000000, 0x00000000ffb00000, 0x00000000ffb00000)
  object space 11264K, 97% used [0x00000000ff000000,0x00000000ffac6d50,0x00000000ffb00000)
 Metaspace       used 3392K, capacity 4556K, committed 4864K, reserved 1056768K
  class space    used 361K, capacity 392K, committed 512K, reserved 1048576K
2020-04-16T14:21:52.003+0800: 7.045: [Full GC (Ergonomics) [PSYoungGen: 4096K->4096K(4608K)] [ParOldGen: 11035K->11034K(11264K)] 15131K->15130K(15872K), [Metaspace: 3392K->3392K(1056768K)], 0.0298497 secs] [Times: user=0.11 sys=0.00, real=0.03 secs] 
Heap after GC invocations=112 (full 76):
 PSYoungGen      total 4608K, used 4096K [0x00000000ffb00000, 0x0000000100000000, 0x0000000100000000)
  eden space 4096K, 100% used [0x00000000ffb00000,0x00000000fff00000,0x00000000fff00000)
  from space 512K, 0% used [0x00000000fff80000,0x00000000fff80000,0x0000000100000000)
  to   space 512K, 0% used [0x00000000fff00000,0x00000000fff00000,0x00000000fff80000)
 ParOldGen       total 11264K, used 11034K [0x00000000ff000000, 0x00000000ffb00000, 0x00000000ffb00000)
  object space 11264K, 97% used [0x00000000ff000000,0x00000000ffac6828,0x00000000ffb00000)
 Metaspace       used 3392K, capacity 4556K, committed 4864K, reserved 1056768K
  class space    used 361K, capacity 392K, committed 512K, reserved 1048576K
}
{Heap before GC invocations=113 (full 77):
 PSYoungGen      total 4608K, used 4096K [0x00000000ffb00000, 0x0000000100000000, 0x0000000100000000)
  eden space 4096K, 100% used [0x00000000ffb00000,0x00000000fff00000,0x00000000fff00000)
  from space 512K, 0% used [0x00000000fff80000,0x00000000fff80000,0x0000000100000000)
  to   space 512K, 0% used [0x00000000fff00000,0x00000000fff00000,0x00000000fff80000)
 ParOldGen       total 11264K, used 11036K [0x00000000ff000000, 0x00000000ffb00000, 0x00000000ffb00000)
  object space 11264K, 97% used [0x00000000ff000000,0x00000000ffac7308,0x00000000ffb00000)
 Metaspace       used 3392K, capacity 4556K, committed 4864K, reserved 1056768K
  class space    used 361K, capacity 392K, committed 512K, reserved 1048576K
2020-04-16T14:21:52.033+0800: 7.075: [Full GC (Ergonomics) [PSYoungGen: 4096K->4096K(4608K)] [ParOldGen: 11036K->11035K(11264K)] 15132K->15131K(15872K), [Metaspace: 3392K->3392K(1056768K)], 0.0290289 secs] [Times: user=0.09 sys=0.00, real=0.03 secs] 
Heap after GC invocations=113 (full 77):
 PSYoungGen      total 4608K, used 4096K [0x00000000ffb00000, 0x0000000100000000, 0x0000000100000000)
  eden space 4096K, 100% used [0x00000000ffb00000,0x00000000fff00000,0x00000000fff00000)
  from space 512K, 0% used [0x00000000fff80000,0x00000000fff80000,0x0000000100000000)
  to   space 512K, 0% used [0x00000000fff00000,0x00000000fff00000,0x00000000fff80000)
 ParOldGen       total 11264K, used 11035K [0x00000000ff000000, 0x00000000ffb00000, 0x00000000ffb00000)
  object space 11264K, 97% used [0x00000000ff000000,0x00000000ffac6e80,0x00000000ffb00000)
 Metaspace       used 3392K, capacity 4556K, committed 4864K, reserved 1056768K
  class space    used 361K, capacity 392K, committed 512K, reserved 1048576K
}
{Heap before GC invocations=114 (full 78):
 PSYoungGen      total 4608K, used 4096K [0x00000000ffb00000, 0x0000000100000000, 0x0000000100000000)
  eden space 4096K, 100% used [0x00000000ffb00000,0x00000000fff00000,0x00000000fff00000)
  from space 512K, 0% used [0x00000000fff80000,0x00000000fff80000,0x0000000100000000)
  to   space 512K, 0% used [0x00000000fff00000,0x00000000fff00000,0x00000000fff80000)
 ParOldGen       total 11264K, used 11038K [0x00000000ff000000, 0x00000000ffb00000, 0x00000000ffb00000)
  object space 11264K, 97% used [0x00000000ff000000,0x00000000ffac7928,0x00000000ffb00000)
 Metaspace       used 3392K, capacity 4556K, committed 4864K, reserved 1056768K
  class space    used 361K, capacity 392K, committed 512K, reserved 1048576K
2020-04-16T14:21:52.062+0800: 7.105: [Full GC (Ergonomics) [PSYoungGen: 4096K->4096K(4608K)] [ParOldGen: 11038K->11037K(11264K)] 15134K->15133K(15872K), [Metaspace: 3392K->3392K(1056768K)], 0.0332708 secs] [Times: user=0.11 sys=0.00, real=0.03 secs] 
Heap after GC invocations=114 (full 78):
 PSYoungGen      total 4608K, used 4096K [0x00000000ffb00000, 0x0000000100000000, 0x0000000100000000)
  eden space 4096K, 100% used [0x00000000ffb00000,0x00000000fff00000,0x00000000fff00000)
  from space 512K, 0% used [0x00000000fff80000,0x00000000fff80000,0x0000000100000000)
  to   space 512K, 0% used [0x00000000fff00000,0x00000000fff00000,0x00000000fff80000)
 ParOldGen       total 11264K, used 11037K [0x00000000ff000000, 0x00000000ffb00000, 0x00000000ffb00000)
  object space 11264K, 97% used [0x00000000ff000000,0x00000000ffac7458,0x00000000ffb00000)
 Metaspace       used 3392K, capacity 4556K, committed 4864K, reserved 1056768K
  class space    used 361K, capacity 392K, committed 512K, reserved 1048576K
}
{Heap before GC invocations=115 (full 79):
 PSYoungGen      total 4608K, used 4096K [0x00000000ffb00000, 0x0000000100000000, 0x0000000100000000)
  eden space 4096K, 100% used [0x00000000ffb00000,0x00000000fff00000,0x00000000fff00000)
  from space 512K, 0% used [0x00000000fff80000,0x00000000fff80000,0x0000000100000000)
  to   space 512K, 0% used [0x00000000fff00000,0x00000000fff00000,0x00000000fff80000)
 ParOldGen       total 11264K, used 11039K [0x00000000ff000000, 0x00000000ffb00000, 0x00000000ffb00000)
  object space 11264K, 98% used [0x00000000ff000000,0x00000000ffac7f50,0x00000000ffb00000)
 Metaspace       used 3392K, capacity 4556K, committed 4864K, reserved 1056768K
  class space    used 361K, capacity 392K, committed 512K, reserved 1048576K
2020-04-16T14:21:52.096+0800: 7.138: [Full GC (Ergonomics) [PSYoungGen: 4096K->4096K(4608K)] [ParOldGen: 11039K->11038K(11264K)] 15135K->15134K(15872K), [Metaspace: 3392K->3392K(1056768K)], 0.0293110 secs] [Times: user=0.11 sys=0.00, real=0.03 secs] 
Heap after GC invocations=115 (full 79):
 PSYoungGen      total 4608K, used 4096K [0x00000000ffb00000, 0x0000000100000000, 0x0000000100000000)
  eden space 4096K, 100% used [0x00000000ffb00000,0x00000000fff00000,0x00000000fff00000)
  from space 512K, 0% used [0x00000000fff80000,0x00000000fff80000,0x0000000100000000)
  to   space 512K, 0% used [0x00000000fff00000,0x00000000fff00000,0x00000000fff80000)
 ParOldGen       total 11264K, used 11038K [0x00000000ff000000, 0x00000000ffb00000, 0x00000000ffb00000)
  object space 11264K, 97% used [0x00000000ff000000,0x00000000ffac7a28,0x00000000ffb00000)
 Metaspace       used 3392K, capacity 4556K, committed 4864K, reserved 1056768K
  class space    used 361K, capacity 392K, committed 512K, reserved 1048576K
}
{Heap before GC invocations=116 (full 80):
 PSYoungGen      total 4608K, used 4096K [0x00000000ffb00000, 0x0000000100000000, 0x0000000100000000)
  eden space 4096K, 100% used [0x00000000ffb00000,0x00000000fff00000,0x00000000fff00000)
  from space 512K, 0% used [0x00000000fff80000,0x00000000fff80000,0x0000000100000000)
  to   space 512K, 0% used [0x00000000fff00000,0x00000000fff00000,0x00000000fff80000)
 ParOldGen       total 11264K, used 11041K [0x00000000ff000000, 0x00000000ffb00000, 0x00000000ffb00000)
  object space 11264K, 98% used [0x00000000ff000000,0x00000000ffac8508,0x00000000ffb00000)
 Metaspace       used 3392K, capacity 4556K, committed 4864K, reserved 1056768K
  class space    used 361K, capacity 392K, committed 512K, reserved 1048576K
2020-04-16T14:21:52.126+0800: 7.168: [Full GC (Ergonomics) [PSYoungGen: 4096K->4096K(4608K)] [ParOldGen: 11041K->11040K(11264K)] 15137K->15136K(15872K), [Metaspace: 3392K->3392K(1056768K)], 0.0318039 secs] [Times: user=0.09 sys=0.02, real=0.03 secs] 
Heap after GC invocations=116 (full 80):
 PSYoungGen      total 4608K, used 4096K [0x00000000ffb00000, 0x0000000100000000, 0x0000000100000000)
  eden space 4096K, 100% used [0x00000000ffb00000,0x00000000fff00000,0x00000000fff00000)
  from space 512K, 0% used [0x00000000fff80000,0x00000000fff80000,0x0000000100000000)
  to   space 512K, 0% used [0x00000000fff00000,0x00000000fff00000,0x00000000fff80000)
 ParOldGen       total 11264K, used 11040K [0x00000000ff000000, 0x00000000ffb00000, 0x00000000ffb00000)
  object space 11264K, 98% used [0x00000000ff000000,0x00000000ffac8080,0x00000000ffb00000)
 Metaspace       used 3392K, capacity 4556K, committed 4864K, reserved 1056768K
  class space    used 361K, capacity 392K, committed 512K, reserved 1048576K
}
{Heap before GC invocations=117 (full 81):
 PSYoungGen      total 4608K, used 4096K [0x00000000ffb00000, 0x0000000100000000, 0x0000000100000000)
  eden space 4096K, 100% used [0x00000000ffb00000,0x00000000fff00000,0x00000000fff00000)
  from space 512K, 0% used [0x00000000fff80000,0x00000000fff80000,0x0000000100000000)
  to   space 512K, 0% used [0x00000000fff00000,0x00000000fff00000,0x00000000fff80000)
 ParOldGen       total 11264K, used 11042K [0x00000000ff000000, 0x00000000ffb00000, 0x00000000ffb00000)
  object space 11264K, 98% used [0x00000000ff000000,0x00000000ffac8b28,0x00000000ffb00000)
 Metaspace       used 3392K, capacity 4556K, committed 4864K, reserved 1056768K
  class space    used 361K, capacity 392K, committed 512K, reserved 1048576K
2020-04-16T14:21:52.158+0800: 7.200: [Full GC (Ergonomics) [PSYoungGen: 4096K->4096K(4608K)] [ParOldGen: 11042K->11041K(11264K)] 15138K->15137K(15872K), [Metaspace: 3392K->3392K(1056768K)], 0.0307587 secs] [Times: user=0.11 sys=0.00, real=0.03 secs] 
Heap after GC invocations=117 (full 81):
 PSYoungGen      total 4608K, used 4096K [0x00000000ffb00000, 0x0000000100000000, 0x0000000100000000)
  eden space 4096K, 100% used [0x00000000ffb00000,0x00000000fff00000,0x00000000fff00000)
  from space 512K, 0% used [0x00000000fff80000,0x00000000fff80000,0x0000000100000000)
  to   space 512K, 0% used [0x00000000fff00000,0x00000000fff00000,0x00000000fff80000)
 ParOldGen       total 11264K, used 11041K [0x00000000ff000000, 0x00000000ffb00000, 0x00000000ffb00000)
  object space 11264K, 98% used [0x00000000ff000000,0x00000000ffac8658,0x00000000ffb00000)
 Metaspace       used 3392K, capacity 4556K, committed 4864K, reserved 1056768K
  class space    used 361K, capacity 392K, committed 512K, reserved 1048576K
}
{Heap before GC invocations=118 (full 82):
 PSYoungGen      total 4608K, used 4096K [0x00000000ffb00000, 0x0000000100000000, 0x0000000100000000)
  eden space 4096K, 100% used [0x00000000ffb00000,0x00000000fff00000,0x00000000fff00000)
  from space 512K, 0% used [0x00000000fff80000,0x00000000fff80000,0x0000000100000000)
  to   space 512K, 0% used [0x00000000fff00000,0x00000000fff00000,0x00000000fff80000)
 ParOldGen       total 11264K, used 11044K [0x00000000ff000000, 0x00000000ffb00000, 0x00000000ffb00000)
  object space 11264K, 98% used [0x00000000ff000000,0x00000000ffac9150,0x00000000ffb00000)
 Metaspace       used 3392K, capacity 4556K, committed 4864K, reserved 1056768K
  class space    used 361K, capacity 392K, committed 512K, reserved 1048576K
2020-04-16T14:21:52.189+0800: 7.231: [Full GC (Ergonomics) [PSYoungGen: 4096K->4096K(4608K)] [ParOldGen: 11044K->11043K(11264K)] 15140K->15139K(15872K), [Metaspace: 3392K->3392K(1056768K)], 0.0323817 secs] [Times: user=0.11 sys=0.00, real=0.03 secs] 
Heap after GC invocations=118 (full 82):
 PSYoungGen      total 4608K, used 4096K [0x00000000ffb00000, 0x0000000100000000, 0x0000000100000000)
  eden space 4096K, 100% used [0x00000000ffb00000,0x00000000fff00000,0x00000000fff00000)
  from space 512K, 0% used [0x00000000fff80000,0x00000000fff80000,0x0000000100000000)
  to   space 512K, 0% used [0x00000000fff00000,0x00000000fff00000,0x00000000fff80000)
 ParOldGen       total 11264K, used 11043K [0x00000000ff000000, 0x00000000ffb00000, 0x00000000ffb00000)
  object space 11264K, 98% used [0x00000000ff000000,0x00000000ffac8c28,0x00000000ffb00000)
 Metaspace       used 3392K, capacity 4556K, committed 4864K, reserved 1056768K
  class space    used 361K, capacity 392K, committed 512K, reserved 1048576K
}
{Heap before GC invocations=119 (full 83):
 PSYoungGen      total 4608K, used 4096K [0x00000000ffb00000, 0x0000000100000000, 0x0000000100000000)
  eden space 4096K, 100% used [0x00000000ffb00000,0x00000000fff00000,0x00000000fff00000)
  from space 512K, 0% used [0x00000000fff80000,0x00000000fff80000,0x0000000100000000)
  to   space 512K, 0% used [0x00000000fff00000,0x00000000fff00000,0x00000000fff80000)
 ParOldGen       total 11264K, used 11045K [0x00000000ff000000, 0x00000000ffb00000, 0x00000000ffb00000)
  object space 11264K, 98% used [0x00000000ff000000,0x00000000ffac9708,0x00000000ffb00000)
 Metaspace       used 3392K, capacity 4556K, committed 4864K, reserved 1056768K
  class space    used 361K, capacity 392K, committed 512K, reserved 1048576K
2020-04-16T14:21:52.222+0800: 7.263: [Full GC (Ergonomics) [PSYoungGen: 4096K->4096K(4608K)] [ParOldGen: 11045K->11044K(11264K)] 15141K->15140K(15872K), [Metaspace: 3392K->3392K(1056768K)], 0.0325075 secs] [Times: user=0.11 sys=0.00, real=0.03 secs] 
Heap after GC invocations=119 (full 83):
 PSYoungGen      total 4608K, used 4096K [0x00000000ffb00000, 0x0000000100000000, 0x0000000100000000)
  eden space 4096K, 100% used [0x00000000ffb00000,0x00000000fff00000,0x00000000fff00000)
  from space 512K, 0% used [0x00000000fff80000,0x00000000fff80000,0x0000000100000000)
  to   space 512K, 0% used [0x00000000fff00000,0x00000000fff00000,0x00000000fff80000)
 ParOldGen       total 11264K, used 11044K [0x00000000ff000000, 0x00000000ffb00000, 0x00000000ffb00000)
  object space 11264K, 98% used [0x00000000ff000000,0x00000000ffac9280,0x00000000ffb00000)
 Metaspace       used 3392K, capacity 4556K, committed 4864K, reserved 1056768K
  class space    used 361K, capacity 392K, committed 512K, reserved 1048576K
}
{Heap before GC invocations=120 (full 84):
 PSYoungGen      total 4608K, used 4096K [0x00000000ffb00000, 0x0000000100000000, 0x0000000100000000)
  eden space 4096K, 100% used [0x00000000ffb00000,0x00000000fff00000,0x00000000fff00000)
  from space 512K, 0% used [0x00000000fff80000,0x00000000fff80000,0x0000000100000000)
  to   space 512K, 0% used [0x00000000fff00000,0x00000000fff00000,0x00000000fff80000)
 ParOldGen       total 11264K, used 11047K [0x00000000ff000000, 0x00000000ffb00000, 0x00000000ffb00000)
  object space 11264K, 98% used [0x00000000ff000000,0x00000000ffac9d28,0x00000000ffb00000)
 Metaspace       used 3392K, capacity 4556K, committed 4864K, reserved 1056768K
  class space    used 361K, capacity 392K, committed 512K, reserved 1048576K
2020-04-16T14:21:52.255+0800: 7.296: [Full GC (Ergonomics) [PSYoungGen: 4096K->4096K(4608K)] [ParOldGen: 11047K->11046K(11264K)] 15143K->15142K(15872K), [Metaspace: 3392K->3392K(1056768K)], 0.0339672 secs] [Times: user=0.09 sys=0.00, real=0.03 secs] 
Heap after GC invocations=120 (full 84):
 PSYoungGen      total 4608K, used 4096K [0x00000000ffb00000, 0x0000000100000000, 0x0000000100000000)
  eden space 4096K, 100% used [0x00000000ffb00000,0x00000000fff00000,0x00000000fff00000)
  from space 512K, 0% used [0x00000000fff80000,0x00000000fff80000,0x0000000100000000)
  to   space 512K, 0% used [0x00000000fff00000,0x00000000fff00000,0x00000000fff80000)
 ParOldGen       total 11264K, used 11046K [0x00000000ff000000, 0x00000000ffb00000, 0x00000000ffb00000)
  object space 11264K, 98% used [0x00000000ff000000,0x00000000ffac9858,0x00000000ffb00000)
 Metaspace       used 3392K, capacity 4556K, committed 4864K, reserved 1056768K
  class space    used 361K, capacity 392K, committed 512K, reserved 1048576K
}
{Heap before GC invocations=121 (full 85):
 PSYoungGen      total 4608K, used 4096K [0x00000000ffb00000, 0x0000000100000000, 0x0000000100000000)
  eden space 4096K, 100% used [0x00000000ffb00000,0x00000000fff00000,0x00000000fff00000)
  from space 512K, 0% used [0x00000000fff80000,0x00000000fff80000,0x0000000100000000)
  to   space 512K, 0% used [0x00000000fff00000,0x00000000fff00000,0x00000000fff80000)
 ParOldGen       total 11264K, used 11048K [0x00000000ff000000, 0x00000000ffb00000, 0x00000000ffb00000)
  object space 11264K, 98% used [0x00000000ff000000,0x00000000ffaca350,0x00000000ffb00000)
 Metaspace       used 3392K, capacity 4556K, committed 4864K, reserved 1056768K
  class space    used 361K, capacity 392K, committed 512K, reserved 1048576K
2020-04-16T14:21:52.289+0800: 7.330: [Full GC (Ergonomics) [PSYoungGen: 4096K->4096K(4608K)] [ParOldGen: 11048K->11047K(11264K)] 15144K->15143K(15872K), [Metaspace: 3392K->3392K(1056768K)], 0.0318704 secs] [Times: user=0.09 sys=0.00, real=0.03 secs] 
Heap after GC invocations=121 (full 85):
 PSYoungGen      total 4608K, used 4096K [0x00000000ffb00000, 0x0000000100000000, 0x0000000100000000)
  eden space 4096K, 100% used [0x00000000ffb00000,0x00000000fff00000,0x00000000fff00000)
  from space 512K, 0% used [0x00000000fff80000,0x00000000fff80000,0x0000000100000000)
  to   space 512K, 0% used [0x00000000fff00000,0x00000000fff00000,0x00000000fff80000)
 ParOldGen       total 11264K, used 11047K [0x00000000ff000000, 0x00000000ffb00000, 0x00000000ffb00000)
  object space 11264K, 98% used [0x00000000ff000000,0x00000000ffac9e28,0x00000000ffb00000)
 Metaspace       used 3392K, capacity 4556K, committed 4864K, reserved 1056768K
  class space    used 361K, capacity 392K, committed 512K, reserved 1048576K
}
{Heap before GC invocations=122 (full 86):
 PSYoungGen      total 4608K, used 4096K [0x00000000ffb00000, 0x0000000100000000, 0x0000000100000000)
  eden space 4096K, 100% used [0x00000000ffb00000,0x00000000fff00000,0x00000000fff00000)
  from space 512K, 0% used [0x00000000fff80000,0x00000000fff80000,0x0000000100000000)
  to   space 512K, 0% used [0x00000000fff00000,0x00000000fff00000,0x00000000fff80000)
 ParOldGen       total 11264K, used 11050K [0x00000000ff000000, 0x00000000ffb00000, 0x00000000ffb00000)
  object space 11264K, 98% used [0x00000000ff000000,0x00000000ffaca908,0x00000000ffb00000)
 Metaspace       used 3392K, capacity 4556K, committed 4864K, reserved 1056768K
  class space    used 361K, capacity 392K, committed 512K, reserved 1048576K
2020-04-16T14:21:52.321+0800: 7.363: [Full GC (Ergonomics) [PSYoungGen: 4096K->4096K(4608K)] [ParOldGen: 11050K->11049K(11264K)] 15146K->15145K(15872K), [Metaspace: 3392K->3392K(1056768K)], 0.0340064 secs] [Times: user=0.08 sys=0.01, real=0.03 secs] 
Heap after GC invocations=122 (full 86):
 PSYoungGen      total 4608K, used 4096K [0x00000000ffb00000, 0x0000000100000000, 0x0000000100000000)
  eden space 4096K, 100% used [0x00000000ffb00000,0x00000000fff00000,0x00000000fff00000)
  from space 512K, 0% used [0x00000000fff80000,0x00000000fff80000,0x0000000100000000)
  to   space 512K, 0% used [0x00000000fff00000,0x00000000fff00000,0x00000000fff80000)
 ParOldGen       total 11264K, used 11049K [0x00000000ff000000, 0x00000000ffb00000, 0x00000000ffb00000)
  object space 11264K, 98% used [0x00000000ff000000,0x00000000ffaca480,0x00000000ffb00000)
 Metaspace       used 3392K, capacity 4556K, committed 4864K, reserved 1056768K
  class space    used 361K, capacity 392K, committed 512K, reserved 1048576K
}
{Heap before GC invocations=123 (full 87):
 PSYoungGen      total 4608K, used 4096K [0x00000000ffb00000, 0x0000000100000000, 0x0000000100000000)
  eden space 4096K, 100% used [0x00000000ffb00000,0x00000000fff00000,0x00000000fff00000)
  from space 512K, 0% used [0x00000000fff80000,0x00000000fff80000,0x0000000100000000)
  to   space 512K, 0% used [0x00000000fff00000,0x00000000fff00000,0x00000000fff80000)
 ParOldGen       total 11264K, used 11051K [0x00000000ff000000, 0x00000000ffb00000, 0x00000000ffb00000)
  object space 11264K, 98% used [0x00000000ff000000,0x00000000ffacaf28,0x00000000ffb00000)
 Metaspace       used 3392K, capacity 4556K, committed 4864K, reserved 1056768K
  class space    used 361K, capacity 392K, committed 512K, reserved 1048576K
2020-04-16T14:21:52.354+0800: 7.397: [Full GC (Ergonomics) [PSYoungGen: 4096K->4096K(4608K)] [ParOldGen: 11051K->11050K(11264K)] 15147K->15146K(15872K), [Metaspace: 3392K->3392K(1056768K)], 0.0308469 secs] [Times: user=0.09 sys=0.00, real=0.03 secs] 
Heap after GC invocations=123 (full 87):
 PSYoungGen      total 4608K, used 4096K [0x00000000ffb00000, 0x0000000100000000, 0x0000000100000000)
  eden space 4096K, 100% used [0x00000000ffb00000,0x00000000fff00000,0x00000000fff00000)
  from space 512K, 0% used [0x00000000fff80000,0x00000000fff80000,0x0000000100000000)
  to   space 512K, 0% used [0x00000000fff00000,0x00000000fff00000,0x00000000fff80000)
 ParOldGen       total 11264K, used 11050K [0x00000000ff000000, 0x00000000ffb00000, 0x00000000ffb00000)
  object space 11264K, 98% used [0x00000000ff000000,0x00000000ffacaa58,0x00000000ffb00000)
 Metaspace       used 3392K, capacity 4556K, committed 4864K, reserved 1056768K
  class space    used 361K, capacity 392K, committed 512K, reserved 1048576K
}
{Heap before GC invocations=124 (full 88):
 PSYoungGen      total 4608K, used 4096K [0x00000000ffb00000, 0x0000000100000000, 0x0000000100000000)
  eden space 4096K, 100% used [0x00000000ffb00000,0x00000000fff00000,0x00000000fff00000)
  from space 512K, 0% used [0x00000000fff80000,0x00000000fff80000,0x0000000100000000)
  to   space 512K, 0% used [0x00000000fff00000,0x00000000fff00000,0x00000000fff80000)
 ParOldGen       total 11264K, used 11053K [0x00000000ff000000, 0x00000000ffb00000, 0x00000000ffb00000)
  object space 11264K, 98% used [0x00000000ff000000,0x00000000ffacb550,0x00000000ffb00000)
 Metaspace       used 3392K, capacity 4556K, committed 4864K, reserved 1056768K
  class space    used 361K, capacity 392K, committed 512K, reserved 1048576K
2020-04-16T14:21:52.386+0800: 7.428: [Full GC (Ergonomics) [PSYoungGen: 4096K->4096K(4608K)] [ParOldGen: 11053K->11052K(11264K)] 15149K->15148K(15872K), [Metaspace: 3392K->3392K(1056768K)], 0.0332202 secs] [Times: user=0.05 sys=0.02, real=0.03 secs] 
Heap after GC invocations=124 (full 88):
 PSYoungGen      total 4608K, used 4096K [0x00000000ffb00000, 0x0000000100000000, 0x0000000100000000)
  eden space 4096K, 100% used [0x00000000ffb00000,0x00000000fff00000,0x00000000fff00000)
  from space 512K, 0% used [0x00000000fff80000,0x00000000fff80000,0x0000000100000000)
  to   space 512K, 0% used [0x00000000fff00000,0x00000000fff00000,0x00000000fff80000)
 ParOldGen       total 11264K, used 11052K [0x00000000ff000000, 0x00000000ffb00000, 0x00000000ffb00000)
  object space 11264K, 98% used [0x00000000ff000000,0x00000000ffacb028,0x00000000ffb00000)
 Metaspace       used 3392K, capacity 4556K, committed 4864K, reserved 1056768K
  class space    used 361K, capacity 392K, committed 512K, reserved 1048576K
}
{Heap before GC invocations=125 (full 89):
 PSYoungGen      total 4608K, used 4096K [0x00000000ffb00000, 0x0000000100000000, 0x0000000100000000)
  eden space 4096K, 100% used [0x00000000ffb00000,0x00000000fff00000,0x00000000fff00000)
  from space 512K, 0% used [0x00000000fff80000,0x00000000fff80000,0x0000000100000000)
  to   space 512K, 0% used [0x00000000fff00000,0x00000000fff00000,0x00000000fff80000)
 ParOldGen       total 11264K, used 11054K [0x00000000ff000000, 0x00000000ffb00000, 0x00000000ffb00000)
  object space 11264K, 98% used [0x00000000ff000000,0x00000000ffacbb08,0x00000000ffb00000)
 Metaspace       used 3392K, capacity 4556K, committed 4864K, reserved 1056768K
  class space    used 361K, capacity 392K, committed 512K, reserved 1048576K
2020-04-16T14:21:52.419+0800: 7.461: [Full GC (Ergonomics) [PSYoungGen: 4096K->4096K(4608K)] [ParOldGen: 11054K->11053K(11264K)] 15150K->15149K(15872K), [Metaspace: 3392K->3392K(1056768K)], 0.0330143 secs] [Times: user=0.16 sys=0.00, real=0.03 secs] 
Heap after GC invocations=125 (full 89):
 PSYoungGen      total 4608K, used 4096K [0x00000000ffb00000, 0x0000000100000000, 0x0000000100000000)
  eden space 4096K, 100% used [0x00000000ffb00000,0x00000000fff00000,0x00000000fff00000)
  from space 512K, 0% used [0x00000000fff80000,0x00000000fff80000,0x0000000100000000)
  to   space 512K, 0% used [0x00000000fff00000,0x00000000fff00000,0x00000000fff80000)
 ParOldGen       total 11264K, used 11053K [0x00000000ff000000, 0x00000000ffb00000, 0x00000000ffb00000)
  object space 11264K, 98% used [0x00000000ff000000,0x00000000ffacb680,0x00000000ffb00000)
 Metaspace       used 3392K, capacity 4556K, committed 4864K, reserved 1056768K
  class space    used 361K, capacity 392K, committed 512K, reserved 1048576K
}
{Heap before GC invocations=126 (full 90):
 PSYoungGen      total 4608K, used 4096K [0x00000000ffb00000, 0x0000000100000000, 0x0000000100000000)
  eden space 4096K, 100% used [0x00000000ffb00000,0x00000000fff00000,0x00000000fff00000)
  from space 512K, 0% used [0x00000000fff80000,0x00000000fff80000,0x0000000100000000)
  to   space 512K, 0% used [0x00000000fff00000,0x00000000fff00000,0x00000000fff80000)
 ParOldGen       total 11264K, used 11056K [0x00000000ff000000, 0x00000000ffb00000, 0x00000000ffb00000)
  object space 11264K, 98% used [0x00000000ff000000,0x00000000ffacc128,0x00000000ffb00000)
 Metaspace       used 3392K, capacity 4556K, committed 4864K, reserved 1056768K
  class space    used 361K, capacity 392K, committed 512K, reserved 1048576K
2020-04-16T14:21:52.452+0800: 7.495: [Full GC (Ergonomics) [PSYoungGen: 4096K->4096K(4608K)] [ParOldGen: 11056K->11055K(11264K)] 15152K->15151K(15872K), [Metaspace: 3392K->3392K(1056768K)], 0.0325654 secs] [Times: user=0.08 sys=0.01, real=0.03 secs] 
Heap after GC invocations=126 (full 90):
 PSYoungGen      total 4608K, used 4096K [0x00000000ffb00000, 0x0000000100000000, 0x0000000100000000)
  eden space 4096K, 100% used [0x00000000ffb00000,0x00000000fff00000,0x00000000fff00000)
  from space 512K, 0% used [0x00000000fff80000,0x00000000fff80000,0x0000000100000000)
  to   space 512K, 0% used [0x00000000fff00000,0x00000000fff00000,0x00000000fff80000)
 ParOldGen       total 11264K, used 11055K [0x00000000ff000000, 0x00000000ffb00000, 0x00000000ffb00000)
  object space 11264K, 98% used [0x00000000ff000000,0x00000000ffacbc58,0x00000000ffb00000)
 Metaspace       used 3392K, capacity 4556K, committed 4864K, reserved 1056768K
  class space    used 361K, capacity 392K, committed 512K, reserved 1048576K
}
{Heap before GC invocations=127 (full 91):
 PSYoungGen      total 4608K, used 4096K [0x00000000ffb00000, 0x0000000100000000, 0x0000000100000000)
  eden space 4096K, 100% used [0x00000000ffb00000,0x00000000fff00000,0x00000000fff00000)
  from space 512K, 0% used [0x00000000fff80000,0x00000000fff80000,0x0000000100000000)
  to   space 512K, 0% used [0x00000000fff00000,0x00000000fff00000,0x00000000fff80000)
 ParOldGen       total 11264K, used 11057K [0x00000000ff000000, 0x00000000ffb00000, 0x00000000ffb00000)
  object space 11264K, 98% used [0x00000000ff000000,0x00000000ffacc750,0x00000000ffb00000)
 Metaspace       used 3392K, capacity 4556K, committed 4864K, reserved 1056768K
  class space    used 361K, capacity 392K, committed 512K, reserved 1048576K
2020-04-16T14:21:52.485+0800: 7.527: [Full GC (Ergonomics) [PSYoungGen: 4096K->4096K(4608K)] [ParOldGen: 11057K->11056K(11264K)] 15153K->15152K(15872K), [Metaspace: 3392K->3392K(1056768K)], 0.0293116 secs] [Times: user=0.06 sys=0.03, real=0.03 secs] 
Heap after GC invocations=127 (full 91):
 PSYoungGen      total 4608K, used 4096K [0x00000000ffb00000, 0x0000000100000000, 0x0000000100000000)
  eden space 4096K, 100% used [0x00000000ffb00000,0x00000000fff00000,0x00000000fff00000)
  from space 512K, 0% used [0x00000000fff80000,0x00000000fff80000,0x0000000100000000)
  to   space 512K, 0% used [0x00000000fff00000,0x00000000fff00000,0x00000000fff80000)
 ParOldGen       total 11264K, used 11056K [0x00000000ff000000, 0x00000000ffb00000, 0x00000000ffb00000)
  object space 11264K, 98% used [0x00000000ff000000,0x00000000ffacc228,0x00000000ffb00000)
 Metaspace       used 3392K, capacity 4556K, committed 4864K, reserved 1056768K
  class space    used 361K, capacity 392K, committed 512K, reserved 1048576K
}
{Heap before GC invocations=128 (full 92):
 PSYoungGen      total 4608K, used 4096K [0x00000000ffb00000, 0x0000000100000000, 0x0000000100000000)
  eden space 4096K, 100% used [0x00000000ffb00000,0x00000000fff00000,0x00000000fff00000)
  from space 512K, 0% used [0x00000000fff80000,0x00000000fff80000,0x0000000100000000)
  to   space 512K, 0% used [0x00000000fff00000,0x00000000fff00000,0x00000000fff80000)
 ParOldGen       total 11264K, used 11059K [0x00000000ff000000, 0x00000000ffb00000, 0x00000000ffb00000)
  object space 11264K, 98% used [0x00000000ff000000,0x00000000ffaccd08,0x00000000ffb00000)
 Metaspace       used 3392K, capacity 4556K, committed 4864K, reserved 1056768K
  class space    used 361K, capacity 392K, committed 512K, reserved 1048576K
2020-04-16T14:21:52.515+0800: 7.557: [Full GC (Ergonomics) [PSYoungGen: 4096K->4096K(4608K)] [ParOldGen: 11059K->11058K(11264K)] 15155K->15154K(15872K), [Metaspace: 3392K->3392K(1056768K)], 0.0294534 secs] [Times: user=0.05 sys=0.00, real=0.03 secs] 
Heap after GC invocations=128 (full 92):
 PSYoungGen      total 4608K, used 4096K [0x00000000ffb00000, 0x0000000100000000, 0x0000000100000000)
  eden space 4096K, 100% used [0x00000000ffb00000,0x00000000fff00000,0x00000000fff00000)
  from space 512K, 0% used [0x00000000fff80000,0x00000000fff80000,0x0000000100000000)
  to   space 512K, 0% used [0x00000000fff00000,0x00000000fff00000,0x00000000fff80000)
 ParOldGen       total 11264K, used 11058K [0x00000000ff000000, 0x00000000ffb00000, 0x00000000ffb00000)
  object space 11264K, 98% used [0x00000000ff000000,0x00000000ffacc880,0x00000000ffb00000)
 Metaspace       used 3392K, capacity 4556K, committed 4864K, reserved 1056768K
  class space    used 361K, capacity 392K, committed 512K, reserved 1048576K
}
{Heap before GC invocations=129 (full 93):
 PSYoungGen      total 4608K, used 4096K [0x00000000ffb00000, 0x0000000100000000, 0x0000000100000000)
  eden space 4096K, 100% used [0x00000000ffb00000,0x00000000fff00000,0x00000000fff00000)
  from space 512K, 0% used [0x00000000fff80000,0x00000000fff80000,0x0000000100000000)
  to   space 512K, 0% used [0x00000000fff00000,0x00000000fff00000,0x00000000fff80000)
 ParOldGen       total 11264K, used 11088K [0x00000000ff000000, 0x00000000ffb00000, 0x00000000ffb00000)
  object space 11264K, 98% used [0x00000000ff000000,0x00000000ffad4150,0x00000000ffb00000)
 Metaspace       used 3416K, capacity 4556K, committed 4864K, reserved 1056768K
  class space    used 364K, capacity 392K, committed 512K, reserved 1048576K
2020-04-16T14:21:52.546+0800: 7.588: [Full GC (Ergonomics) [PSYoungGen: 4096K->0K(4608K)] [ParOldGen: 11088K->892K(11264K)] 15184K->892K(15872K), [Metaspace: 3416K->3416K(1056768K)], 0.0075365 secs] [Times: user=0.00 sys=0.00, real=0.01 secs] 
Heap after GC invocations=129 (full 93):
 PSYoungGen      total 4608K, used 0K [0x00000000ffb00000, 0x0000000100000000, 0x0000000100000000)
  eden space 4096K, 0% used [0x00000000ffb00000,0x00000000ffb00000,0x00000000fff00000)
  from space 512K, 0% used [0x00000000fff80000,0x00000000fff80000,0x0000000100000000)
  to   space 512K, 0% used [0x00000000fff00000,0x00000000fff00000,0x00000000fff80000)
 ParOldGen       total 11264K, used 892K [0x00000000ff000000, 0x00000000ffb00000, 0x00000000ffb00000)
  object space 11264K, 7% used [0x00000000ff000000,0x00000000ff0df000,0x00000000ffb00000)
 Metaspace       used 3416K, capacity 4556K, committed 4864K, reserved 1056768K
  class space    used 364K, capacity 392K, committed 512K, reserved 1048576K
}
Heap
 PSYoungGen      total 4608K, used 86K [0x00000000ffb00000, 0x0000000100000000, 0x0000000100000000)
  eden space 4096K, 2% used [0x00000000ffb00000,0x00000000ffb15a70,0x00000000fff00000)
  from space 512K, 0% used [0x00000000fff80000,0x00000000fff80000,0x0000000100000000)
  to   space 512K, 0% used [0x00000000fff00000,0x00000000fff00000,0x00000000fff80000)
 ParOldGen       total 11264K, used 892K [0x00000000ff000000, 0x00000000ffb00000, 0x00000000ffb00000)
  object space 11264K, 7% used [0x00000000ff000000,0x00000000ff0df000,0x00000000ffb00000)
 Metaspace       used 3423K, capacity 4556K, committed 4864K, reserved 1056768K
  class space    used 364K, capacity 392K, committed 512K, reserved 1048576K
